C:/Users/HanLab/AppData/Local/Arm/Packs/ARM/CMSIS/5.9.0/CMSIS/DSP/Source/BasicMathFunctions/BasicMathFunctions.c:113:arm_abs_f32	0	static
C:/Users/HanLab/AppData/Local/Arm/Packs/ARM/CMSIS/5.9.0/CMSIS/DSP/Source/BasicMathFunctions/BasicMathFunctions.c:49:arm_abs_f64	8	static
C:/Users/HanLab/AppData/Local/Arm/Packs/ARM/CMSIS/5.9.0/CMSIS/DSP/Source/BasicMathFunctions/BasicMathFunctions.c:97:arm_abs_q15	0	static
C:/Users/HanLab/AppData/Local/Arm/Packs/ARM/CMSIS/5.9.0/CMSIS/DSP/Source/BasicMathFunctions/BasicMathFunctions.c:99:arm_abs_q31	0	static
C:/Users/HanLab/AppData/Local/Arm/Packs/ARM/CMSIS/5.9.0/CMSIS/DSP/Source/BasicMathFunctions/BasicMathFunctions.c:99:arm_abs_q7	0	static
C:/Users/HanLab/AppData/Local/Arm/Packs/ARM/CMSIS/5.9.0/CMSIS/DSP/Source/BasicMathFunctions/BasicMathFunctions.c:114:arm_add_f32	0	static
C:/Users/HanLab/AppData/Local/Arm/Packs/ARM/CMSIS/5.9.0/CMSIS/DSP/Source/BasicMathFunctions/BasicMathFunctions.c:49:arm_add_f64	24	static
C:/Users/HanLab/AppData/Local/Arm/Packs/ARM/CMSIS/5.9.0/CMSIS/DSP/Source/BasicMathFunctions/BasicMathFunctions.c:103:arm_add_q15	8	static
C:/Users/HanLab/AppData/Local/Arm/Packs/ARM/CMSIS/5.9.0/CMSIS/DSP/Source/BasicMathFunctions/BasicMathFunctions.c:103:arm_add_q31	8	static
C:/Users/HanLab/AppData/Local/Arm/Packs/ARM/CMSIS/5.9.0/CMSIS/DSP/Source/BasicMathFunctions/BasicMathFunctions.c:103:arm_add_q7	8	static
C:/Users/HanLab/AppData/Local/Arm/Packs/ARM/CMSIS/5.9.0/CMSIS/DSP/Source/BasicMathFunctions/BasicMathFunctions.c:57:arm_and_u16	8	static
C:/Users/HanLab/AppData/Local/Arm/Packs/ARM/CMSIS/5.9.0/CMSIS/DSP/Source/BasicMathFunctions/BasicMathFunctions.c:49:arm_and_u32	8	static
C:/Users/HanLab/AppData/Local/Arm/Packs/ARM/CMSIS/5.9.0/CMSIS/DSP/Source/BasicMathFunctions/BasicMathFunctions.c:50:arm_and_u8	8	static
C:/Users/HanLab/AppData/Local/Arm/Packs/ARM/CMSIS/5.9.0/CMSIS/DSP/Source/BasicMathFunctions/BasicMathFunctions.c:122:arm_dot_prod_f32	0	static
C:/Users/HanLab/AppData/Local/Arm/Packs/ARM/CMSIS/5.9.0/CMSIS/DSP/Source/BasicMathFunctions/BasicMathFunctions.c:49:arm_dot_prod_f64	32	static
C:/Users/HanLab/AppData/Local/Arm/Packs/ARM/CMSIS/5.9.0/CMSIS/DSP/Source/BasicMathFunctions/BasicMathFunctions.c:107:arm_dot_prod_q15	16	static
C:/Users/HanLab/AppData/Local/Arm/Packs/ARM/CMSIS/5.9.0/CMSIS/DSP/Source/BasicMathFunctions/BasicMathFunctions.c:115:arm_dot_prod_q31	16	static
C:/Users/HanLab/AppData/Local/Arm/Packs/ARM/CMSIS/5.9.0/CMSIS/DSP/Source/BasicMathFunctions/BasicMathFunctions.c:107:arm_dot_prod_q7	8	static
C:/Users/HanLab/AppData/Local/Arm/Packs/ARM/CMSIS/5.9.0/CMSIS/DSP/Source/BasicMathFunctions/BasicMathFunctions.c:112:arm_mult_f32	0	static
C:/Users/HanLab/AppData/Local/Arm/Packs/ARM/CMSIS/5.9.0/CMSIS/DSP/Source/BasicMathFunctions/BasicMathFunctions.c:49:arm_mult_f64	24	static
C:/Users/HanLab/AppData/Local/Arm/Packs/ARM/CMSIS/5.9.0/CMSIS/DSP/Source/BasicMathFunctions/BasicMathFunctions.c:101:arm_mult_q15	8	static
C:/Users/HanLab/AppData/Local/Arm/Packs/ARM/CMSIS/5.9.0/CMSIS/DSP/Source/BasicMathFunctions/BasicMathFunctions.c:101:arm_mult_q31	8	static
C:/Users/HanLab/AppData/Local/Arm/Packs/ARM/CMSIS/5.9.0/CMSIS/DSP/Source/BasicMathFunctions/BasicMathFunctions.c:101:arm_mult_q7	8	static
C:/Users/HanLab/AppData/Local/Arm/Packs/ARM/CMSIS/5.9.0/CMSIS/DSP/Source/BasicMathFunctions/BasicMathFunctions.c:108:arm_negate_f32	0	static
C:/Users/HanLab/AppData/Local/Arm/Packs/ARM/CMSIS/5.9.0/CMSIS/DSP/Source/BasicMathFunctions/BasicMathFunctions.c:48:arm_negate_f64	8	static
C:/Users/HanLab/AppData/Local/Arm/Packs/ARM/CMSIS/5.9.0/CMSIS/DSP/Source/BasicMathFunctions/BasicMathFunctions.c:98:arm_negate_q15	0	static
C:/Users/HanLab/AppData/Local/Arm/Packs/ARM/CMSIS/5.9.0/CMSIS/DSP/Source/BasicMathFunctions/BasicMathFunctions.c:97:arm_negate_q31	0	static
C:/Users/HanLab/AppData/Local/Arm/Packs/ARM/CMSIS/5.9.0/CMSIS/DSP/Source/BasicMathFunctions/BasicMathFunctions.c:96:arm_negate_q7	0	static
C:/Users/HanLab/AppData/Local/Arm/Packs/ARM/CMSIS/5.9.0/CMSIS/DSP/Source/BasicMathFunctions/BasicMathFunctions.c:56:arm_not_u16	0	static
C:/Users/HanLab/AppData/Local/Arm/Packs/ARM/CMSIS/5.9.0/CMSIS/DSP/Source/BasicMathFunctions/BasicMathFunctions.c:48:arm_not_u32	0	static
C:/Users/HanLab/AppData/Local/Arm/Packs/ARM/CMSIS/5.9.0/CMSIS/DSP/Source/BasicMathFunctions/BasicMathFunctions.c:48:arm_not_u8	0	static
C:/Users/HanLab/AppData/Local/Arm/Packs/ARM/CMSIS/5.9.0/CMSIS/DSP/Source/BasicMathFunctions/BasicMathFunctions.c:111:arm_offset_f32	0	static
C:/Users/HanLab/AppData/Local/Arm/Packs/ARM/CMSIS/5.9.0/CMSIS/DSP/Source/BasicMathFunctions/BasicMathFunctions.c:49:arm_offset_f64	24	static
C:/Users/HanLab/AppData/Local/Arm/Packs/ARM/CMSIS/5.9.0/CMSIS/DSP/Source/BasicMathFunctions/BasicMathFunctions.c:99:arm_offset_q15	0	static
C:/Users/HanLab/AppData/Local/Arm/Packs/ARM/CMSIS/5.9.0/CMSIS/DSP/Source/BasicMathFunctions/BasicMathFunctions.c:99:arm_offset_q31	0	static
C:/Users/HanLab/AppData/Local/Arm/Packs/ARM/CMSIS/5.9.0/CMSIS/DSP/Source/BasicMathFunctions/BasicMathFunctions.c:98:arm_offset_q7	0	static
C:/Users/HanLab/AppData/Local/Arm/Packs/ARM/CMSIS/5.9.0/CMSIS/DSP/Source/BasicMathFunctions/BasicMathFunctions.c:57:arm_or_u16	8	static
C:/Users/HanLab/AppData/Local/Arm/Packs/ARM/CMSIS/5.9.0/CMSIS/DSP/Source/BasicMathFunctions/BasicMathFunctions.c:49:arm_or_u32	8	static
C:/Users/HanLab/AppData/Local/Arm/Packs/ARM/CMSIS/5.9.0/CMSIS/DSP/Source/BasicMathFunctions/BasicMathFunctions.c:49:arm_or_u8	8	static
C:/Users/HanLab/AppData/Local/Arm/Packs/ARM/CMSIS/5.9.0/CMSIS/DSP/Source/BasicMathFunctions/BasicMathFunctions.c:125:arm_scale_f32	0	static
C:/Users/HanLab/AppData/Local/Arm/Packs/ARM/CMSIS/5.9.0/CMSIS/DSP/Source/BasicMathFunctions/BasicMathFunctions.c:49:arm_scale_f64	24	static
C:/Users/HanLab/AppData/Local/Arm/Packs/ARM/CMSIS/5.9.0/CMSIS/DSP/Source/BasicMathFunctions/BasicMathFunctions.c:110:arm_scale_q15	8	static
C:/Users/HanLab/AppData/Local/Arm/Packs/ARM/CMSIS/5.9.0/CMSIS/DSP/Source/BasicMathFunctions/BasicMathFunctions.c:106:arm_scale_q31	16	static
C:/Users/HanLab/AppData/Local/Arm/Packs/ARM/CMSIS/5.9.0/CMSIS/DSP/Source/BasicMathFunctions/BasicMathFunctions.c:110:arm_scale_q7	8	static
C:/Users/HanLab/AppData/Local/Arm/Packs/ARM/CMSIS/5.9.0/CMSIS/DSP/Source/BasicMathFunctions/BasicMathFunctions.c:102:arm_shift_q15	0	static
C:/Users/HanLab/AppData/Local/Arm/Packs/ARM/CMSIS/5.9.0/CMSIS/DSP/Source/BasicMathFunctions/BasicMathFunctions.c:120:arm_shift_q31	28	static
C:/Users/HanLab/AppData/Local/Arm/Packs/ARM/CMSIS/5.9.0/CMSIS/DSP/Source/BasicMathFunctions/BasicMathFunctions.c:104:arm_shift_q7	0	static
C:/Users/HanLab/AppData/Local/Arm/Packs/ARM/CMSIS/5.9.0/CMSIS/DSP/Source/BasicMathFunctions/BasicMathFunctions.c:114:arm_sub_f32	0	static
C:/Users/HanLab/AppData/Local/Arm/Packs/ARM/CMSIS/5.9.0/CMSIS/DSP/Source/BasicMathFunctions/BasicMathFunctions.c:49:arm_sub_f64	24	static
C:/Users/HanLab/AppData/Local/Arm/Packs/ARM/CMSIS/5.9.0/CMSIS/DSP/Source/BasicMathFunctions/BasicMathFunctions.c:104:arm_sub_q15	8	static
C:/Users/HanLab/AppData/Local/Arm/Packs/ARM/CMSIS/5.9.0/CMSIS/DSP/Source/BasicMathFunctions/BasicMathFunctions.c:103:arm_sub_q31	8	static
C:/Users/HanLab/AppData/Local/Arm/Packs/ARM/CMSIS/5.9.0/CMSIS/DSP/Source/BasicMathFunctions/BasicMathFunctions.c:101:arm_sub_q7	8	static
C:/Users/HanLab/AppData/Local/Arm/Packs/ARM/CMSIS/5.9.0/CMSIS/DSP/Source/BasicMathFunctions/BasicMathFunctions.c:57:arm_xor_u16	8	static
C:/Users/HanLab/AppData/Local/Arm/Packs/ARM/CMSIS/5.9.0/CMSIS/DSP/Source/BasicMathFunctions/BasicMathFunctions.c:49:arm_xor_u32	8	static
C:/Users/HanLab/AppData/Local/Arm/Packs/ARM/CMSIS/5.9.0/CMSIS/DSP/Source/BasicMathFunctions/BasicMathFunctions.c:49:arm_xor_u8	8	static
C:/Users/HanLab/AppData/Local/Arm/Packs/ARM/CMSIS/5.9.0/CMSIS/DSP/Source/BasicMathFunctions/BasicMathFunctions.c:123:arm_clip_f32	0	static
C:/Users/HanLab/AppData/Local/Arm/Packs/ARM/CMSIS/5.9.0/CMSIS/DSP/Source/BasicMathFunctions/BasicMathFunctions.c:113:arm_clip_q31	8	static
C:/Users/HanLab/AppData/Local/Arm/Packs/ARM/CMSIS/5.9.0/CMSIS/DSP/Source/BasicMathFunctions/BasicMathFunctions.c:113:arm_clip_q15	8	static
C:/Users/HanLab/AppData/Local/Arm/Packs/ARM/CMSIS/5.9.0/CMSIS/DSP/Source/BasicMathFunctions/BasicMathFunctions.c:113:arm_clip_q7	8	static
