C:/Users/HanLab/AppData/Local/Arm/Packs/ARM/CMSIS/5.9.0/CMSIS/DSP/Source/BasicMathFunctions/BasicMathFunctionsF16.c:114:arm_abs_f16	0	static
C:/Users/HanLab/AppData/Local/Arm/Packs/ARM/CMSIS/5.9.0/CMSIS/DSP/Source/BasicMathFunctions/BasicMathFunctionsF16.c:115:arm_add_f16	0	static
C:/Users/HanLab/AppData/Local/Arm/Packs/ARM/CMSIS/5.9.0/CMSIS/DSP/Source/BasicMathFunctions/BasicMathFunctionsF16.c:122:arm_dot_prod_f16	0	static
C:/Users/HanLab/AppData/Local/Arm/Packs/ARM/CMSIS/5.9.0/CMSIS/DSP/Source/BasicMathFunctions/BasicMathFunctionsF16.c:114:arm_mult_f16	0	static
C:/Users/HanLab/AppData/Local/Arm/Packs/ARM/CMSIS/5.9.0/CMSIS/DSP/Source/BasicMathFunctions/BasicMathFunctionsF16.c:109:arm_negate_f16	0	static
C:/Users/HanLab/AppData/Local/Arm/Packs/ARM/CMSIS/5.9.0/CMSIS/DSP/Source/BasicMathFunctions/BasicMathFunctionsF16.c:112:arm_offset_f16	0	static
C:/Users/HanLab/AppData/Local/Arm/Packs/ARM/CMSIS/5.9.0/CMSIS/DSP/Source/BasicMathFunctions/BasicMathFunctionsF16.c:126:arm_scale_f16	0	static
C:/Users/HanLab/AppData/Local/Arm/Packs/ARM/CMSIS/5.9.0/CMSIS/DSP/Source/BasicMathFunctions/BasicMathFunctionsF16.c:114:arm_sub_f16	0	static
C:/Users/HanLab/AppData/Local/Arm/Packs/ARM/CMSIS/5.9.0/CMSIS/DSP/Source/BasicMathFunctions/BasicMathFunctionsF16.c:118:arm_clip_f16	0	static
