C:/Users/HanLab/AppData/Local/Arm/Packs/ARM/CMSIS/5.9.0/CMSIS/DSP/Source/ComplexMathFunctions/ComplexMathFunctions.c:123:arm_cmplx_conj_f32	0	static
C:/Users/HanLab/AppData/Local/Arm/Packs/ARM/CMSIS/5.9.0/CMSIS/DSP/Source/ComplexMathFunctions/ComplexMathFunctions.c:101:arm_cmplx_conj_q15	0	static
C:/Users/HanLab/AppData/Local/Arm/Packs/ARM/CMSIS/5.9.0/CMSIS/DSP/Source/ComplexMathFunctions/ComplexMathFunctions.c:107:arm_cmplx_conj_q31	0	static
C:/Users/HanLab/AppData/Local/Arm/Packs/ARM/CMSIS/5.9.0/CMSIS/DSP/Source/ComplexMathFunctions/ComplexMathFunctions.c:183:arm_cmplx_dot_prod_f32	0	static
C:/Users/HanLab/AppData/Local/Arm/Packs/ARM/CMSIS/5.9.0/CMSIS/DSP/Source/ComplexMathFunctions/ComplexMathFunctions.c:159:arm_cmplx_dot_prod_q15	36	static
C:/Users/HanLab/AppData/Local/Arm/Packs/ARM/CMSIS/5.9.0/CMSIS/DSP/Source/ComplexMathFunctions/ComplexMathFunctions.c:163:arm_cmplx_dot_prod_q31	56	static
C:/Users/HanLab/AppData/Local/Arm/Packs/ARM/CMSIS/5.9.0/CMSIS/DSP/Source/ComplexMathFunctions/ComplexMathFunctions.c:156:arm_cmplx_mag_f32	16	static
C:/Users/HanLab/AppData/Local/Arm/Packs/ARM/CMSIS/5.9.0/CMSIS/DSP/Source/ComplexMathFunctions/ComplexMathFunctions.c:71:arm_cmplx_mag_f64	32	static
C:/Users/HanLab/AppData/Local/Arm/Packs/ARM/CMSIS/5.9.0/CMSIS/DSP/Source/ComplexMathFunctions/ComplexMathFunctions.c:144:arm_cmplx_mag_q15	24	static
C:/Users/HanLab/AppData/Local/Arm/Packs/ARM/CMSIS/5.9.0/CMSIS/DSP/Source/ComplexMathFunctions/ComplexMathFunctions.c:111:arm_cmplx_mag_fast_q15	16	static
C:/Users/HanLab/AppData/Local/Arm/Packs/ARM/CMSIS/5.9.0/CMSIS/DSP/Source/ComplexMathFunctions/ComplexMathFunctions.c:122:arm_cmplx_mag_q31	16	static
C:/Users/HanLab/AppData/Local/Arm/Packs/ARM/CMSIS/5.9.0/CMSIS/DSP/Source/ComplexMathFunctions/ComplexMathFunctions.c:122:arm_cmplx_mag_squared_f32	0	static
C:/Users/HanLab/AppData/Local/Arm/Packs/ARM/CMSIS/5.9.0/CMSIS/DSP/Source/ComplexMathFunctions/ComplexMathFunctions.c:47:arm_cmplx_mag_squared_f64	32	static
C:/Users/HanLab/AppData/Local/Arm/Packs/ARM/CMSIS/5.9.0/CMSIS/DSP/Source/ComplexMathFunctions/ComplexMathFunctions.c:109:arm_cmplx_mag_squared_q15	0	static
C:/Users/HanLab/AppData/Local/Arm/Packs/ARM/CMSIS/5.9.0/CMSIS/DSP/Source/ComplexMathFunctions/ComplexMathFunctions.c:108:arm_cmplx_mag_squared_q31	8	static
C:/Users/HanLab/AppData/Local/Arm/Packs/ARM/CMSIS/5.9.0/CMSIS/DSP/Source/ComplexMathFunctions/ComplexMathFunctions.c:182:arm_cmplx_mult_cmplx_f32	0	static
C:/Users/HanLab/AppData/Local/Arm/Packs/ARM/CMSIS/5.9.0/CMSIS/DSP/Source/ComplexMathFunctions/ComplexMathFunctions.c:49:arm_cmplx_mult_cmplx_f64	80	static
C:/Users/HanLab/AppData/Local/Arm/Packs/ARM/CMSIS/5.9.0/CMSIS/DSP/Source/ComplexMathFunctions/ComplexMathFunctions.c:173:arm_cmplx_mult_cmplx_q15	20	static
C:/Users/HanLab/AppData/Local/Arm/Packs/ARM/CMSIS/5.9.0/CMSIS/DSP/Source/ComplexMathFunctions/ComplexMathFunctions.c:168:arm_cmplx_mult_cmplx_q31	20	static
C:/Users/HanLab/AppData/Local/Arm/Packs/ARM/CMSIS/5.9.0/CMSIS/DSP/Source/ComplexMathFunctions/ComplexMathFunctions.c:126:arm_cmplx_mult_real_f32	0	static
C:/Users/HanLab/AppData/Local/Arm/Packs/ARM/CMSIS/5.9.0/CMSIS/DSP/Source/ComplexMathFunctions/ComplexMathFunctions.c:108:arm_cmplx_mult_real_q15	8	static
C:/Users/HanLab/AppData/Local/Arm/Packs/ARM/CMSIS/5.9.0/CMSIS/DSP/Source/ComplexMathFunctions/ComplexMathFunctions.c:108:arm_cmplx_mult_real_q31	8	static
