C:/Users/HanLab/AppData/Local/Arm/Packs/ARM/CMSIS/5.9.0/CMSIS/DSP/Source/ControllerFunctions/ControllerFunctions.c:51:arm_pid_init_f32	0	static
C:/Users/HanLab/AppData/Local/Arm/Packs/ARM/CMSIS/5.9.0/CMSIS/DSP/Source/ControllerFunctions/ControllerFunctions.c:51:arm_pid_init_q15	8	static
C:/Users/HanLab/AppData/Local/Arm/Packs/ARM/CMSIS/5.9.0/CMSIS/DSP/Source/ControllerFunctions/ControllerFunctions.c:51:arm_pid_init_q31	8	static
C:/Users/HanLab/AppData/Local/Arm/Packs/ARM/CMSIS/5.9.0/CMSIS/DSP/Source/ControllerFunctions/ControllerFunctions.c:45:arm_pid_reset_f32	0	static
C:/Users/HanLab/AppData/Local/Arm/Packs/ARM/CMSIS/5.9.0/CMSIS/DSP/Source/ControllerFunctions/ControllerFunctions.c:45:arm_pid_reset_q15	0	static
C:/Users/HanLab/AppData/Local/Arm/Packs/ARM/CMSIS/5.9.0/CMSIS/DSP/Source/ControllerFunctions/ControllerFunctions.c:45:arm_pid_reset_q31	0	static
C:/Users/HanLab/AppData/Local/Arm/Packs/ARM/CMSIS/5.9.0/CMSIS/DSP/Source/ControllerFunctions/ControllerFunctions.c:74:arm_sin_cos_f32	8	static
C:/Users/HanLab/AppData/Local/Arm/Packs/ARM/CMSIS/5.9.0/CMSIS/DSP/Source/ControllerFunctions/ControllerFunctions.c:51:arm_sin_cos_q31	72	static
