C:/Users/HanLab/AppData/Local/Arm/Packs/ARM/CMSIS/5.9.0/CMSIS/DSP/Source/DistanceFunctions/DistanceFunctions.c:442:arm_boolean_distance_TT_TF_FT	40	static
C:/Users/HanLab/AppData/Local/Arm/Packs/ARM/CMSIS/5.9.0/CMSIS/DSP/Source/DistanceFunctions/DistanceFunctions.c:442:arm_boolean_distance_TF_FT	28	static
C:/Users/HanLab/AppData/Local/Arm/Packs/ARM/CMSIS/5.9.0/CMSIS/DSP/Source/DistanceFunctions/DistanceFunctions.c:442:arm_boolean_distance_TT_FF_TF_FT	52	static
C:/Users/HanLab/AppData/Local/Arm/Packs/ARM/CMSIS/5.9.0/CMSIS/DSP/Source/DistanceFunctions/DistanceFunctions.c:442:arm_boolean_distance_TT	16	static
C:/Users/HanLab/AppData/Local/Arm/Packs/ARM/CMSIS/5.9.0/CMSIS/DSP/Source/DistanceFunctions/DistanceFunctions.c:160:arm_braycurtis_distance_f32	0	static
C:/Users/HanLab/AppData/Local/Arm/Packs/ARM/CMSIS/5.9.0/CMSIS/DSP/Source/DistanceFunctions/DistanceFunctions.c:197:arm_canberra_distance_f32	0	static
C:/Users/HanLab/AppData/Local/Arm/Packs/ARM/CMSIS/5.9.0/CMSIS/DSP/Source/DistanceFunctions/DistanceFunctions.c:183:arm_chebyshev_distance_f32	0	static
C:/Users/HanLab/AppData/Local/Arm/Packs/ARM/CMSIS/5.9.0/CMSIS/DSP/Source/DistanceFunctions/DistanceFunctions.c:49:arm_chebyshev_distance_f64	48	static
C:/Users/HanLab/AppData/Local/Arm/Packs/ARM/CMSIS/5.9.0/CMSIS/DSP/Source/DistanceFunctions/DistanceFunctions.c:136:arm_cityblock_distance_f32	0	static
C:/Users/HanLab/AppData/Local/Arm/Packs/ARM/CMSIS/5.9.0/CMSIS/DSP/Source/DistanceFunctions/DistanceFunctions.c:48:arm_cityblock_distance_f64	32	static
C:/Users/HanLab/AppData/Local/Arm/Packs/ARM/CMSIS/5.9.0/CMSIS/DSP/Source/DistanceFunctions/DistanceFunctions.c:54:arm_correlation_distance_f32	40	static
C:/Users/HanLab/AppData/Local/Arm/Packs/ARM/CMSIS/5.9.0/CMSIS/DSP/Source/DistanceFunctions/DistanceFunctions.c:54:arm_cosine_distance_f32	32	static
C:/Users/HanLab/AppData/Local/Arm/Packs/ARM/CMSIS/5.9.0/CMSIS/DSP/Source/DistanceFunctions/DistanceFunctions.c:52:arm_cosine_distance_f64	40	static
C:/Users/HanLab/AppData/Local/Arm/Packs/ARM/CMSIS/5.9.0/CMSIS/DSP/Source/DistanceFunctions/DistanceFunctions.c:76:arm_dice_distance	56	static
C:/Users/HanLab/AppData/Local/Arm/Packs/ARM/CMSIS/5.9.0/CMSIS/DSP/Source/DistanceFunctions/DistanceFunctions.c:133:arm_euclidean_distance_f32	0	static
C:/Users/HanLab/AppData/Local/Arm/Packs/ARM/CMSIS/5.9.0/CMSIS/DSP/Source/DistanceFunctions/DistanceFunctions.c:50:arm_euclidean_distance_f64	24	static
C:/Users/HanLab/AppData/Local/Arm/Packs/ARM/CMSIS/5.9.0/CMSIS/DSP/Source/DistanceFunctions/DistanceFunctions.c:58:arm_hamming_distance	32	static
C:/Users/HanLab/AppData/Local/Arm/Packs/ARM/CMSIS/5.9.0/CMSIS/DSP/Source/DistanceFunctions/DistanceFunctions.c:60:arm_jaccard_distance	40	static
C:/Users/HanLab/AppData/Local/Arm/Packs/ARM/CMSIS/5.9.0/CMSIS/DSP/Source/DistanceFunctions/DistanceFunctions.c:221:arm_jensenshannon_distance_f32	64	static
C:/Users/HanLab/AppData/Local/Arm/Packs/ARM/CMSIS/5.9.0/CMSIS/DSP/Source/DistanceFunctions/DistanceFunctions.c:61:arm_kulsinski_distance	40	static
C:/Users/HanLab/AppData/Local/Arm/Packs/ARM/CMSIS/5.9.0/CMSIS/DSP/Source/DistanceFunctions/DistanceFunctions.c:167:arm_minkowski_distance_f32	32	static
C:/Users/HanLab/AppData/Local/Arm/Packs/ARM/CMSIS/5.9.0/CMSIS/DSP/Source/DistanceFunctions/DistanceFunctions.c:61:arm_rogerstanimoto_distance	48	static
C:/Users/HanLab/AppData/Local/Arm/Packs/ARM/CMSIS/5.9.0/CMSIS/DSP/Source/DistanceFunctions/DistanceFunctions.c:58:arm_russellrao_distance	16	static
C:/Users/HanLab/AppData/Local/Arm/Packs/ARM/CMSIS/5.9.0/CMSIS/DSP/Source/DistanceFunctions/DistanceFunctions.c:60:arm_sokalmichener_distance	40	static
C:/Users/HanLab/AppData/Local/Arm/Packs/ARM/CMSIS/5.9.0/CMSIS/DSP/Source/DistanceFunctions/DistanceFunctions.c:59:arm_sokalsneath_distance	32	static
C:/Users/HanLab/AppData/Local/Arm/Packs/ARM/CMSIS/5.9.0/CMSIS/DSP/Source/DistanceFunctions/DistanceFunctions.c:60:arm_yule_distance	48	static
