C:/Users/HanLab/AppData/Local/Arm/Packs/ARM/CMSIS/5.9.0/CMSIS/DSP/Source/DistanceFunctions/DistanceFunctionsF16.c:128:arm_braycurtis_distance_f16	0	static
C:/Users/HanLab/AppData/Local/Arm/Packs/ARM/CMSIS/5.9.0/CMSIS/DSP/Source/DistanceFunctions/DistanceFunctionsF16.c:144:arm_canberra_distance_f16	0	static
C:/Users/HanLab/AppData/Local/Arm/Packs/ARM/CMSIS/5.9.0/CMSIS/DSP/Source/DistanceFunctions/DistanceFunctionsF16.c:114:arm_chebyshev_distance_f16	0	static
C:/Users/HanLab/AppData/Local/Arm/Packs/ARM/CMSIS/5.9.0/CMSIS/DSP/Source/DistanceFunctions/DistanceFunctionsF16.c:105:arm_cityblock_distance_f16	0	static
C:/Users/HanLab/AppData/Local/Arm/Packs/ARM/CMSIS/5.9.0/CMSIS/DSP/Source/DistanceFunctions/DistanceFunctionsF16.c:66:arm_correlation_distance_f16	32	static
C:/Users/HanLab/AppData/Local/Arm/Packs/ARM/CMSIS/5.9.0/CMSIS/DSP/Source/DistanceFunctions/DistanceFunctionsF16.c:67:arm_cosine_distance_f16	24	static
C:/Users/HanLab/AppData/Local/Arm/Packs/ARM/CMSIS/5.9.0/CMSIS/DSP/Source/DistanceFunctions/DistanceFunctionsF16.c:108:arm_euclidean_distance_f16	8	static
C:/Users/HanLab/AppData/Local/Arm/Packs/ARM/CMSIS/5.9.0/CMSIS/DSP/Source/DistanceFunctions/DistanceFunctionsF16.c:148:arm_jensenshannon_distance_f16	64	static
C:/Users/HanLab/AppData/Local/Arm/Packs/ARM/CMSIS/5.9.0/CMSIS/DSP/Source/DistanceFunctions/DistanceFunctionsF16.c:113:arm_minkowski_distance_f16	32	static
