C:/Users/HanLab/AppData/Local/Arm/Packs/ARM/CMSIS/5.9.0/CMSIS/DSP/Source/FastMathFunctions/FastMathFunctions.c:70:arm_cos_f32	0	static
C:/Users/HanLab/AppData/Local/Arm/Packs/ARM/CMSIS/5.9.0/CMSIS/DSP/Source/FastMathFunctions/FastMathFunctions.c:49:arm_cos_q15	0	static
C:/Users/HanLab/AppData/Local/Arm/Packs/ARM/CMSIS/5.9.0/CMSIS/DSP/Source/FastMathFunctions/FastMathFunctions.c:49:arm_cos_q31	8	static
C:/Users/HanLab/AppData/Local/Arm/Packs/ARM/CMSIS/5.9.0/CMSIS/DSP/Source/FastMathFunctions/FastMathFunctions.c:71:arm_sin_f32	0	static
C:/Users/HanLab/AppData/Local/Arm/Packs/ARM/CMSIS/5.9.0/CMSIS/DSP/Source/FastMathFunctions/FastMathFunctions.c:49:arm_sin_q15	0	static
C:/Users/HanLab/AppData/Local/Arm/Packs/ARM/CMSIS/5.9.0/CMSIS/DSP/Source/FastMathFunctions/FastMathFunctions.c:49:arm_sin_q31	8	static
C:/Users/HanLab/AppData/Local/Arm/Packs/ARM/CMSIS/5.9.0/CMSIS/DSP/Source/FastMathFunctions/FastMathFunctions.c:51:arm_sqrt_q31	8	static
C:/Users/HanLab/AppData/Local/Arm/Packs/ARM/CMSIS/5.9.0/CMSIS/DSP/Source/FastMathFunctions/FastMathFunctions.c:51:arm_sqrt_q15	8	static
C:/Users/HanLab/AppData/Local/Arm/Packs/ARM/CMSIS/5.9.0/CMSIS/DSP/Source/FastMathFunctions/FastMathFunctions.c:36:arm_vexp_f32	16	static
C:/Users/HanLab/AppData/Local/Arm/Packs/ARM/CMSIS/5.9.0/CMSIS/DSP/Source/FastMathFunctions/FastMathFunctions.c:32:arm_vexp_f64	16	static
C:/Users/HanLab/AppData/Local/Arm/Packs/ARM/CMSIS/5.9.0/CMSIS/DSP/Source/FastMathFunctions/FastMathFunctions.c:54:arm_vlog_f32	16	static
C:/Users/HanLab/AppData/Local/Arm/Packs/ARM/CMSIS/5.9.0/CMSIS/DSP/Source/FastMathFunctions/FastMathFunctions.c:32:arm_vlog_f64	16	static
C:/Users/HanLab/AppData/Local/Arm/Packs/ARM/CMSIS/5.9.0/CMSIS/DSP/Source/FastMathFunctions/FastMathFunctions.c:60:arm_divide_q15	24	static
C:/Users/HanLab/AppData/Local/Arm/Packs/ARM/CMSIS/5.9.0/CMSIS/DSP/Source/FastMathFunctions/FastMathFunctions.c:60:arm_divide_q31	24	static
C:/Users/HanLab/AppData/Local/Arm/Packs/ARM/CMSIS/5.9.0/CMSIS/DSP/Source/FastMathFunctions/FastMathFunctions.c:216:arm_vlog_q31	20	static
C:/Users/HanLab/AppData/Local/Arm/Packs/ARM/CMSIS/5.9.0/CMSIS/DSP/Source/FastMathFunctions/FastMathFunctions.c:223:arm_vlog_q15	28	static
C:/Users/HanLab/AppData/Local/Arm/Packs/ARM/CMSIS/5.9.0/CMSIS/DSP/Source/FastMathFunctions/FastMathFunctions.c:132:arm_atan2_f32	0	static
C:/Users/HanLab/AppData/Local/Arm/Packs/ARM/CMSIS/5.9.0/CMSIS/DSP/Source/FastMathFunctions/FastMathFunctions.c:151:arm_atan2_q31	56	static
C:/Users/HanLab/AppData/Local/Arm/Packs/ARM/CMSIS/5.9.0/CMSIS/DSP/Source/FastMathFunctions/FastMathFunctions.c:150:arm_atan2_q15	32	static
