C:/Users/HanLab/AppData/Local/Arm/Packs/ARM/CMSIS/5.9.0/CMSIS/DSP/Source/FilteringFunctions/FilteringFunctions.c:69:arm_biquad_cas_df1_32x64_init_q31	16	static
C:/Users/HanLab/AppData/Local/Arm/Packs/ARM/CMSIS/5.9.0/CMSIS/DSP/Source/FilteringFunctions/FilteringFunctions.c:523:arm_biquad_cas_df1_32x64_q31	84	static
C:/Users/HanLab/AppData/Local/Arm/Packs/ARM/CMSIS/5.9.0/CMSIS/DSP/Source/FilteringFunctions/FilteringFunctions.c:506:arm_biquad_cascade_df1_f32	16	static
C:/Users/HanLab/AppData/Local/Arm/Packs/ARM/CMSIS/5.9.0/CMSIS/DSP/Source/FilteringFunctions/FilteringFunctions.c:60:arm_biquad_cascade_df1_fast_q15	44	static
C:/Users/HanLab/AppData/Local/Arm/Packs/ARM/CMSIS/5.9.0/CMSIS/DSP/Source/FilteringFunctions/FilteringFunctions.c:62:arm_biquad_cascade_df1_fast_q31	68	static
C:/Users/HanLab/AppData/Local/Arm/Packs/ARM/CMSIS/5.9.0/CMSIS/DSP/Source/FilteringFunctions/FilteringFunctions.c:77:arm_biquad_cascade_df1_init_f32	16	static
C:/Users/HanLab/AppData/Local/Arm/Packs/ARM/CMSIS/5.9.0/CMSIS/DSP/Source/FilteringFunctions/FilteringFunctions.c:71:arm_biquad_cascade_df1_init_q15	16	static
C:/Users/HanLab/AppData/Local/Arm/Packs/ARM/CMSIS/5.9.0/CMSIS/DSP/Source/FilteringFunctions/FilteringFunctions.c:70:arm_biquad_cascade_df1_init_q31	16	static
C:/Users/HanLab/AppData/Local/Arm/Packs/ARM/CMSIS/5.9.0/CMSIS/DSP/Source/FilteringFunctions/FilteringFunctions.c:313:arm_biquad_cascade_df1_q15	84	static
C:/Users/HanLab/AppData/Local/Arm/Packs/ARM/CMSIS/5.9.0/CMSIS/DSP/Source/FilteringFunctions/FilteringFunctions.c:321:arm_biquad_cascade_df1_q31	68	static
C:/Users/HanLab/AppData/Local/Arm/Packs/ARM/CMSIS/5.9.0/CMSIS/DSP/Source/FilteringFunctions/FilteringFunctions.c:347:arm_biquad_cascade_df2T_f32	16	static
C:/Users/HanLab/AppData/Local/Arm/Packs/ARM/CMSIS/5.9.0/CMSIS/DSP/Source/FilteringFunctions/FilteringFunctions.c:137:arm_biquad_cascade_df2T_f64	128	static
C:/Users/HanLab/AppData/Local/Arm/Packs/ARM/CMSIS/5.9.0/CMSIS/DSP/Source/FilteringFunctions/FilteringFunctions.c:193:arm_biquad_cascade_df2T_init_f32	16	static
C:/Users/HanLab/AppData/Local/Arm/Packs/ARM/CMSIS/5.9.0/CMSIS/DSP/Source/FilteringFunctions/FilteringFunctions.c:65:arm_biquad_cascade_df2T_init_f64	16	static
C:/Users/HanLab/AppData/Local/Arm/Packs/ARM/CMSIS/5.9.0/CMSIS/DSP/Source/FilteringFunctions/FilteringFunctions.c:183:arm_biquad_cascade_stereo_df2T_f32	16	static
C:/Users/HanLab/AppData/Local/Arm/Packs/ARM/CMSIS/5.9.0/CMSIS/DSP/Source/FilteringFunctions/FilteringFunctions.c:65:arm_biquad_cascade_stereo_df2T_init_f32	16	static
C:/Users/HanLab/AppData/Local/Arm/Packs/ARM/CMSIS/5.9.0/CMSIS/DSP/Source/FilteringFunctions/FilteringFunctions.c:246:arm_conv_f32	32	static
C:/Users/HanLab/AppData/Local/Arm/Packs/ARM/CMSIS/5.9.0/CMSIS/DSP/Source/FilteringFunctions/FilteringFunctions.c:65:arm_conv_fast_opt_q15	40	static
C:/Users/HanLab/AppData/Local/Arm/Packs/ARM/CMSIS/5.9.0/CMSIS/DSP/Source/FilteringFunctions/FilteringFunctions.c:63:arm_conv_fast_q15	84	static
C:/Users/HanLab/AppData/Local/Arm/Packs/ARM/CMSIS/5.9.0/CMSIS/DSP/Source/FilteringFunctions/FilteringFunctions.c:63:arm_conv_fast_q31	76	static
C:/Users/HanLab/AppData/Local/Arm/Packs/ARM/CMSIS/5.9.0/CMSIS/DSP/Source/FilteringFunctions/FilteringFunctions.c:61:arm_conv_opt_q15	48	static
C:/Users/HanLab/AppData/Local/Arm/Packs/ARM/CMSIS/5.9.0/CMSIS/DSP/Source/FilteringFunctions/FilteringFunctions.c:59:arm_conv_opt_q7	72	static
C:/Users/HanLab/AppData/Local/Arm/Packs/ARM/CMSIS/5.9.0/CMSIS/DSP/Source/FilteringFunctions/FilteringFunctions.c:80:arm_conv_partial_f32	48	static
C:/Users/HanLab/AppData/Local/Arm/Packs/ARM/CMSIS/5.9.0/CMSIS/DSP/Source/FilteringFunctions/FilteringFunctions.c:59:arm_conv_partial_fast_opt_q15	40	static
C:/Users/HanLab/AppData/Local/Arm/Packs/ARM/CMSIS/5.9.0/CMSIS/DSP/Source/FilteringFunctions/FilteringFunctions.c:56:arm_conv_partial_fast_q15	92	static
C:/Users/HanLab/AppData/Local/Arm/Packs/ARM/CMSIS/5.9.0/CMSIS/DSP/Source/FilteringFunctions/FilteringFunctions.c:57:arm_conv_partial_fast_q31	52	static
C:/Users/HanLab/AppData/Local/Arm/Packs/ARM/CMSIS/5.9.0/CMSIS/DSP/Source/FilteringFunctions/FilteringFunctions.c:59:arm_conv_partial_opt_q15	40	static
C:/Users/HanLab/AppData/Local/Arm/Packs/ARM/CMSIS/5.9.0/CMSIS/DSP/Source/FilteringFunctions/FilteringFunctions.c:56:arm_conv_partial_opt_q7	64	static
C:/Users/HanLab/AppData/Local/Arm/Packs/ARM/CMSIS/5.9.0/CMSIS/DSP/Source/FilteringFunctions/FilteringFunctions.c:59:arm_conv_partial_q15	108	static
C:/Users/HanLab/AppData/Local/Arm/Packs/ARM/CMSIS/5.9.0/CMSIS/DSP/Source/FilteringFunctions/FilteringFunctions.c:57:arm_conv_partial_q31	56	static
C:/Users/HanLab/AppData/Local/Arm/Packs/ARM/CMSIS/5.9.0/CMSIS/DSP/Source/FilteringFunctions/FilteringFunctions.c:57:arm_conv_partial_q7	52	static
C:/Users/HanLab/AppData/Local/Arm/Packs/ARM/CMSIS/5.9.0/CMSIS/DSP/Source/FilteringFunctions/FilteringFunctions.c:223:arm_conv_q15	88	static
C:/Users/HanLab/AppData/Local/Arm/Packs/ARM/CMSIS/5.9.0/CMSIS/DSP/Source/FilteringFunctions/FilteringFunctions.c:226:arm_conv_q31	48	static
C:/Users/HanLab/AppData/Local/Arm/Packs/ARM/CMSIS/5.9.0/CMSIS/DSP/Source/FilteringFunctions/FilteringFunctions.c:218:arm_conv_q7	40	static
C:/Users/HanLab/AppData/Local/Arm/Packs/ARM/CMSIS/5.9.0/CMSIS/DSP/Source/FilteringFunctions/FilteringFunctions.c:301:arm_correlate_f32	36	static
C:/Users/HanLab/AppData/Local/Arm/Packs/ARM/CMSIS/5.9.0/CMSIS/DSP/Source/FilteringFunctions/FilteringFunctions.c:50:arm_correlate_f64	72	static
C:/Users/HanLab/AppData/Local/Arm/Packs/ARM/CMSIS/5.9.0/CMSIS/DSP/Source/FilteringFunctions/FilteringFunctions.c:64:arm_correlate_fast_opt_q15	48	static
C:/Users/HanLab/AppData/Local/Arm/Packs/ARM/CMSIS/5.9.0/CMSIS/DSP/Source/FilteringFunctions/FilteringFunctions.c:63:arm_correlate_fast_q15	96	static
C:/Users/HanLab/AppData/Local/Arm/Packs/ARM/CMSIS/5.9.0/CMSIS/DSP/Source/FilteringFunctions/FilteringFunctions.c:65:arm_correlate_fast_q31	92	static
C:/Users/HanLab/AppData/Local/Arm/Packs/ARM/CMSIS/5.9.0/CMSIS/DSP/Source/FilteringFunctions/FilteringFunctions.c:61:arm_correlate_opt_q15	56	static
C:/Users/HanLab/AppData/Local/Arm/Packs/ARM/CMSIS/5.9.0/CMSIS/DSP/Source/FilteringFunctions/FilteringFunctions.c:59:arm_correlate_opt_q7	72	static
C:/Users/HanLab/AppData/Local/Arm/Packs/ARM/CMSIS/5.9.0/CMSIS/DSP/Source/FilteringFunctions/FilteringFunctions.c:268:arm_correlate_q15	96	static
C:/Users/HanLab/AppData/Local/Arm/Packs/ARM/CMSIS/5.9.0/CMSIS/DSP/Source/FilteringFunctions/FilteringFunctions.c:259:arm_correlate_q31	40	static
C:/Users/HanLab/AppData/Local/Arm/Packs/ARM/CMSIS/5.9.0/CMSIS/DSP/Source/FilteringFunctions/FilteringFunctions.c:261:arm_correlate_q7	36	static
C:/Users/HanLab/AppData/Local/Arm/Packs/ARM/CMSIS/5.9.0/CMSIS/DSP/Source/FilteringFunctions/FilteringFunctions.c:621:arm_fir_decimate_f32	40	static
C:/Users/HanLab/AppData/Local/Arm/Packs/ARM/CMSIS/5.9.0/CMSIS/DSP/Source/FilteringFunctions/FilteringFunctions.c:62:arm_fir_decimate_fast_q15	60	static
C:/Users/HanLab/AppData/Local/Arm/Packs/ARM/CMSIS/5.9.0/CMSIS/DSP/Source/FilteringFunctions/FilteringFunctions.c:62:arm_fir_decimate_fast_q31	40	static
C:/Users/HanLab/AppData/Local/Arm/Packs/ARM/CMSIS/5.9.0/CMSIS/DSP/Source/FilteringFunctions/FilteringFunctions.c:63:arm_fir_decimate_init_f32	24	static
C:/Users/HanLab/AppData/Local/Arm/Packs/ARM/CMSIS/5.9.0/CMSIS/DSP/Source/FilteringFunctions/FilteringFunctions.c:64:arm_fir_decimate_init_q15	24	static
C:/Users/HanLab/AppData/Local/Arm/Packs/ARM/CMSIS/5.9.0/CMSIS/DSP/Source/FilteringFunctions/FilteringFunctions.c:63:arm_fir_decimate_init_q31	24	static
C:/Users/HanLab/AppData/Local/Arm/Packs/ARM/CMSIS/5.9.0/CMSIS/DSP/Source/FilteringFunctions/FilteringFunctions.c:319:arm_fir_decimate_q15	68	static
C:/Users/HanLab/AppData/Local/Arm/Packs/ARM/CMSIS/5.9.0/CMSIS/DSP/Source/FilteringFunctions/FilteringFunctions.c:306:arm_fir_decimate_q31	44	static
C:/Users/HanLab/AppData/Local/Arm/Packs/ARM/CMSIS/5.9.0/CMSIS/DSP/Source/FilteringFunctions/FilteringFunctions.c:909:arm_fir_f32	32	static
C:/Users/HanLab/AppData/Local/Arm/Packs/ARM/CMSIS/5.9.0/CMSIS/DSP/Source/FilteringFunctions/FilteringFunctions.c:49:arm_fir_f64	72	static
C:/Users/HanLab/AppData/Local/Arm/Packs/ARM/CMSIS/5.9.0/CMSIS/DSP/Source/FilteringFunctions/FilteringFunctions.c:60:arm_fir_fast_q15	40	static
C:/Users/HanLab/AppData/Local/Arm/Packs/ARM/CMSIS/5.9.0/CMSIS/DSP/Source/FilteringFunctions/FilteringFunctions.c:61:arm_fir_fast_q31	32	static
C:/Users/HanLab/AppData/Local/Arm/Packs/ARM/CMSIS/5.9.0/CMSIS/DSP/Source/FilteringFunctions/FilteringFunctions.c:74:arm_fir_init_f32	16	static
C:/Users/HanLab/AppData/Local/Arm/Packs/ARM/CMSIS/5.9.0/CMSIS/DSP/Source/FilteringFunctions/FilteringFunctions.c:74:arm_fir_init_f64	16	static
C:/Users/HanLab/AppData/Local/Arm/Packs/ARM/CMSIS/5.9.0/CMSIS/DSP/Source/FilteringFunctions/FilteringFunctions.c:86:arm_fir_init_q15	16	static
C:/Users/HanLab/AppData/Local/Arm/Packs/ARM/CMSIS/5.9.0/CMSIS/DSP/Source/FilteringFunctions/FilteringFunctions.c:74:arm_fir_init_q31	16	static
C:/Users/HanLab/AppData/Local/Arm/Packs/ARM/CMSIS/5.9.0/CMSIS/DSP/Source/FilteringFunctions/FilteringFunctions.c:68:arm_fir_init_q7	16	static
C:/Users/HanLab/AppData/Local/Arm/Packs/ARM/CMSIS/5.9.0/CMSIS/DSP/Source/FilteringFunctions/FilteringFunctions.c:825:arm_fir_interpolate_f32	48	static
C:/Users/HanLab/AppData/Local/Arm/Packs/ARM/CMSIS/5.9.0/CMSIS/DSP/Source/FilteringFunctions/FilteringFunctions.c:65:arm_fir_interpolate_init_f32	16	static
C:/Users/HanLab/AppData/Local/Arm/Packs/ARM/CMSIS/5.9.0/CMSIS/DSP/Source/FilteringFunctions/FilteringFunctions.c:65:arm_fir_interpolate_init_q15	16	static
C:/Users/HanLab/AppData/Local/Arm/Packs/ARM/CMSIS/5.9.0/CMSIS/DSP/Source/FilteringFunctions/FilteringFunctions.c:64:arm_fir_interpolate_init_q31	16	static
C:/Users/HanLab/AppData/Local/Arm/Packs/ARM/CMSIS/5.9.0/CMSIS/DSP/Source/FilteringFunctions/FilteringFunctions.c:352:arm_fir_interpolate_q15	56	static
C:/Users/HanLab/AppData/Local/Arm/Packs/ARM/CMSIS/5.9.0/CMSIS/DSP/Source/FilteringFunctions/FilteringFunctions.c:349:arm_fir_interpolate_q31	56	static
C:/Users/HanLab/AppData/Local/Arm/Packs/ARM/CMSIS/5.9.0/CMSIS/DSP/Source/FilteringFunctions/FilteringFunctions.c:121:arm_fir_lattice_f32	24	static
C:/Users/HanLab/AppData/Local/Arm/Packs/ARM/CMSIS/5.9.0/CMSIS/DSP/Source/FilteringFunctions/FilteringFunctions.c:49:arm_fir_lattice_init_f32	16	static
C:/Users/HanLab/AppData/Local/Arm/Packs/ARM/CMSIS/5.9.0/CMSIS/DSP/Source/FilteringFunctions/FilteringFunctions.c:49:arm_fir_lattice_init_q15	16	static
C:/Users/HanLab/AppData/Local/Arm/Packs/ARM/CMSIS/5.9.0/CMSIS/DSP/Source/FilteringFunctions/FilteringFunctions.c:49:arm_fir_lattice_init_q31	16	static
C:/Users/HanLab/AppData/Local/Arm/Packs/ARM/CMSIS/5.9.0/CMSIS/DSP/Source/FilteringFunctions/FilteringFunctions.c:49:arm_fir_lattice_q15	44	static
C:/Users/HanLab/AppData/Local/Arm/Packs/ARM/CMSIS/5.9.0/CMSIS/DSP/Source/FilteringFunctions/FilteringFunctions.c:52:arm_fir_lattice_q31	44	static
C:/Users/HanLab/AppData/Local/Arm/Packs/ARM/CMSIS/5.9.0/CMSIS/DSP/Source/FilteringFunctions/FilteringFunctions.c:459:arm_fir_q15	48	static
C:/Users/HanLab/AppData/Local/Arm/Packs/ARM/CMSIS/5.9.0/CMSIS/DSP/Source/FilteringFunctions/FilteringFunctions.c:932:arm_fir_q31	36	static
C:/Users/HanLab/AppData/Local/Arm/Packs/ARM/CMSIS/5.9.0/CMSIS/DSP/Source/FilteringFunctions/FilteringFunctions.c:447:arm_fir_q7	32	static
C:/Users/HanLab/AppData/Local/Arm/Packs/ARM/CMSIS/5.9.0/CMSIS/DSP/Source/FilteringFunctions/FilteringFunctions.c:110:arm_fir_sparse_f32	36	static
C:/Users/HanLab/AppData/Local/Arm/Packs/ARM/CMSIS/5.9.0/CMSIS/DSP/Source/FilteringFunctions/FilteringFunctions.c:60:arm_fir_sparse_init_f32	16	static
C:/Users/HanLab/AppData/Local/Arm/Packs/ARM/CMSIS/5.9.0/CMSIS/DSP/Source/FilteringFunctions/FilteringFunctions.c:60:arm_fir_sparse_init_q15	16	static
C:/Users/HanLab/AppData/Local/Arm/Packs/ARM/CMSIS/5.9.0/CMSIS/DSP/Source/FilteringFunctions/FilteringFunctions.c:59:arm_fir_sparse_init_q31	16	static
C:/Users/HanLab/AppData/Local/Arm/Packs/ARM/CMSIS/5.9.0/CMSIS/DSP/Source/FilteringFunctions/FilteringFunctions.c:60:arm_fir_sparse_init_q7	16	static
C:/Users/HanLab/AppData/Local/Arm/Packs/ARM/CMSIS/5.9.0/CMSIS/DSP/Source/FilteringFunctions/FilteringFunctions.c:59:arm_fir_sparse_q15	44	static
C:/Users/HanLab/AppData/Local/Arm/Packs/ARM/CMSIS/5.9.0/CMSIS/DSP/Source/FilteringFunctions/FilteringFunctions.c:57:arm_fir_sparse_q31	44	static
C:/Users/HanLab/AppData/Local/Arm/Packs/ARM/CMSIS/5.9.0/CMSIS/DSP/Source/FilteringFunctions/FilteringFunctions.c:59:arm_fir_sparse_q7	44	static
C:/Users/HanLab/AppData/Local/Arm/Packs/ARM/CMSIS/5.9.0/CMSIS/DSP/Source/FilteringFunctions/FilteringFunctions.c:121:arm_iir_lattice_f32	40	static
C:/Users/HanLab/AppData/Local/Arm/Packs/ARM/CMSIS/5.9.0/CMSIS/DSP/Source/FilteringFunctions/FilteringFunctions.c:51:arm_iir_lattice_init_f32	16	static
C:/Users/HanLab/AppData/Local/Arm/Packs/ARM/CMSIS/5.9.0/CMSIS/DSP/Source/FilteringFunctions/FilteringFunctions.c:51:arm_iir_lattice_init_q15	16	static
C:/Users/HanLab/AppData/Local/Arm/Packs/ARM/CMSIS/5.9.0/CMSIS/DSP/Source/FilteringFunctions/FilteringFunctions.c:51:arm_iir_lattice_init_q31	16	static
C:/Users/HanLab/AppData/Local/Arm/Packs/ARM/CMSIS/5.9.0/CMSIS/DSP/Source/FilteringFunctions/FilteringFunctions.c:57:arm_iir_lattice_q15	60	static
C:/Users/HanLab/AppData/Local/Arm/Packs/ARM/CMSIS/5.9.0/CMSIS/DSP/Source/FilteringFunctions/FilteringFunctions.c:56:arm_iir_lattice_q31	68	static
C:/Users/HanLab/AppData/Local/Arm/Packs/ARM/CMSIS/5.9.0/CMSIS/DSP/Source/FilteringFunctions/FilteringFunctions.c:338:arm_lms_f32	40	static
C:/Users/HanLab/AppData/Local/Arm/Packs/ARM/CMSIS/5.9.0/CMSIS/DSP/Source/FilteringFunctions/FilteringFunctions.c:55:arm_lms_init_f32	24	static
C:/Users/HanLab/AppData/Local/Arm/Packs/ARM/CMSIS/5.9.0/CMSIS/DSP/Source/FilteringFunctions/FilteringFunctions.c:62:arm_lms_init_q15	24	static
C:/Users/HanLab/AppData/Local/Arm/Packs/ARM/CMSIS/5.9.0/CMSIS/DSP/Source/FilteringFunctions/FilteringFunctions.c:62:arm_lms_init_q31	24	static
C:/Users/HanLab/AppData/Local/Arm/Packs/ARM/CMSIS/5.9.0/CMSIS/DSP/Source/FilteringFunctions/FilteringFunctions.c:349:arm_lms_norm_f32	48	static
C:/Users/HanLab/AppData/Local/Arm/Packs/ARM/CMSIS/5.9.0/CMSIS/DSP/Source/FilteringFunctions/FilteringFunctions.c:60:arm_lms_norm_init_f32	24	static
C:/Users/HanLab/AppData/Local/Arm/Packs/ARM/CMSIS/5.9.0/CMSIS/DSP/Source/FilteringFunctions/FilteringFunctions.c:59:arm_lms_norm_init_q15	24	static
C:/Users/HanLab/AppData/Local/Arm/Packs/ARM/CMSIS/5.9.0/CMSIS/DSP/Source/FilteringFunctions/FilteringFunctions.c:58:arm_lms_norm_init_q31	24	static
C:/Users/HanLab/AppData/Local/Arm/Packs/ARM/CMSIS/5.9.0/CMSIS/DSP/Source/FilteringFunctions/FilteringFunctions.c:65:arm_lms_norm_q15	80	static
C:/Users/HanLab/AppData/Local/Arm/Packs/ARM/CMSIS/5.9.0/CMSIS/DSP/Source/FilteringFunctions/FilteringFunctions.c:65:arm_lms_norm_q31	100	static
C:/Users/HanLab/AppData/Local/Arm/Packs/ARM/CMSIS/5.9.0/CMSIS/DSP/Source/FilteringFunctions/FilteringFunctions.c:62:arm_lms_q15	56	static
C:/Users/HanLab/AppData/Local/Arm/Packs/ARM/CMSIS/5.9.0/CMSIS/DSP/Source/FilteringFunctions/FilteringFunctions.c:66:arm_lms_q31	68	static
C:/Users/HanLab/AppData/Local/Arm/Packs/ARM/CMSIS/5.9.0/CMSIS/DSP/Source/FilteringFunctions/FilteringFunctions.c:220:arm_levinson_durbin_f32	32	static
C:/Users/HanLab/AppData/Local/Arm/Packs/ARM/CMSIS/5.9.0/CMSIS/DSP/Source/FilteringFunctions/FilteringFunctions.c:304:arm_levinson_durbin_q31	64	static
