C:/Users/HanLab/AppData/Local/Arm/Packs/ARM/CMSIS/5.9.0/CMSIS/DSP/Source/InterpolationFunctions/InterpolationFunctions.c:101:arm_bilinear_interp_f32	0	static
C:/Users/HanLab/AppData/Local/Arm/Packs/ARM/CMSIS/5.9.0/CMSIS/DSP/Source/InterpolationFunctions/InterpolationFunctions.c:47:arm_bilinear_interp_q15	36	static
C:/Users/HanLab/AppData/Local/Arm/Packs/ARM/CMSIS/5.9.0/CMSIS/DSP/Source/InterpolationFunctions/InterpolationFunctions.c:48:arm_bilinear_interp_q31	20	static
C:/Users/HanLab/AppData/Local/Arm/Packs/ARM/CMSIS/5.9.0/CMSIS/DSP/Source/InterpolationFunctions/InterpolationFunctions.c:48:arm_bilinear_interp_q7	24	static
C:/Users/HanLab/AppData/Local/Arm/Packs/ARM/CMSIS/5.9.0/CMSIS/DSP/Source/InterpolationFunctions/InterpolationFunctions.c:79:arm_linear_interp_f32	0	static
C:/Users/HanLab/AppData/Local/Arm/Packs/ARM/CMSIS/5.9.0/CMSIS/DSP/Source/InterpolationFunctions/InterpolationFunctions.c:53:arm_linear_interp_q15	0	static
C:/Users/HanLab/AppData/Local/Arm/Packs/ARM/CMSIS/5.9.0/CMSIS/DSP/Source/InterpolationFunctions/InterpolationFunctions.c:54:arm_linear_interp_q31	0	static
C:/Users/HanLab/AppData/Local/Arm/Packs/ARM/CMSIS/5.9.0/CMSIS/DSP/Source/InterpolationFunctions/InterpolationFunctions.c:53:arm_linear_interp_q7	0	static
C:/Users/HanLab/AppData/Local/Arm/Packs/ARM/CMSIS/5.9.0/CMSIS/DSP/Source/InterpolationFunctions/InterpolationFunctions.c:146:arm_spline_f32	56	static
C:/Users/HanLab/AppData/Local/Arm/Packs/ARM/CMSIS/5.9.0/CMSIS/DSP/Source/InterpolationFunctions/InterpolationFunctions.c:65:arm_spline_init_f32	40	static
