C:/Users/HanLab/AppData/Local/Arm/Packs/ARM/CMSIS/5.9.0/CMSIS/DSP/Source/MatrixFunctions/MatrixFunctions.c:217:arm_mat_add_f32	0	static
C:/Users/HanLab/AppData/Local/Arm/Packs/ARM/CMSIS/5.9.0/CMSIS/DSP/Source/MatrixFunctions/MatrixFunctions.c:131:arm_mat_add_q15	8	static
C:/Users/HanLab/AppData/Local/Arm/Packs/ARM/CMSIS/5.9.0/CMSIS/DSP/Source/MatrixFunctions/MatrixFunctions.c:130:arm_mat_add_q31	8	static
C:/Users/HanLab/AppData/Local/Arm/Packs/ARM/CMSIS/5.9.0/CMSIS/DSP/Source/MatrixFunctions/MatrixFunctions.c:1181:arm_mat_cmplx_mult_f32	40	static
C:/Users/HanLab/AppData/Local/Arm/Packs/ARM/CMSIS/5.9.0/CMSIS/DSP/Source/MatrixFunctions/MatrixFunctions.c:315:arm_mat_cmplx_mult_q15	88	static
C:/Users/HanLab/AppData/Local/Arm/Packs/ARM/CMSIS/5.9.0/CMSIS/DSP/Source/MatrixFunctions/MatrixFunctions.c:837:arm_mat_cmplx_mult_q31	76	static
C:/Users/HanLab/AppData/Local/Arm/Packs/ARM/CMSIS/5.9.0/CMSIS/DSP/Source/MatrixFunctions/MatrixFunctions.c:58:arm_mat_init_f32	0	static
C:/Users/HanLab/AppData/Local/Arm/Packs/ARM/CMSIS/5.9.0/CMSIS/DSP/Source/MatrixFunctions/MatrixFunctions.c:49:arm_mat_init_q15	0	static
C:/Users/HanLab/AppData/Local/Arm/Packs/ARM/CMSIS/5.9.0/CMSIS/DSP/Source/MatrixFunctions/MatrixFunctions.c:54:arm_mat_init_q31	0	static
C:/Users/HanLab/AppData/Local/Arm/Packs/ARM/CMSIS/5.9.0/CMSIS/DSP/Source/MatrixFunctions/MatrixFunctions.c:975:arm_mat_inverse_f32	88	static
C:/Users/HanLab/AppData/Local/Arm/Packs/ARM/CMSIS/5.9.0/CMSIS/DSP/Source/MatrixFunctions/MatrixFunctions.c:51:arm_mat_inverse_f64	160	static
C:/Users/HanLab/AppData/Local/Arm/Packs/ARM/CMSIS/5.9.0/CMSIS/DSP/Source/MatrixFunctions/MatrixFunctions.c:67:arm_mat_mult_f64	96	static
C:/Users/HanLab/AppData/Local/Arm/Packs/ARM/CMSIS/5.9.0/CMSIS/DSP/Source/MatrixFunctions/MatrixFunctions.c:864:arm_mat_mult_f32	40	static
C:/Users/HanLab/AppData/Local/Arm/Packs/ARM/CMSIS/5.9.0/CMSIS/DSP/Source/MatrixFunctions/MatrixFunctions.c:67:arm_mat_mult_fast_q15	132	static
C:/Users/HanLab/AppData/Local/Arm/Packs/ARM/CMSIS/5.9.0/CMSIS/DSP/Source/MatrixFunctions/MatrixFunctions.c:66:arm_mat_mult_fast_q31	96	static
C:/Users/HanLab/AppData/Local/Arm/Packs/ARM/CMSIS/5.9.0/CMSIS/DSP/Source/MatrixFunctions/MatrixFunctions.c:579:arm_mat_mult_q7	48	static
C:/Users/HanLab/AppData/Local/Arm/Packs/ARM/CMSIS/5.9.0/CMSIS/DSP/Source/MatrixFunctions/MatrixFunctions.c:621:arm_mat_mult_q15	68	static
C:/Users/HanLab/AppData/Local/Arm/Packs/ARM/CMSIS/5.9.0/CMSIS/DSP/Source/MatrixFunctions/MatrixFunctions.c:99:arm_mat_trans_q15	16	static
C:/Users/HanLab/AppData/Local/Arm/Packs/ARM/CMSIS/5.9.0/CMSIS/DSP/Source/MatrixFunctions/MatrixFunctions.c:626:arm_mat_mult_q31	48	static
C:/Users/HanLab/AppData/Local/Arm/Packs/ARM/CMSIS/5.9.0/CMSIS/DSP/Source/MatrixFunctions/MatrixFunctions.c:648:arm_mat_mult_opt_q31	48	static
C:/Users/HanLab/AppData/Local/Arm/Packs/ARM/CMSIS/5.9.0/CMSIS/DSP/Source/MatrixFunctions/MatrixFunctions.c:207:arm_mat_scale_f32	0	static
C:/Users/HanLab/AppData/Local/Arm/Packs/ARM/CMSIS/5.9.0/CMSIS/DSP/Source/MatrixFunctions/MatrixFunctions.c:133:arm_mat_scale_q15	8	static
C:/Users/HanLab/AppData/Local/Arm/Packs/ARM/CMSIS/5.9.0/CMSIS/DSP/Source/MatrixFunctions/MatrixFunctions.c:132:arm_mat_scale_q31	16	static
C:/Users/HanLab/AppData/Local/Arm/Packs/ARM/CMSIS/5.9.0/CMSIS/DSP/Source/MatrixFunctions/MatrixFunctions.c:61:arm_mat_sub_f64	24	static
C:/Users/HanLab/AppData/Local/Arm/Packs/ARM/CMSIS/5.9.0/CMSIS/DSP/Source/MatrixFunctions/MatrixFunctions.c:214:arm_mat_sub_f32	0	static
C:/Users/HanLab/AppData/Local/Arm/Packs/ARM/CMSIS/5.9.0/CMSIS/DSP/Source/MatrixFunctions/MatrixFunctions.c:128:arm_mat_sub_q15	8	static
C:/Users/HanLab/AppData/Local/Arm/Packs/ARM/CMSIS/5.9.0/CMSIS/DSP/Source/MatrixFunctions/MatrixFunctions.c:132:arm_mat_sub_q31	8	static
C:/Users/HanLab/AppData/Local/Arm/Packs/ARM/CMSIS/5.9.0/CMSIS/DSP/Source/MatrixFunctions/MatrixFunctions.c:226:arm_mat_trans_f32	16	static
C:/Users/HanLab/AppData/Local/Arm/Packs/ARM/CMSIS/5.9.0/CMSIS/DSP/Source/MatrixFunctions/MatrixFunctions.c:58:arm_mat_trans_f64	20	static
C:/Users/HanLab/AppData/Local/Arm/Packs/ARM/CMSIS/5.9.0/CMSIS/DSP/Source/MatrixFunctions/MatrixFunctions.c:113:arm_mat_trans_q7	16	static
C:/Users/HanLab/AppData/Local/Arm/Packs/ARM/CMSIS/5.9.0/CMSIS/DSP/Source/MatrixFunctions/MatrixFunctions.c:93:arm_mat_trans_q31	16	static
C:/Users/HanLab/AppData/Local/Arm/Packs/ARM/CMSIS/5.9.0/CMSIS/DSP/Source/MatrixFunctions/MatrixFunctions.c:290:arm_mat_vec_mult_f32	36	static
C:/Users/HanLab/AppData/Local/Arm/Packs/ARM/CMSIS/5.9.0/CMSIS/DSP/Source/MatrixFunctions/MatrixFunctions.c:266:arm_mat_vec_mult_q31	92	static
C:/Users/HanLab/AppData/Local/Arm/Packs/ARM/CMSIS/5.9.0/CMSIS/DSP/Source/MatrixFunctions/MatrixFunctions.c:269:arm_mat_vec_mult_q15	104	static
C:/Users/HanLab/AppData/Local/Arm/Packs/ARM/CMSIS/5.9.0/CMSIS/DSP/Source/MatrixFunctions/MatrixFunctions.c:279:arm_mat_vec_mult_q7	96	static
C:/Users/HanLab/AppData/Local/Arm/Packs/ARM/CMSIS/5.9.0/CMSIS/DSP/Source/MatrixFunctions/MatrixFunctions.c:68:arm_mat_cmplx_trans_f32	16	static
C:/Users/HanLab/AppData/Local/Arm/Packs/ARM/CMSIS/5.9.0/CMSIS/DSP/Source/MatrixFunctions/MatrixFunctions.c:63:arm_mat_cmplx_trans_q31	16	static
C:/Users/HanLab/AppData/Local/Arm/Packs/ARM/CMSIS/5.9.0/CMSIS/DSP/Source/MatrixFunctions/MatrixFunctions.c:60:arm_mat_cmplx_trans_q15	16	static
C:/Users/HanLab/AppData/Local/Arm/Packs/ARM/CMSIS/5.9.0/CMSIS/DSP/Source/MatrixFunctions/MatrixFunctions.c:55:arm_mat_cholesky_f64	96	static
C:/Users/HanLab/AppData/Local/Arm/Packs/ARM/CMSIS/5.9.0/CMSIS/DSP/Source/MatrixFunctions/MatrixFunctions.c:369:arm_mat_cholesky_f32	56	static
C:/Users/HanLab/AppData/Local/Arm/Packs/ARM/CMSIS/5.9.0/CMSIS/DSP/Source/MatrixFunctions/MatrixFunctions.c:247:arm_mat_solve_upper_triangular_f32	52	static
C:/Users/HanLab/AppData/Local/Arm/Packs/ARM/CMSIS/5.9.0/CMSIS/DSP/Source/MatrixFunctions/MatrixFunctions.c:255:arm_mat_solve_lower_triangular_f32	44	static
C:/Users/HanLab/AppData/Local/Arm/Packs/ARM/CMSIS/5.9.0/CMSIS/DSP/Source/MatrixFunctions/MatrixFunctions.c:49:arm_mat_solve_upper_triangular_f64	96	static
C:/Users/HanLab/AppData/Local/Arm/Packs/ARM/CMSIS/5.9.0/CMSIS/DSP/Source/MatrixFunctions/MatrixFunctions.c:49:arm_mat_solve_lower_triangular_f64	88	static
C:/Users/HanLab/AppData/Local/Arm/Packs/ARM/CMSIS/5.9.0/CMSIS/DSP/Source/MatrixFunctions/MatrixFunctions.c:369:arm_mat_ldlt_f32	64	static
C:/Users/HanLab/AppData/Local/Arm/Packs/ARM/CMSIS/5.9.0/CMSIS/DSP/Source/MatrixFunctions/MatrixFunctions.c:84:arm_mat_ldlt_f64	128	static
