C:/Users/HanLab/AppData/Local/Arm/Packs/ARM/CMSIS/5.9.0/CMSIS/DSP/Source/StatisticsFunctions/StatisticsFunctionsF16.c:142:arm_max_f16	8	static
C:/Users/HanLab/AppData/Local/Arm/Packs/ARM/CMSIS/5.9.0/CMSIS/DSP/Source/StatisticsFunctions/StatisticsFunctionsF16.c:136:arm_min_f16	8	static
C:/Users/HanLab/AppData/Local/Arm/Packs/ARM/CMSIS/5.9.0/CMSIS/DSP/Source/StatisticsFunctions/StatisticsFunctionsF16.c:94:arm_mean_f16	0	static
C:/Users/HanLab/AppData/Local/Arm/Packs/ARM/CMSIS/5.9.0/CMSIS/DSP/Source/StatisticsFunctions/StatisticsFunctionsF16.c:85:arm_power_f16	0	static
C:/Users/HanLab/AppData/Local/Arm/Packs/ARM/CMSIS/5.9.0/CMSIS/DSP/Source/StatisticsFunctions/StatisticsFunctionsF16.c:80:arm_rms_f16	8	static
C:/Users/HanLab/AppData/Local/Arm/Packs/ARM/CMSIS/5.9.0/CMSIS/DSP/Source/StatisticsFunctions/StatisticsFunctionsF16.c:52:arm_std_f16	16	static
C:/Users/HanLab/AppData/Local/Arm/Packs/ARM/CMSIS/5.9.0/CMSIS/DSP/Source/StatisticsFunctions/StatisticsFunctionsF16.c:96:arm_var_f16	8	static
C:/Users/HanLab/AppData/Local/Arm/Packs/ARM/CMSIS/5.9.0/CMSIS/DSP/Source/StatisticsFunctions/StatisticsFunctionsF16.c:111:arm_entropy_f16	32	static
C:/Users/HanLab/AppData/Local/Arm/Packs/ARM/CMSIS/5.9.0/CMSIS/DSP/Source/StatisticsFunctions/StatisticsFunctionsF16.c:121:arm_kullback_leibler_f16	32	static
C:/Users/HanLab/AppData/Local/Arm/Packs/ARM/CMSIS/5.9.0/CMSIS/DSP/Source/StatisticsFunctions/StatisticsFunctionsF16.c:67:arm_logsumexp_dot_prod_f16	16	static
C:/Users/HanLab/AppData/Local/Arm/Packs/ARM/CMSIS/5.9.0/CMSIS/DSP/Source/StatisticsFunctions/StatisticsFunctionsF16.c:125:arm_logsumexp_f16	40	static
C:/Users/HanLab/AppData/Local/Arm/Packs/ARM/CMSIS/5.9.0/CMSIS/DSP/Source/StatisticsFunctions/StatisticsFunctionsF16.c:112:arm_max_no_idx_f16	0	static
C:/Users/HanLab/AppData/Local/Arm/Packs/ARM/CMSIS/5.9.0/CMSIS/DSP/Source/StatisticsFunctions/StatisticsFunctionsF16.c:112:arm_min_no_idx_f16	0	static
C:/Users/HanLab/AppData/Local/Arm/Packs/ARM/CMSIS/5.9.0/CMSIS/DSP/Source/StatisticsFunctions/StatisticsFunctionsF16.c:228:arm_absmax_f16	8	static
C:/Users/HanLab/AppData/Local/Arm/Packs/ARM/CMSIS/5.9.0/CMSIS/DSP/Source/StatisticsFunctions/StatisticsFunctionsF16.c:230:arm_absmin_f16	8	static
C:/Users/HanLab/AppData/Local/Arm/Packs/ARM/CMSIS/5.9.0/CMSIS/DSP/Source/StatisticsFunctions/StatisticsFunctionsF16.c:186:arm_absmax_no_idx_f16	0	static
C:/Users/HanLab/AppData/Local/Arm/Packs/ARM/CMSIS/5.9.0/CMSIS/DSP/Source/StatisticsFunctions/StatisticsFunctionsF16.c:188:arm_absmin_no_idx_f16	0	static
C:/Users/HanLab/AppData/Local/Arm/Packs/ARM/CMSIS/5.9.0/CMSIS/DSP/Source/StatisticsFunctions/StatisticsFunctionsF16.c:116:arm_mse_f16	8	static
