C:/Users/HanLab/AppData/Local/Arm/Packs/ARM/CMSIS/5.9.0/CMSIS/DSP/Source/StatisticsFunctions/StatisticsFunctions.c:147:arm_entropy_f32	32	static
C:/Users/HanLab/AppData/Local/Arm/Packs/ARM/CMSIS/5.9.0/CMSIS/DSP/Source/StatisticsFunctions/StatisticsFunctions.c:47:arm_entropy_f64	40	static
C:/Users/HanLab/AppData/Local/Arm/Packs/ARM/CMSIS/5.9.0/CMSIS/DSP/Source/StatisticsFunctions/StatisticsFunctions.c:164:arm_kullback_leibler_f32	32	static
C:/Users/HanLab/AppData/Local/Arm/Packs/ARM/CMSIS/5.9.0/CMSIS/DSP/Source/StatisticsFunctions/StatisticsFunctions.c:48:arm_kullback_leibler_f64	40	static
C:/Users/HanLab/AppData/Local/Arm/Packs/ARM/CMSIS/5.9.0/CMSIS/DSP/Source/StatisticsFunctions/StatisticsFunctions.c:54:arm_logsumexp_dot_prod_f32	16	static
C:/Users/HanLab/AppData/Local/Arm/Packs/ARM/CMSIS/5.9.0/CMSIS/DSP/Source/StatisticsFunctions/StatisticsFunctions.c:232:arm_logsumexp_f32	32	static
C:/Users/HanLab/AppData/Local/Arm/Packs/ARM/CMSIS/5.9.0/CMSIS/DSP/Source/StatisticsFunctions/StatisticsFunctions.c:263:arm_max_f32	8	static
C:/Users/HanLab/AppData/Local/Arm/Packs/ARM/CMSIS/5.9.0/CMSIS/DSP/Source/StatisticsFunctions/StatisticsFunctions.c:48:arm_max_f64	56	static
C:/Users/HanLab/AppData/Local/Arm/Packs/ARM/CMSIS/5.9.0/CMSIS/DSP/Source/StatisticsFunctions/StatisticsFunctions.c:102:arm_max_q15	16	static
C:/Users/HanLab/AppData/Local/Arm/Packs/ARM/CMSIS/5.9.0/CMSIS/DSP/Source/StatisticsFunctions/StatisticsFunctions.c:102:arm_max_q31	16	static
C:/Users/HanLab/AppData/Local/Arm/Packs/ARM/CMSIS/5.9.0/CMSIS/DSP/Source/StatisticsFunctions/StatisticsFunctions.c:156:arm_max_q7	16	static
C:/Users/HanLab/AppData/Local/Arm/Packs/ARM/CMSIS/5.9.0/CMSIS/DSP/Source/StatisticsFunctions/StatisticsFunctions.c:109:arm_max_no_idx_f32	0	static
C:/Users/HanLab/AppData/Local/Arm/Packs/ARM/CMSIS/5.9.0/CMSIS/DSP/Source/StatisticsFunctions/StatisticsFunctions.c:48:arm_max_no_idx_f64	32	static
C:/Users/HanLab/AppData/Local/Arm/Packs/ARM/CMSIS/5.9.0/CMSIS/DSP/Source/StatisticsFunctions/StatisticsFunctions.c:105:arm_max_no_idx_q31	0	static
C:/Users/HanLab/AppData/Local/Arm/Packs/ARM/CMSIS/5.9.0/CMSIS/DSP/Source/StatisticsFunctions/StatisticsFunctions.c:105:arm_max_no_idx_q15	8	static
C:/Users/HanLab/AppData/Local/Arm/Packs/ARM/CMSIS/5.9.0/CMSIS/DSP/Source/StatisticsFunctions/StatisticsFunctions.c:106:arm_max_no_idx_q7	8	static
C:/Users/HanLab/AppData/Local/Arm/Packs/ARM/CMSIS/5.9.0/CMSIS/DSP/Source/StatisticsFunctions/StatisticsFunctions.c:142:arm_mean_f32	0	static
C:/Users/HanLab/AppData/Local/Arm/Packs/ARM/CMSIS/5.9.0/CMSIS/DSP/Source/StatisticsFunctions/StatisticsFunctions.c:48:arm_mean_f64	32	static
C:/Users/HanLab/AppData/Local/Arm/Packs/ARM/CMSIS/5.9.0/CMSIS/DSP/Source/StatisticsFunctions/StatisticsFunctions.c:97:arm_mean_q15	8	static
C:/Users/HanLab/AppData/Local/Arm/Packs/ARM/CMSIS/5.9.0/CMSIS/DSP/Source/StatisticsFunctions/StatisticsFunctions.c:94:arm_mean_q31	16	static
C:/Users/HanLab/AppData/Local/Arm/Packs/ARM/CMSIS/5.9.0/CMSIS/DSP/Source/StatisticsFunctions/StatisticsFunctions.c:96:arm_mean_q7	8	static
C:/Users/HanLab/AppData/Local/Arm/Packs/ARM/CMSIS/5.9.0/CMSIS/DSP/Source/StatisticsFunctions/StatisticsFunctions.c:261:arm_min_f32	8	static
C:/Users/HanLab/AppData/Local/Arm/Packs/ARM/CMSIS/5.9.0/CMSIS/DSP/Source/StatisticsFunctions/StatisticsFunctions.c:48:arm_min_f64	56	static
C:/Users/HanLab/AppData/Local/Arm/Packs/ARM/CMSIS/5.9.0/CMSIS/DSP/Source/StatisticsFunctions/StatisticsFunctions.c:103:arm_min_q15	16	static
C:/Users/HanLab/AppData/Local/Arm/Packs/ARM/CMSIS/5.9.0/CMSIS/DSP/Source/StatisticsFunctions/StatisticsFunctions.c:103:arm_min_q31	16	static
C:/Users/HanLab/AppData/Local/Arm/Packs/ARM/CMSIS/5.9.0/CMSIS/DSP/Source/StatisticsFunctions/StatisticsFunctions.c:184:arm_min_q7	16	static
C:/Users/HanLab/AppData/Local/Arm/Packs/ARM/CMSIS/5.9.0/CMSIS/DSP/Source/StatisticsFunctions/StatisticsFunctions.c:109:arm_min_no_idx_f32	0	static
C:/Users/HanLab/AppData/Local/Arm/Packs/ARM/CMSIS/5.9.0/CMSIS/DSP/Source/StatisticsFunctions/StatisticsFunctions.c:48:arm_min_no_idx_f64	32	static
C:/Users/HanLab/AppData/Local/Arm/Packs/ARM/CMSIS/5.9.0/CMSIS/DSP/Source/StatisticsFunctions/StatisticsFunctions.c:104:arm_min_no_idx_q31	0	static
C:/Users/HanLab/AppData/Local/Arm/Packs/ARM/CMSIS/5.9.0/CMSIS/DSP/Source/StatisticsFunctions/StatisticsFunctions.c:105:arm_min_no_idx_q15	8	static
C:/Users/HanLab/AppData/Local/Arm/Packs/ARM/CMSIS/5.9.0/CMSIS/DSP/Source/StatisticsFunctions/StatisticsFunctions.c:104:arm_min_no_idx_q7	8	static
C:/Users/HanLab/AppData/Local/Arm/Packs/ARM/CMSIS/5.9.0/CMSIS/DSP/Source/StatisticsFunctions/StatisticsFunctions.c:164:arm_power_f32	0	static
C:/Users/HanLab/AppData/Local/Arm/Packs/ARM/CMSIS/5.9.0/CMSIS/DSP/Source/StatisticsFunctions/StatisticsFunctions.c:47:arm_power_f64	24	static
C:/Users/HanLab/AppData/Local/Arm/Packs/ARM/CMSIS/5.9.0/CMSIS/DSP/Source/StatisticsFunctions/StatisticsFunctions.c:101:arm_power_q15	8	static
C:/Users/HanLab/AppData/Local/Arm/Packs/ARM/CMSIS/5.9.0/CMSIS/DSP/Source/StatisticsFunctions/StatisticsFunctions.c:101:arm_power_q31	8	static
C:/Users/HanLab/AppData/Local/Arm/Packs/ARM/CMSIS/5.9.0/CMSIS/DSP/Source/StatisticsFunctions/StatisticsFunctions.c:100:arm_power_q7	0	static
C:/Users/HanLab/AppData/Local/Arm/Packs/ARM/CMSIS/5.9.0/CMSIS/DSP/Source/StatisticsFunctions/StatisticsFunctions.c:127:arm_rms_f32	8	static
C:/Users/HanLab/AppData/Local/Arm/Packs/ARM/CMSIS/5.9.0/CMSIS/DSP/Source/StatisticsFunctions/StatisticsFunctions.c:72:arm_rms_q15	16	static
C:/Users/HanLab/AppData/Local/Arm/Packs/ARM/CMSIS/5.9.0/CMSIS/DSP/Source/StatisticsFunctions/StatisticsFunctions.c:76:arm_rms_q31	16	static
C:/Users/HanLab/AppData/Local/Arm/Packs/ARM/CMSIS/5.9.0/CMSIS/DSP/Source/StatisticsFunctions/StatisticsFunctions.c:71:arm_std_f32	16	static
C:/Users/HanLab/AppData/Local/Arm/Packs/ARM/CMSIS/5.9.0/CMSIS/DSP/Source/StatisticsFunctions/StatisticsFunctions.c:182:arm_var_f32	0	static
C:/Users/HanLab/AppData/Local/Arm/Packs/ARM/CMSIS/5.9.0/CMSIS/DSP/Source/StatisticsFunctions/StatisticsFunctions.c:47:arm_std_f64	16	static
C:/Users/HanLab/AppData/Local/Arm/Packs/ARM/CMSIS/5.9.0/CMSIS/DSP/Source/StatisticsFunctions/StatisticsFunctions.c:47:arm_var_f64	56	static
C:/Users/HanLab/AppData/Local/Arm/Packs/ARM/CMSIS/5.9.0/CMSIS/DSP/Source/StatisticsFunctions/StatisticsFunctions.c:69:arm_std_q15	24	static
C:/Users/HanLab/AppData/Local/Arm/Packs/ARM/CMSIS/5.9.0/CMSIS/DSP/Source/StatisticsFunctions/StatisticsFunctions.c:72:arm_std_q31	40	static
C:/Users/HanLab/AppData/Local/Arm/Packs/ARM/CMSIS/5.9.0/CMSIS/DSP/Source/StatisticsFunctions/StatisticsFunctions.c:123:arm_var_q15	24	static
C:/Users/HanLab/AppData/Local/Arm/Packs/ARM/CMSIS/5.9.0/CMSIS/DSP/Source/StatisticsFunctions/StatisticsFunctions.c:128:arm_var_q31	40	static
C:/Users/HanLab/AppData/Local/Arm/Packs/ARM/CMSIS/5.9.0/CMSIS/DSP/Source/StatisticsFunctions/StatisticsFunctions.c:214:arm_absmax_f32	8	static
C:/Users/HanLab/AppData/Local/Arm/Packs/ARM/CMSIS/5.9.0/CMSIS/DSP/Source/StatisticsFunctions/StatisticsFunctions.c:48:arm_absmax_f64	64	static
C:/Users/HanLab/AppData/Local/Arm/Packs/ARM/CMSIS/5.9.0/CMSIS/DSP/Source/StatisticsFunctions/StatisticsFunctions.c:105:arm_absmax_q15	44	static
C:/Users/HanLab/AppData/Local/Arm/Packs/ARM/CMSIS/5.9.0/CMSIS/DSP/Source/StatisticsFunctions/StatisticsFunctions.c:104:arm_absmax_q31	36	static
C:/Users/HanLab/AppData/Local/Arm/Packs/ARM/CMSIS/5.9.0/CMSIS/DSP/Source/StatisticsFunctions/StatisticsFunctions.c:162:arm_absmax_q7	44	static
C:/Users/HanLab/AppData/Local/Arm/Packs/ARM/CMSIS/5.9.0/CMSIS/DSP/Source/StatisticsFunctions/StatisticsFunctions.c:235:arm_absmin_f32	8	static
C:/Users/HanLab/AppData/Local/Arm/Packs/ARM/CMSIS/5.9.0/CMSIS/DSP/Source/StatisticsFunctions/StatisticsFunctions.c:48:arm_absmin_f64	64	static
C:/Users/HanLab/AppData/Local/Arm/Packs/ARM/CMSIS/5.9.0/CMSIS/DSP/Source/StatisticsFunctions/StatisticsFunctions.c:137:arm_absmin_q15	44	static
C:/Users/HanLab/AppData/Local/Arm/Packs/ARM/CMSIS/5.9.0/CMSIS/DSP/Source/StatisticsFunctions/StatisticsFunctions.c:138:arm_absmin_q31	36	static
C:/Users/HanLab/AppData/Local/Arm/Packs/ARM/CMSIS/5.9.0/CMSIS/DSP/Source/StatisticsFunctions/StatisticsFunctions.c:191:arm_absmin_q7	44	static
C:/Users/HanLab/AppData/Local/Arm/Packs/ARM/CMSIS/5.9.0/CMSIS/DSP/Source/StatisticsFunctions/StatisticsFunctions.c:183:arm_absmax_no_idx_f32	0	static
C:/Users/HanLab/AppData/Local/Arm/Packs/ARM/CMSIS/5.9.0/CMSIS/DSP/Source/StatisticsFunctions/StatisticsFunctions.c:47:arm_absmax_no_idx_f64	40	static
C:/Users/HanLab/AppData/Local/Arm/Packs/ARM/CMSIS/5.9.0/CMSIS/DSP/Source/StatisticsFunctions/StatisticsFunctions.c:104:arm_absmax_no_idx_q15	20	static
C:/Users/HanLab/AppData/Local/Arm/Packs/ARM/CMSIS/5.9.0/CMSIS/DSP/Source/StatisticsFunctions/StatisticsFunctions.c:103:arm_absmax_no_idx_q31	20	static
C:/Users/HanLab/AppData/Local/Arm/Packs/ARM/CMSIS/5.9.0/CMSIS/DSP/Source/StatisticsFunctions/StatisticsFunctions.c:107:arm_absmax_no_idx_q7	20	static
C:/Users/HanLab/AppData/Local/Arm/Packs/ARM/CMSIS/5.9.0/CMSIS/DSP/Source/StatisticsFunctions/StatisticsFunctions.c:186:arm_absmin_no_idx_f32	0	static
C:/Users/HanLab/AppData/Local/Arm/Packs/ARM/CMSIS/5.9.0/CMSIS/DSP/Source/StatisticsFunctions/StatisticsFunctions.c:47:arm_absmin_no_idx_f64	40	static
C:/Users/HanLab/AppData/Local/Arm/Packs/ARM/CMSIS/5.9.0/CMSIS/DSP/Source/StatisticsFunctions/StatisticsFunctions.c:105:arm_absmin_no_idx_q15	20	static
C:/Users/HanLab/AppData/Local/Arm/Packs/ARM/CMSIS/5.9.0/CMSIS/DSP/Source/StatisticsFunctions/StatisticsFunctions.c:106:arm_absmin_no_idx_q31	20	static
C:/Users/HanLab/AppData/Local/Arm/Packs/ARM/CMSIS/5.9.0/CMSIS/DSP/Source/StatisticsFunctions/StatisticsFunctions.c:108:arm_absmin_no_idx_q7	20	static
C:/Users/HanLab/AppData/Local/Arm/Packs/ARM/CMSIS/5.9.0/CMSIS/DSP/Source/StatisticsFunctions/StatisticsFunctions.c:108:arm_mse_q7	16	static
C:/Users/HanLab/AppData/Local/Arm/Packs/ARM/CMSIS/5.9.0/CMSIS/DSP/Source/StatisticsFunctions/StatisticsFunctions.c:103:arm_mse_q15	24	static
C:/Users/HanLab/AppData/Local/Arm/Packs/ARM/CMSIS/5.9.0/CMSIS/DSP/Source/StatisticsFunctions/StatisticsFunctions.c:105:arm_mse_q31	24	static
C:/Users/HanLab/AppData/Local/Arm/Packs/ARM/CMSIS/5.9.0/CMSIS/DSP/Source/StatisticsFunctions/StatisticsFunctions.c:178:arm_mse_f32	0	static
C:/Users/HanLab/AppData/Local/Arm/Packs/ARM/CMSIS/5.9.0/CMSIS/DSP/Source/StatisticsFunctions/StatisticsFunctions.c:53:arm_mse_f64	32	static
