../Drivers/STM32L4xx_HAL_Driver/Src/stm32l4xx_hal_rcc_ex.c:194:HAL_RCCEx_PeriphCLKConfig	32	static
../Drivers/STM32L4xx_HAL_Driver/Src/stm32l4xx_hal_rcc_ex.c:2903:RCCEx_PLLSAI1_Config	24	static
../Drivers/STM32L4xx_HAL_Driver/Src/stm32l4xx_hal_rcc_ex.c:824:HAL_RCCEx_GetPeriphCLKConfig	0	static
../Drivers/STM32L4xx_HAL_Driver/Src/stm32l4xx_hal_rcc_ex.c:1150:HAL_RCCEx_GetPeriphCLKFreq	0	static
../Drivers/STM32L4xx_HAL_Driver/Src/stm32l4xx_hal_rcc_ex.c:2054:HAL_RCCEx_EnablePLLSAI1	16	static
../Drivers/STM32L4xx_HAL_Driver/Src/stm32l4xx_hal_rcc_ex.c:2122:HAL_RCCEx_DisablePLLSAI1	16	static
../Drivers/STM32L4xx_HAL_Driver/Src/stm32l4xx_hal_rcc_ex.c:2299:HAL_RCCEx_WakeUpStopCLKConfig	0	static
../Drivers/STM32L4xx_HAL_Driver/Src/stm32l4xx_hal_rcc_ex.c:2317:HAL_RCCEx_StandbyMSIRangeConfig	0	static
../Drivers/STM32L4xx_HAL_Driver/Src/stm32l4xx_hal_rcc_ex.c:2331:HAL_RCCEx_EnableLSECSS	0	static
../Drivers/STM32L4xx_HAL_Driver/Src/stm32l4xx_hal_rcc_ex.c:2341:HAL_RCCEx_DisableLSECSS	0	static
../Drivers/STM32L4xx_HAL_Driver/Src/stm32l4xx_hal_rcc_ex.c:2354:HAL_RCCEx_EnableLSECSS_IT	0	static
../Drivers/STM32L4xx_HAL_Driver/Src/stm32l4xx_hal_rcc_ex.c:2371:HAL_RCCEx_LSECSS_IRQHandler	8	static
../Drivers/STM32L4xx_HAL_Driver/Src/stm32l4xx_hal_rcc_ex.c:2388:HAL_RCCEx_LSECSS_Callback	0	static
../Drivers/STM32L4xx_HAL_Driver/Src/stm32l4xx_hal_rcc_ex.c:2403:HAL_RCCEx_EnableLSCO	40	static
../Drivers/STM32L4xx_HAL_Driver/Src/stm32l4xx_hal_rcc_ex.c:2450:HAL_RCCEx_DisableLSCO	24	static
../Drivers/STM32L4xx_HAL_Driver/Src/stm32l4xx_hal_rcc_ex.c:2488:HAL_RCCEx_EnableMSIPLLMode	0	static
../Drivers/STM32L4xx_HAL_Driver/Src/stm32l4xx_hal_rcc_ex.c:2498:HAL_RCCEx_DisableMSIPLLMode	0	static
../Drivers/STM32L4xx_HAL_Driver/Src/stm32l4xx_hal_rcc_ex.c:2595:HAL_RCCEx_CRSConfig	0	static
../Drivers/STM32L4xx_HAL_Driver/Src/stm32l4xx_hal_rcc_ex.c:2638:HAL_RCCEx_CRSSoftwareSynchronizationGenerate	0	static
../Drivers/STM32L4xx_HAL_Driver/Src/stm32l4xx_hal_rcc_ex.c:2648:HAL_RCCEx_CRSGetSynchronizationInfo	0	static
../Drivers/STM32L4xx_HAL_Driver/Src/stm32l4xx_hal_rcc_ex.c:2681:HAL_RCCEx_CRSWaitSynchronization	40	static
../Drivers/STM32L4xx_HAL_Driver/Src/stm32l4xx_hal_rcc_ex.c:2764:HAL_RCCEx_CRS_IRQHandler	0	static
../Drivers/STM32L4xx_HAL_Driver/Src/stm32l4xx_hal_rcc_ex.c:2829:HAL_RCCEx_CRS_SyncOkCallback	0	static
../Drivers/STM32L4xx_HAL_Driver/Src/stm32l4xx_hal_rcc_ex.c:2840:HAL_RCCEx_CRS_SyncWarnCallback	0	static
../Drivers/STM32L4xx_HAL_Driver/Src/stm32l4xx_hal_rcc_ex.c:2851:HAL_RCCEx_CRS_ExpectedSyncCallback	0	static
../Drivers/STM32L4xx_HAL_Driver/Src/stm32l4xx_hal_rcc_ex.c:2867:HAL_RCCEx_CRS_ErrorCallback	0	static
