../Drivers/STM32L4xx_HAL_Driver/Src/stm32l4xx_hal_pwr.c:86:HAL_PWR_DeInit	0	static
../Drivers/STM32L4xx_HAL_Driver/Src/stm32l4xx_hal_pwr.c:104:HAL_PWR_EnableBkUpAccess	0	static
../Drivers/STM32L4xx_HAL_Driver/Src/stm32l4xx_hal_pwr.c:114:HAL_PWR_DisableBkUpAccess	0	static
../Drivers/STM32L4xx_HAL_Driver/Src/stm32l4xx_hal_pwr.c:311:HAL_PWR_ConfigPVD	0	static
../Drivers/STM32L4xx_HAL_Driver/Src/stm32l4xx_hal_pwr.c:357:HAL_PWR_EnablePVD	0	static
../Drivers/STM32L4xx_HAL_Driver/Src/stm32l4xx_hal_pwr.c:366:HAL_PWR_DisablePVD	0	static
../Drivers/STM32L4xx_HAL_Driver/Src/stm32l4xx_hal_pwr.c:391:HAL_PWR_EnableWakeUpPin	0	static
../Drivers/STM32L4xx_HAL_Driver/Src/stm32l4xx_hal_pwr.c:412:HAL_PWR_DisableWakeUpPin	0	static
../Drivers/STM32L4xx_HAL_Driver/Src/stm32l4xx_hal_pwr.c:444:HAL_PWR_EnterSLEEPMode	8	static
../Drivers/STM32L4xx_HAL_Driver/Src/stm32l4xx_hal_pwr.c:523:HAL_PWR_EnterSTOPMode	0	static
../Drivers/STM32L4xx_HAL_Driver/Src/stm32l4xx_hal_pwr.c:556:HAL_PWR_EnterSTANDBYMode	0	static
../Drivers/STM32L4xx_HAL_Driver/Src/stm32l4xx_hal_pwr.c:582:HAL_PWR_EnableSleepOnExit	0	static
../Drivers/STM32L4xx_HAL_Driver/Src/stm32l4xx_hal_pwr.c:595:HAL_PWR_DisableSleepOnExit	0	static
../Drivers/STM32L4xx_HAL_Driver/Src/stm32l4xx_hal_pwr.c:609:HAL_PWR_EnableSEVOnPend	0	static
../Drivers/STM32L4xx_HAL_Driver/Src/stm32l4xx_hal_pwr.c:622:HAL_PWR_DisableSEVOnPend	0	static
../Drivers/STM32L4xx_HAL_Driver/Src/stm32l4xx_hal_pwr.c:636:HAL_PWR_PVDCallback	0	static
