../Drivers/STM32L4xx_HAL_Driver/Src/stm32l4xx_hal_pwr_ex.c:114:HAL_PWREx_GetVoltageRange	0	static
../Drivers/STM32L4xx_HAL_Driver/Src/stm32l4xx_hal_pwr_ex.c:163:HAL_PWREx_ControlVoltageScaling	0	static
../Drivers/STM32L4xx_HAL_Driver/Src/stm32l4xx_hal_pwr_ex.c:282:HAL_PWREx_EnableBatteryCharging	0	static
../Drivers/STM32L4xx_HAL_Driver/Src/stm32l4xx_hal_pwr_ex.c:298:HAL_PWREx_DisableBatteryCharging	0	static
../Drivers/STM32L4xx_HAL_Driver/Src/stm32l4xx_hal_pwr_ex.c:310:HAL_PWREx_EnableVddUSB	0	static
../Drivers/STM32L4xx_HAL_Driver/Src/stm32l4xx_hal_pwr_ex.c:320:HAL_PWREx_DisableVddUSB	0	static
../Drivers/STM32L4xx_HAL_Driver/Src/stm32l4xx_hal_pwr_ex.c:353:HAL_PWREx_EnableInternalWakeUpLine	0	static
../Drivers/STM32L4xx_HAL_Driver/Src/stm32l4xx_hal_pwr_ex.c:363:HAL_PWREx_DisableInternalWakeUpLine	0	static
../Drivers/STM32L4xx_HAL_Driver/Src/stm32l4xx_hal_pwr_ex.c:391:HAL_PWREx_EnableGPIOPullUp	0	static
../Drivers/STM32L4xx_HAL_Driver/Src/stm32l4xx_hal_pwr_ex.c:474:HAL_PWREx_DisableGPIOPullUp	0	static
../Drivers/STM32L4xx_HAL_Driver/Src/stm32l4xx_hal_pwr_ex.c:551:HAL_PWREx_EnableGPIOPullDown	0	static
../Drivers/STM32L4xx_HAL_Driver/Src/stm32l4xx_hal_pwr_ex.c:634:HAL_PWREx_DisableGPIOPullDown	8	static
../Drivers/STM32L4xx_HAL_Driver/Src/stm32l4xx_hal_pwr_ex.c:704:HAL_PWREx_EnablePullUpPullDownConfig	0	static
../Drivers/STM32L4xx_HAL_Driver/Src/stm32l4xx_hal_pwr_ex.c:716:HAL_PWREx_DisablePullUpPullDownConfig	0	static
../Drivers/STM32L4xx_HAL_Driver/Src/stm32l4xx_hal_pwr_ex.c:727:HAL_PWREx_EnableSRAM2ContentRetention	0	static
../Drivers/STM32L4xx_HAL_Driver/Src/stm32l4xx_hal_pwr_ex.c:751:HAL_PWREx_SetSRAM2ContentRetention	0	static
../Drivers/STM32L4xx_HAL_Driver/Src/stm32l4xx_hal_pwr_ex.c:736:HAL_PWREx_DisableSRAM2ContentRetention	0	static
../Drivers/STM32L4xx_HAL_Driver/Src/stm32l4xx_hal_pwr_ex.c:878:HAL_PWREx_EnablePVM1	0	static
../Drivers/STM32L4xx_HAL_Driver/Src/stm32l4xx_hal_pwr_ex.c:887:HAL_PWREx_DisablePVM1	0	static
../Drivers/STM32L4xx_HAL_Driver/Src/stm32l4xx_hal_pwr_ex.c:919:HAL_PWREx_EnablePVM3	0	static
../Drivers/STM32L4xx_HAL_Driver/Src/stm32l4xx_hal_pwr_ex.c:928:HAL_PWREx_DisablePVM3	0	static
../Drivers/STM32L4xx_HAL_Driver/Src/stm32l4xx_hal_pwr_ex.c:938:HAL_PWREx_EnablePVM4	0	static
../Drivers/STM32L4xx_HAL_Driver/Src/stm32l4xx_hal_pwr_ex.c:947:HAL_PWREx_DisablePVM4	0	static
../Drivers/STM32L4xx_HAL_Driver/Src/stm32l4xx_hal_pwr_ex.c:967:HAL_PWREx_ConfigPVM	0	static
../Drivers/STM32L4xx_HAL_Driver/Src/stm32l4xx_hal_pwr_ex.c:1129:HAL_PWREx_EnableLowPowerRunMode	0	static
../Drivers/STM32L4xx_HAL_Driver/Src/stm32l4xx_hal_pwr_ex.c:1144:HAL_PWREx_DisableLowPowerRunMode	0	static
../Drivers/STM32L4xx_HAL_Driver/Src/stm32l4xx_hal_pwr_ex.c:1188:HAL_PWREx_EnterSTOP0Mode	0	static
../Drivers/STM32L4xx_HAL_Driver/Src/stm32l4xx_hal_pwr_ex.c:1239:HAL_PWREx_EnterSTOP1Mode	0	static
../Drivers/STM32L4xx_HAL_Driver/Src/stm32l4xx_hal_pwr_ex.c:1292:HAL_PWREx_EnterSTOP2Mode	0	static
../Drivers/STM32L4xx_HAL_Driver/Src/stm32l4xx_hal_pwr_ex.c:1334:HAL_PWREx_EnterSHUTDOWNMode	0	static
../Drivers/STM32L4xx_HAL_Driver/Src/stm32l4xx_hal_pwr_ex.c:1359:HAL_PWREx_PVD_PVM_IRQHandler	8	static
../Drivers/STM32L4xx_HAL_Driver/Src/stm32l4xx_hal_pwr_ex.c:1415:HAL_PWREx_PVM1Callback	0	static
../Drivers/STM32L4xx_HAL_Driver/Src/stm32l4xx_hal_pwr_ex.c:1440:HAL_PWREx_PVM3Callback	0	static
../Drivers/STM32L4xx_HAL_Driver/Src/stm32l4xx_hal_pwr_ex.c:1451:HAL_PWREx_PVM4Callback	0	static
