../Drivers/STM32L4xx_HAL_Driver/Src/stm32l4xx_hal_i2c.c:528:HAL_I2C_Init	8	static
../Drivers/STM32L4xx_HAL_Driver/Src/stm32l4xx_hal_i2c.c:684:HAL_I2C_MspInit	0	static
../Drivers/STM32L4xx_HAL_Driver/Src/stm32l4xx_hal_i2c.c:638:HAL_I2C_DeInit	8	static
../Drivers/STM32L4xx_HAL_Driver/Src/stm32l4xx_hal_i2c.c:700:HAL_I2C_MspDeInit	0	static
../Drivers/STM32L4xx_HAL_Driver/Src/stm32l4xx_hal_i2c.c:1121:HAL_I2C_Master_Transmit	40	static
../Drivers/STM32L4xx_HAL_Driver/Src/stm32l4xx_hal_i2c.c:6640:I2C_WaitOnFlagUntilTimeout	32	static
../Drivers/STM32L4xx_HAL_Driver/Src/stm32l4xx_hal_i2c.c:6671:I2C_WaitOnTXISFlagUntilTimeout	24	static
../Drivers/STM32L4xx_HAL_Driver/Src/stm32l4xx_hal_i2c.c:6709:I2C_WaitOnSTOPFlagUntilTimeout	16	static
../Drivers/STM32L4xx_HAL_Driver/Src/stm32l4xx_hal_i2c.c:1240:HAL_I2C_Master_Receive	40	static
../Drivers/STM32L4xx_HAL_Driver/Src/stm32l4xx_hal_i2c.c:6744:I2C_WaitOnRXNEFlagUntilTimeout	16	static
../Drivers/STM32L4xx_HAL_Driver/Src/stm32l4xx_hal_i2c.c:1358:HAL_I2C_Slave_Transmit	24	static
../Drivers/STM32L4xx_HAL_Driver/Src/stm32l4xx_hal_i2c.c:1501:HAL_I2C_Slave_Receive	24	static
../Drivers/STM32L4xx_HAL_Driver/Src/stm32l4xx_hal_i2c.c:1631:HAL_I2C_Master_Transmit_IT	8	static
../Drivers/STM32L4xx_HAL_Driver/Src/stm32l4xx_hal_i2c.c:4739:I2C_Master_ISR_IT	16	static
../Drivers/STM32L4xx_HAL_Driver/Src/stm32l4xx_hal_i2c.c:1702:HAL_I2C_Master_Receive_IT	8	static
../Drivers/STM32L4xx_HAL_Driver/Src/stm32l4xx_hal_i2c.c:1771:HAL_I2C_Slave_Transmit_IT	8	static
../Drivers/STM32L4xx_HAL_Driver/Src/stm32l4xx_hal_i2c.c:5022:I2C_Slave_ISR_IT	24	static
../Drivers/STM32L4xx_HAL_Driver/Src/stm32l4xx_hal_i2c.c:1821:HAL_I2C_Slave_Receive_IT	8	static
../Drivers/STM32L4xx_HAL_Driver/Src/stm32l4xx_hal_i2c.c:1873:HAL_I2C_Master_Transmit_DMA	24	static
../Drivers/STM32L4xx_HAL_Driver/Src/stm32l4xx_hal_i2c.c:5163:I2C_Master_ISR_DMA	8	static
../Drivers/STM32L4xx_HAL_Driver/Src/stm32l4xx_hal_i2c.c:6437:I2C_DMAMasterTransmitCplt	8	static
../Drivers/STM32L4xx_HAL_Driver/Src/stm32l4xx_hal_i2c.c:6593:I2C_DMAError	0	static
../Drivers/STM32L4xx_HAL_Driver/Src/stm32l4xx_hal_i2c.c:2020:HAL_I2C_Master_Receive_DMA	24	static
../Drivers/STM32L4xx_HAL_Driver/Src/stm32l4xx_hal_i2c.c:6515:I2C_DMAMasterReceiveCplt	8	static
../Drivers/STM32L4xx_HAL_Driver/Src/stm32l4xx_hal_i2c.c:2165:HAL_I2C_Slave_Transmit_DMA	8	static
../Drivers/STM32L4xx_HAL_Driver/Src/stm32l4xx_hal_i2c.c:5442:I2C_Slave_ISR_DMA	24	static
../Drivers/STM32L4xx_HAL_Driver/Src/stm32l4xx_hal_i2c.c:6487:I2C_DMASlaveTransmitCplt	0	static
../Drivers/STM32L4xx_HAL_Driver/Src/stm32l4xx_hal_i2c.c:2269:HAL_I2C_Slave_Receive_DMA	8	static
../Drivers/STM32L4xx_HAL_Driver/Src/stm32l4xx_hal_i2c.c:6565:I2C_DMASlaveReceiveCplt	0	static
../Drivers/STM32L4xx_HAL_Driver/Src/stm32l4xx_hal_i2c.c:2377:HAL_I2C_Mem_Write	40	static
../Drivers/STM32L4xx_HAL_Driver/Src/stm32l4xx_hal_i2c.c:2514:HAL_I2C_Mem_Read	40	static
../Drivers/STM32L4xx_HAL_Driver/Src/stm32l4xx_hal_i2c.c:2651:HAL_I2C_Mem_Write_IT	16	static
../Drivers/STM32L4xx_HAL_Driver/Src/stm32l4xx_hal_i2c.c:4885:I2C_Mem_ISR_IT	16	static
../Drivers/STM32L4xx_HAL_Driver/Src/stm32l4xx_hal_i2c.c:2738:HAL_I2C_Mem_Read_IT	16	static
../Drivers/STM32L4xx_HAL_Driver/Src/stm32l4xx_hal_i2c.c:2824:HAL_I2C_Mem_Write_DMA	24	static
../Drivers/STM32L4xx_HAL_Driver/Src/stm32l4xx_hal_i2c.c:5303:I2C_Mem_ISR_DMA	8	static
../Drivers/STM32L4xx_HAL_Driver/Src/stm32l4xx_hal_i2c.c:2970:HAL_I2C_Mem_Read_DMA	24	static
../Drivers/STM32L4xx_HAL_Driver/Src/stm32l4xx_hal_i2c.c:3115:HAL_I2C_IsDeviceReady	48	static
../Drivers/STM32L4xx_HAL_Driver/Src/stm32l4xx_hal_i2c.c:3257:HAL_I2C_Master_Seq_Transmit_IT	16	static
../Drivers/STM32L4xx_HAL_Driver/Src/stm32l4xx_hal_i2c.c:3348:HAL_I2C_Master_Seq_Transmit_DMA	24	static
../Drivers/STM32L4xx_HAL_Driver/Src/stm32l4xx_hal_i2c.c:3516:HAL_I2C_Master_Seq_Receive_IT	16	static
../Drivers/STM32L4xx_HAL_Driver/Src/stm32l4xx_hal_i2c.c:3603:HAL_I2C_Master_Seq_Receive_DMA	24	static
../Drivers/STM32L4xx_HAL_Driver/Src/stm32l4xx_hal_i2c.c:3769:HAL_I2C_Slave_Seq_Transmit_IT	24	static
../Drivers/STM32L4xx_HAL_Driver/Src/stm32l4xx_hal_i2c.c:6611:I2C_DMAAbort	0	static
../Drivers/STM32L4xx_HAL_Driver/Src/stm32l4xx_hal_i2c.c:3865:HAL_I2C_Slave_Seq_Transmit_DMA	24	static
../Drivers/STM32L4xx_HAL_Driver/Src/stm32l4xx_hal_i2c.c:4046:HAL_I2C_Slave_Seq_Receive_IT	24	static
../Drivers/STM32L4xx_HAL_Driver/Src/stm32l4xx_hal_i2c.c:4142:HAL_I2C_Slave_Seq_Receive_DMA	24	static
../Drivers/STM32L4xx_HAL_Driver/Src/stm32l4xx_hal_i2c.c:4319:HAL_I2C_EnableListen_IT	0	static
../Drivers/STM32L4xx_HAL_Driver/Src/stm32l4xx_hal_i2c.c:4343:HAL_I2C_DisableListen_IT	0	static
../Drivers/STM32L4xx_HAL_Driver/Src/stm32l4xx_hal_i2c.c:4376:HAL_I2C_Master_Abort_IT	8	static
../Drivers/STM32L4xx_HAL_Driver/Src/stm32l4xx_hal_i2c.c:4438:HAL_I2C_EV_IRQHandler	0	static
../Drivers/STM32L4xx_HAL_Driver/Src/stm32l4xx_hal_i2c.c:4457:HAL_I2C_ER_IRQHandler	0	static
../Drivers/STM32L4xx_HAL_Driver/Src/stm32l4xx_hal_i2c.c:6266:I2C_ITError	8	static
../Drivers/STM32L4xx_HAL_Driver/Src/stm32l4xx_hal_i2c.c:4509:HAL_I2C_MasterTxCpltCallback	0	static
../Drivers/STM32L4xx_HAL_Driver/Src/stm32l4xx_hal_i2c.c:4525:HAL_I2C_MasterRxCpltCallback	0	static
../Drivers/STM32L4xx_HAL_Driver/Src/stm32l4xx_hal_i2c.c:4540:HAL_I2C_SlaveTxCpltCallback	0	static
../Drivers/STM32L4xx_HAL_Driver/Src/stm32l4xx_hal_i2c.c:4556:HAL_I2C_SlaveRxCpltCallback	0	static
../Drivers/STM32L4xx_HAL_Driver/Src/stm32l4xx_hal_i2c.c:4574:HAL_I2C_AddrCallback	0	static
../Drivers/STM32L4xx_HAL_Driver/Src/stm32l4xx_hal_i2c.c:4592:HAL_I2C_ListenCpltCallback	0	static
../Drivers/STM32L4xx_HAL_Driver/Src/stm32l4xx_hal_i2c.c:4608:HAL_I2C_MemTxCpltCallback	0	static
../Drivers/STM32L4xx_HAL_Driver/Src/stm32l4xx_hal_i2c.c:4624:HAL_I2C_MemRxCpltCallback	0	static
../Drivers/STM32L4xx_HAL_Driver/Src/stm32l4xx_hal_i2c.c:4640:HAL_I2C_ErrorCallback	0	static
../Drivers/STM32L4xx_HAL_Driver/Src/stm32l4xx_hal_i2c.c:4656:HAL_I2C_AbortCpltCallback	0	static
../Drivers/STM32L4xx_HAL_Driver/Src/stm32l4xx_hal_i2c.c:4691:HAL_I2C_GetState	0	static
../Drivers/STM32L4xx_HAL_Driver/Src/stm32l4xx_hal_i2c.c:4703:HAL_I2C_GetMode	0	static
../Drivers/STM32L4xx_HAL_Driver/Src/stm32l4xx_hal_i2c.c:4714:HAL_I2C_GetError	0	static
../Drivers/STM32L4xx_HAL_Driver/Src/stm32l4xx_hal_i2c.c:5786:I2C_ITMasterSeqCplt	0	static
../Drivers/STM32L4xx_HAL_Driver/Src/stm32l4xx_hal_i2c.c:5913:I2C_ITMasterCplt	12	static
../Drivers/STM32L4xx_HAL_Driver/Src/stm32l4xx_hal_i2c.c:6056:I2C_ITSlaveCplt	16	static
../Drivers/STM32L4xx_HAL_Driver/Src/stm32l4xx_hal_i2c.c:6215:I2C_ITListenCplt	0	static
../Drivers/STM32L4xx_HAL_Driver/Src/stm32l4xx_hal_i2c.c:5839:I2C_ITSlaveSeqCplt	0	static
../Drivers/STM32L4xx_HAL_Driver/Src/stm32l4xx_hal_i2c.c:5691:I2C_ITAddrCplt	8	static
../Drivers/STM32L4xx_HAL_Driver/Src/stm32l4xx_hal_i2c.c:6378:I2C_TreatErrorCallback	0	static
../Drivers/STM32L4xx_HAL_Driver/Src/stm32l4xx_hal_i2c.c:6817:I2C_IsErrorOccurred	32	static
