../Drivers/STM32L4xx_HAL_Driver/Src/stm32l4xx_ll_tim.c:216:LL_TIM_DeInit	0	static
../Drivers/STM32L4xx_HAL_Driver/Src/stm32l4xx_ll_tim.c:304:LL_TIM_StructInit	0	static
../Drivers/STM32L4xx_HAL_Driver/Src/stm32l4xx_ll_tim.c:323:LL_TIM_Init	8	static
../Drivers/STM32L4xx_HAL_Driver/Src/stm32l4xx_ll_tim.c:375:LL_TIM_OC_StructInit	8	static
../Drivers/STM32L4xx_HAL_Driver/Src/stm32l4xx_ll_tim.c:404:LL_TIM_OC_Init	24	static
../Drivers/STM32L4xx_HAL_Driver/Src/stm32l4xx_ll_tim.c:442:LL_TIM_IC_StructInit	0	static
../Drivers/STM32L4xx_HAL_Driver/Src/stm32l4xx_ll_tim.c:465:LL_TIM_IC_Init	8	static
../Drivers/STM32L4xx_HAL_Driver/Src/stm32l4xx_ll_tim.c:496:LL_TIM_ENCODER_StructInit	0	static
../Drivers/STM32L4xx_HAL_Driver/Src/stm32l4xx_ll_tim.c:519:LL_TIM_ENCODER_Init	16	static
../Drivers/STM32L4xx_HAL_Driver/Src/stm32l4xx_ll_tim.c:582:LL_TIM_HALLSENSOR_StructInit	0	static
../Drivers/STM32L4xx_HAL_Driver/Src/stm32l4xx_ll_tim.c:612:LL_TIM_HALLSENSOR_Init	16	static
../Drivers/STM32L4xx_HAL_Driver/Src/stm32l4xx_ll_tim.c:691:LL_TIM_BDTR_StructInit	8	static
../Drivers/STM32L4xx_HAL_Driver/Src/stm32l4xx_ll_tim.c:724:LL_TIM_BDTR_Init	8	static
