../Drivers/STM32L4xx_HAL_Driver/Src/stm32l4xx_hal_cortex.c:163:HAL_NVIC_SetPriorityGrouping	0	static
../Drivers/STM32L4xx_HAL_Driver/Src/stm32l4xx_hal_cortex.c:185:HAL_NVIC_SetPriority	8	static
../Drivers/STM32L4xx_HAL_Driver/Src/stm32l4xx_hal_cortex.c:207:HAL_NVIC_EnableIRQ	0	static
../Drivers/STM32L4xx_HAL_Driver/Src/stm32l4xx_hal_cortex.c:223:HAL_NVIC_DisableIRQ	0	static
../Drivers/STM32L4xx_HAL_Driver/Src/stm32l4xx_hal_cortex.c:236:HAL_NVIC_SystemReset	0	static
../Drivers/STM32L4xx_HAL_Driver/Src/stm32l4xx_hal_cortex.c:1933:__NVIC_SystemReset	0	static
../Drivers/STM32L4xx_HAL_Driver/Src/stm32l4xx_hal_cortex.c:249:HAL_SYSTICK_Config	0	static
../Drivers/STM32L4xx_HAL_Driver/Src/stm32l4xx_hal_cortex.c:277:HAL_NVIC_GetPriorityGrouping	0	static
../Drivers/STM32L4xx_HAL_Driver/Src/stm32l4xx_hal_cortex.c:304:HAL_NVIC_GetPriority	8	static
../Drivers/STM32L4xx_HAL_Driver/Src/stm32l4xx_hal_cortex.c:319:HAL_NVIC_SetPendingIRQ	0	static
../Drivers/STM32L4xx_HAL_Driver/Src/stm32l4xx_hal_cortex.c:337:HAL_NVIC_GetPendingIRQ	0	static
../Drivers/STM32L4xx_HAL_Driver/Src/stm32l4xx_hal_cortex.c:353:HAL_NVIC_ClearPendingIRQ	0	static
../Drivers/STM32L4xx_HAL_Driver/Src/stm32l4xx_hal_cortex.c:370:HAL_NVIC_GetActive	0	static
../Drivers/STM32L4xx_HAL_Driver/Src/stm32l4xx_hal_cortex.c:384:HAL_SYSTICK_CLKSourceConfig	0	static
../Drivers/STM32L4xx_HAL_Driver/Src/stm32l4xx_hal_cortex.c:402:HAL_SYSTICK_IRQHandler	0	static
../Drivers/STM32L4xx_HAL_Driver/Src/stm32l4xx_hal_cortex.c:411:HAL_SYSTICK_Callback	0	static
../Drivers/STM32L4xx_HAL_Driver/Src/stm32l4xx_hal_cortex.c:430:HAL_MPU_Enable	0	static
../Drivers/STM32L4xx_HAL_Driver/Src/stm32l4xx_hal_cortex.c:445:HAL_MPU_Disable	0	static
../Drivers/STM32L4xx_HAL_Driver/Src/stm32l4xx_hal_cortex.c:461:HAL_MPU_ConfigRegion	20	static
