../Drivers/STM32L4xx_HAL_Driver/Src/stm32l4xx_hal.c:152:HAL_Init	8	static
../Drivers/STM32L4xx_HAL_Driver/Src/stm32l4xx_hal.c:259:HAL_InitTick	16	static
../Drivers/STM32L4xx_HAL_Driver/Src/stm32l4xx_hal.c:225:HAL_MspInit	0	static
../Drivers/STM32L4xx_HAL_Driver/Src/stm32l4xx_hal.c:196:HAL_DeInit	8	static
../Drivers/STM32L4xx_HAL_Driver/Src/stm32l4xx_hal.c:236:HAL_MspDeInit	0	static
../Drivers/STM32L4xx_HAL_Driver/Src/stm32l4xx_hal.c:327:HAL_IncTick	0	static
../Drivers/STM32L4xx_HAL_Driver/Src/stm32l4xx_hal.c:338:HAL_GetTick	0	static
../Drivers/STM32L4xx_HAL_Driver/Src/stm32l4xx_hal.c:347:HAL_GetTickPrio	0	static
../Drivers/STM32L4xx_HAL_Driver/Src/stm32l4xx_hal.c:357:HAL_SetTickFreq	16	static
../Drivers/STM32L4xx_HAL_Driver/Src/stm32l4xx_hal.c:386:HAL_GetTickFreq	0	static
../Drivers/STM32L4xx_HAL_Driver/Src/stm32l4xx_hal.c:402:HAL_Delay	16	static
../Drivers/STM32L4xx_HAL_Driver/Src/stm32l4xx_hal.c:428:HAL_SuspendTick	0	static
../Drivers/STM32L4xx_HAL_Driver/Src/stm32l4xx_hal.c:444:HAL_ResumeTick	0	static
../Drivers/STM32L4xx_HAL_Driver/Src/stm32l4xx_hal.c:454:HAL_GetHalVersion	0	static
../Drivers/STM32L4xx_HAL_Driver/Src/stm32l4xx_hal.c:463:HAL_GetREVID	0	static
../Drivers/STM32L4xx_HAL_Driver/Src/stm32l4xx_hal.c:472:HAL_GetDEVID	0	static
../Drivers/STM32L4xx_HAL_Driver/Src/stm32l4xx_hal.c:481:HAL_GetUIDw0	0	static
../Drivers/STM32L4xx_HAL_Driver/Src/stm32l4xx_hal.c:490:HAL_GetUIDw1	0	static
../Drivers/STM32L4xx_HAL_Driver/Src/stm32l4xx_hal.c:499:HAL_GetUIDw2	0	static
../Drivers/STM32L4xx_HAL_Driver/Src/stm32l4xx_hal.c:528:HAL_DBGMCU_EnableDBGSleepMode	0	static
../Drivers/STM32L4xx_HAL_Driver/Src/stm32l4xx_hal.c:537:HAL_DBGMCU_DisableDBGSleepMode	0	static
../Drivers/STM32L4xx_HAL_Driver/Src/stm32l4xx_hal.c:546:HAL_DBGMCU_EnableDBGStopMode	0	static
../Drivers/STM32L4xx_HAL_Driver/Src/stm32l4xx_hal.c:555:HAL_DBGMCU_DisableDBGStopMode	0	static
../Drivers/STM32L4xx_HAL_Driver/Src/stm32l4xx_hal.c:564:HAL_DBGMCU_EnableDBGStandbyMode	0	static
../Drivers/STM32L4xx_HAL_Driver/Src/stm32l4xx_hal.c:573:HAL_DBGMCU_DisableDBGStandbyMode	0	static
../Drivers/STM32L4xx_HAL_Driver/Src/stm32l4xx_hal.c:606:HAL_SYSCFG_SRAM2Erase	0	static
../Drivers/STM32L4xx_HAL_Driver/Src/stm32l4xx_hal.c:625:HAL_SYSCFG_EnableMemorySwappingBank	0	static
../Drivers/STM32L4xx_HAL_Driver/Src/stm32l4xx_hal.c:640:HAL_SYSCFG_DisableMemorySwappingBank	0	static
../Drivers/STM32L4xx_HAL_Driver/Src/stm32l4xx_hal.c:734:HAL_SYSCFG_EnableIOAnalogSwitchBooster	0	static
../Drivers/STM32L4xx_HAL_Driver/Src/stm32l4xx_hal.c:744:HAL_SYSCFG_DisableIOAnalogSwitchBooster	0	static
