C:/Users/HanLab/AppData/Local/Arm/Packs/ARM/CMSIS/5.9.0/CMSIS/DSP/Source/SupportFunctions/SupportFunctions.c:352:arm_barycenter_f32	24	static
C:/Users/HanLab/AppData/Local/Arm/Packs/ARM/CMSIS/5.9.0/CMSIS/DSP/Source/SupportFunctions/SupportFunctions.c:912:arm_bitonic_sort_f32	56	static
C:/Users/HanLab/AppData/Local/Arm/Packs/ARM/CMSIS/5.9.0/CMSIS/DSP/Source/SupportFunctions/SupportFunctions.c:60:arm_bubble_sort_f32	24	static
C:/Users/HanLab/AppData/Local/Arm/Packs/ARM/CMSIS/5.9.0/CMSIS/DSP/Source/SupportFunctions/SupportFunctions.c:140:arm_copy_f32	0	static
C:/Users/HanLab/AppData/Local/Arm/Packs/ARM/CMSIS/5.9.0/CMSIS/DSP/Source/SupportFunctions/SupportFunctions.c:47:arm_copy_f64	0	static
C:/Users/HanLab/AppData/Local/Arm/Packs/ARM/CMSIS/5.9.0/CMSIS/DSP/Source/SupportFunctions/SupportFunctions.c:81:arm_copy_q15	0	static
C:/Users/HanLab/AppData/Local/Arm/Packs/ARM/CMSIS/5.9.0/CMSIS/DSP/Source/SupportFunctions/SupportFunctions.c:84:arm_copy_q31	0	static
C:/Users/HanLab/AppData/Local/Arm/Packs/ARM/CMSIS/5.9.0/CMSIS/DSP/Source/SupportFunctions/SupportFunctions.c:84:arm_copy_q7	0	static
C:/Users/HanLab/AppData/Local/Arm/Packs/ARM/CMSIS/5.9.0/CMSIS/DSP/Source/SupportFunctions/SupportFunctions.c:137:arm_fill_f32	0	static
C:/Users/HanLab/AppData/Local/Arm/Packs/ARM/CMSIS/5.9.0/CMSIS/DSP/Source/SupportFunctions/SupportFunctions.c:47:arm_fill_f64	0	static
C:/Users/HanLab/AppData/Local/Arm/Packs/ARM/CMSIS/5.9.0/CMSIS/DSP/Source/SupportFunctions/SupportFunctions.c:81:arm_fill_q15	0	static
C:/Users/HanLab/AppData/Local/Arm/Packs/ARM/CMSIS/5.9.0/CMSIS/DSP/Source/SupportFunctions/SupportFunctions.c:84:arm_fill_q31	0	static
C:/Users/HanLab/AppData/Local/Arm/Packs/ARM/CMSIS/5.9.0/CMSIS/DSP/Source/SupportFunctions/SupportFunctions.c:81:arm_fill_q7	8	static
C:/Users/HanLab/AppData/Local/Arm/Packs/ARM/CMSIS/5.9.0/CMSIS/DSP/Source/SupportFunctions/SupportFunctions.c:84:arm_heap_sort_f32	24	static
C:/Users/HanLab/AppData/Local/Arm/Packs/ARM/CMSIS/5.9.0/CMSIS/DSP/Source/SupportFunctions/SupportFunctions.c:34:arm_heapify	16	static
C:/Users/HanLab/AppData/Local/Arm/Packs/ARM/CMSIS/5.9.0/CMSIS/DSP/Source/SupportFunctions/SupportFunctions.c:58:arm_insertion_sort_f32	24	static
C:/Users/HanLab/AppData/Local/Arm/Packs/ARM/CMSIS/5.9.0/CMSIS/DSP/Source/SupportFunctions/SupportFunctions.c:103:arm_merge_sort_f32	32	static
C:/Users/HanLab/AppData/Local/Arm/Packs/ARM/CMSIS/5.9.0/CMSIS/DSP/Source/SupportFunctions/SupportFunctions.c:61:arm_merge_sort_core_f32	32	static
C:/Users/HanLab/AppData/Local/Arm/Packs/ARM/CMSIS/5.9.0/CMSIS/DSP/Source/SupportFunctions/SupportFunctions.c:46:arm_merge_sort_init_f32	0	static
C:/Users/HanLab/AppData/Local/Arm/Packs/ARM/CMSIS/5.9.0/CMSIS/DSP/Source/SupportFunctions/SupportFunctions.c:157:arm_quick_sort_f32	16	static
C:/Users/HanLab/AppData/Local/Arm/Packs/ARM/CMSIS/5.9.0/CMSIS/DSP/Source/SupportFunctions/SupportFunctions.c:103:arm_quick_sort_core_f32	32	static
C:/Users/HanLab/AppData/Local/Arm/Packs/ARM/CMSIS/5.9.0/CMSIS/DSP/Source/SupportFunctions/SupportFunctions.c:59:arm_selection_sort_f32	24	static
C:/Users/HanLab/AppData/Local/Arm/Packs/ARM/CMSIS/5.9.0/CMSIS/DSP/Source/SupportFunctions/SupportFunctions.c:50:arm_sort_f32	16	static
C:/Users/HanLab/AppData/Local/Arm/Packs/ARM/CMSIS/5.9.0/CMSIS/DSP/Source/SupportFunctions/SupportFunctions.c:46:arm_sort_init_f32	0	static
C:/Users/HanLab/AppData/Local/Arm/Packs/ARM/CMSIS/5.9.0/CMSIS/DSP/Source/SupportFunctions/SupportFunctions.c:158:arm_weighted_sum_f32	0	static
C:/Users/HanLab/AppData/Local/Arm/Packs/ARM/CMSIS/5.9.0/CMSIS/DSP/Source/SupportFunctions/SupportFunctions.c:216:arm_float_to_q15	0	static
C:/Users/HanLab/AppData/Local/Arm/Packs/ARM/CMSIS/5.9.0/CMSIS/DSP/Source/SupportFunctions/SupportFunctions.c:220:arm_float_to_q31	0	static
C:/Users/HanLab/AppData/Local/Arm/Packs/ARM/CMSIS/5.9.0/CMSIS/DSP/Source/SupportFunctions/SupportFunctions.c:240:arm_float_to_q7	0	static
C:/Users/HanLab/AppData/Local/Arm/Packs/ARM/CMSIS/5.9.0/CMSIS/DSP/Source/SupportFunctions/SupportFunctions.c:153:arm_q15_to_float	0	static
C:/Users/HanLab/AppData/Local/Arm/Packs/ARM/CMSIS/5.9.0/CMSIS/DSP/Source/SupportFunctions/SupportFunctions.c:97:arm_q15_to_q31	0	static
C:/Users/HanLab/AppData/Local/Arm/Packs/ARM/CMSIS/5.9.0/CMSIS/DSP/Source/SupportFunctions/SupportFunctions.c:97:arm_q15_to_q7	0	static
C:/Users/HanLab/AppData/Local/Arm/Packs/ARM/CMSIS/5.9.0/CMSIS/DSP/Source/SupportFunctions/SupportFunctions.c:148:arm_q31_to_float	0	static
C:/Users/HanLab/AppData/Local/Arm/Packs/ARM/CMSIS/5.9.0/CMSIS/DSP/Source/SupportFunctions/SupportFunctions.c:100:arm_q31_to_q15	0	static
C:/Users/HanLab/AppData/Local/Arm/Packs/ARM/CMSIS/5.9.0/CMSIS/DSP/Source/SupportFunctions/SupportFunctions.c:112:arm_q31_to_q7	0	static
C:/Users/HanLab/AppData/Local/Arm/Packs/ARM/CMSIS/5.9.0/CMSIS/DSP/Source/SupportFunctions/SupportFunctions.c:164:arm_q7_to_float	0	static
C:/Users/HanLab/AppData/Local/Arm/Packs/ARM/CMSIS/5.9.0/CMSIS/DSP/Source/SupportFunctions/SupportFunctions.c:98:arm_q7_to_q15	0	static
C:/Users/HanLab/AppData/Local/Arm/Packs/ARM/CMSIS/5.9.0/CMSIS/DSP/Source/SupportFunctions/SupportFunctions.c:96:arm_q7_to_q31	0	static
