C:/Users/HanLab/AppData/Local/Arm/Packs/ARM/CMSIS/5.9.0/CMSIS/DSP/Source/SupportFunctions/SupportFunctionsF16.c:76:arm_copy_f16	0	static
C:/Users/HanLab/AppData/Local/Arm/Packs/ARM/CMSIS/5.9.0/CMSIS/DSP/Source/SupportFunctions/SupportFunctionsF16.c:73:arm_fill_f16	0	static
C:/Users/HanLab/AppData/Local/Arm/Packs/ARM/CMSIS/5.9.0/CMSIS/DSP/Source/SupportFunctions/SupportFunctionsF16.c:99:arm_f16_to_q15	8	static
C:/Users/HanLab/AppData/Local/Arm/Packs/ARM/CMSIS/5.9.0/CMSIS/DSP/Source/SupportFunctions/SupportFunctionsF16.c:104:arm_f16_to_float	0	static
C:/Users/HanLab/AppData/Local/Arm/Packs/ARM/CMSIS/5.9.0/CMSIS/DSP/Source/SupportFunctions/SupportFunctionsF16.c:99:arm_q15_to_f16	0	static
C:/Users/HanLab/AppData/Local/Arm/Packs/ARM/CMSIS/5.9.0/CMSIS/DSP/Source/SupportFunctions/SupportFunctionsF16.c:101:arm_float_to_f16	0	static
C:/Users/HanLab/AppData/Local/Arm/Packs/ARM/CMSIS/5.9.0/CMSIS/DSP/Source/SupportFunctions/SupportFunctionsF16.c:115:arm_weighted_sum_f16	0	static
C:/Users/HanLab/AppData/Local/Arm/Packs/ARM/CMSIS/5.9.0/CMSIS/DSP/Source/SupportFunctions/SupportFunctionsF16.c:210:arm_barycenter_f16	24	static
