C:/Users/HanLab/AppData/Local/Arm/Packs/ARM/CMSIS/5.9.0/CMSIS/DSP/Source/SVMFunctions/SVMFunctionsF16.c:75:arm_svm_linear_init_f16	8	static
C:/Users/HanLab/AppData/Local/Arm/Packs/ARM/CMSIS/5.9.0/CMSIS/DSP/Source/SVMFunctions/SVMFunctionsF16.c:286:arm_svm_linear_predict_f16	28	static
C:/Users/HanLab/AppData/Local/Arm/Packs/ARM/CMSIS/5.9.0/CMSIS/DSP/Source/SVMFunctions/SVMFunctionsF16.c:73:arm_svm_polynomial_init_f16	20	static
C:/Users/HanLab/AppData/Local/Arm/Packs/ARM/CMSIS/5.9.0/CMSIS/DSP/Source/SVMFunctions/SVMFunctionsF16.c:339:arm_svm_polynomial_predict_f16	36	static
C:/Users/HanLab/AppData/Local/Arm/Packs/ARM/CMSIS/5.9.0/CMSIS/DSP/Source/SVMFunctions/SVMFunctionsF16.c:71:arm_svm_rbf_init_f16	16	static
C:/Users/HanLab/AppData/Local/Arm/Packs/ARM/CMSIS/5.9.0/CMSIS/DSP/Source/SVMFunctions/SVMFunctionsF16.c:322:arm_svm_rbf_predict_f16	56	static
C:/Users/HanLab/AppData/Local/Arm/Packs/ARM/CMSIS/5.9.0/CMSIS/DSP/Source/SVMFunctions/SVMFunctionsF16.c:71:arm_svm_sigmoid_init_f16	16	static
C:/Users/HanLab/AppData/Local/Arm/Packs/ARM/CMSIS/5.9.0/CMSIS/DSP/Source/SVMFunctions/SVMFunctionsF16.c:304:arm_svm_sigmoid_predict_f16	56	static
