C:/Users/HanLab/AppData/Local/Arm/Packs/ARM/CMSIS/5.9.0/CMSIS/DSP/Source/SVMFunctions/SVMFunctions.c:72:arm_svm_linear_init_f32	8	static
C:/Users/HanLab/AppData/Local/Arm/Packs/ARM/CMSIS/5.9.0/CMSIS/DSP/Source/SVMFunctions/SVMFunctions.c:435:arm_svm_linear_predict_f32	24	static
C:/Users/HanLab/AppData/Local/Arm/Packs/ARM/CMSIS/5.9.0/CMSIS/DSP/Source/SVMFunctions/SVMFunctions.c:70:arm_svm_polynomial_init_f32	8	static
C:/Users/HanLab/AppData/Local/Arm/Packs/ARM/CMSIS/5.9.0/CMSIS/DSP/Source/SVMFunctions/SVMFunctions.c:462:arm_svm_polynomial_predict_f32	32	static
C:/Users/HanLab/AppData/Local/Arm/Packs/ARM/CMSIS/5.9.0/CMSIS/DSP/Source/SVMFunctions/SVMFunctions.c:68:arm_svm_rbf_init_f32	8	static
C:/Users/HanLab/AppData/Local/Arm/Packs/ARM/CMSIS/5.9.0/CMSIS/DSP/Source/SVMFunctions/SVMFunctions.c:495:arm_svm_rbf_predict_f32	48	static
C:/Users/HanLab/AppData/Local/Arm/Packs/ARM/CMSIS/5.9.0/CMSIS/DSP/Source/SVMFunctions/SVMFunctions.c:68:arm_svm_sigmoid_init_f32	8	static
C:/Users/HanLab/AppData/Local/Arm/Packs/ARM/CMSIS/5.9.0/CMSIS/DSP/Source/SVMFunctions/SVMFunctions.c:460:arm_svm_sigmoid_predict_f32	48	static
