Component: Arm Compiler for Embedded 6.18 Tool: armlink [5e4cc100]

==============================================================================

Section Cross References

    startup_stm32l432xx.o(RESET) refers to startup_stm32l432xx.o(STACK) for __initial_sp
    startup_stm32l432xx.o(RESET) refers to startup_stm32l432xx.o(.text) for Reset_Handler
    startup_stm32l432xx.o(RESET) refers to lto-llvm-8882dd.o(.text.NMI_Handler) for NMI_Handler
    startup_stm32l432xx.o(RESET) refers to lto-llvm-8882dd.o(.text.HardFault_Handler) for HardFault_Handler
    startup_stm32l432xx.o(RESET) refers to lto-llvm-8882dd.o(.text.MemManage_Handler) for MemManage_Handler
    startup_stm32l432xx.o(RESET) refers to lto-llvm-8882dd.o(.text.BusFault_Handler) for BusFault_Handler
    startup_stm32l432xx.o(RESET) refers to lto-llvm-8882dd.o(.text.UsageFault_Handler) for UsageFault_Handler
    startup_stm32l432xx.o(RESET) refers to lto-llvm-8882dd.o(.text.SVC_Handler) for SVC_Handler
    startup_stm32l432xx.o(RESET) refers to lto-llvm-8882dd.o(.text.DebugMon_Handler) for DebugMon_Handler
    startup_stm32l432xx.o(RESET) refers to lto-llvm-8882dd.o(.text.PendSV_Handler) for PendSV_Handler
    startup_stm32l432xx.o(RESET) refers to lto-llvm-8882dd.o(.text.SysTick_Handler) for SysTick_Handler
    startup_stm32l432xx.o(.text) refers to lto-llvm-8882dd.o(.text.SystemInit) for SystemInit
    startup_stm32l432xx.o(.text) refers to entry.o(.ARM.Collect$$$$00000000) for __main
    exp.o(i.__hardfp_exp) refers (Special) to iusefp.o(.text) for __I$use$fp
    exp.o(i.__hardfp_exp) refers to dunder.o(i.__mathlib_dbl_infnan) for __mathlib_dbl_infnan
    exp.o(i.__hardfp_exp) refers to cdrcmple.o(.text) for __aeabi_cdrcmple
    exp.o(i.__hardfp_exp) refers to errno.o(i.__set_errno) for __set_errno
    exp.o(i.__hardfp_exp) refers to dunder.o(i.__mathlib_dbl_overflow) for __mathlib_dbl_overflow
    exp.o(i.__hardfp_exp) refers to cdcmple.o(.text) for __aeabi_cdcmple
    exp.o(i.__hardfp_exp) refers to dunder.o(i.__mathlib_dbl_underflow) for __mathlib_dbl_underflow
    exp.o(i.__hardfp_exp) refers to dadd.o(.text) for __aeabi_dsub
    exp.o(i.__hardfp_exp) refers to dmul.o(.text) for __aeabi_dmul
    exp.o(i.__hardfp_exp) refers to dfixi.o(.text) for __aeabi_d2iz
    exp.o(i.__hardfp_exp) refers to dflti.o(.text) for __aeabi_i2d
    exp.o(i.__hardfp_exp) refers to poly.o(i.__kernel_poly) for __kernel_poly
    exp.o(i.__hardfp_exp) refers to ddiv.o(.text) for __aeabi_ddiv
    exp.o(i.__hardfp_exp) refers to fpclassify.o(i.__ARM_fpclassify) for __ARM_fpclassify
    exp.o(i.__hardfp_exp) refers to exp.o(.constdata) for .constdata
    exp.o(i.__softfp_exp) refers (Special) to iusefp.o(.text) for __I$use$fp
    exp.o(i.__softfp_exp) refers to exp.o(i.__hardfp_exp) for __hardfp_exp
    exp.o(i.exp) refers (Special) to iusefp.o(.text) for __I$use$fp
    exp.o(i.exp) refers to exp.o(i.__hardfp_exp) for __hardfp_exp
    exp.o(.constdata) refers (Special) to iusefp.o(.text) for __I$use$fp
    expf.o(i.__hardfp_expf) refers (Special) to iusefp.o(.text) for __I$use$fp
    expf.o(i.__hardfp_expf) refers to errno.o(i.__set_errno) for __set_errno
    expf.o(i.__hardfp_expf) refers to funder.o(i.__mathlib_flt_underflow) for __mathlib_flt_underflow
    expf.o(i.__hardfp_expf) refers to funder.o(i.__mathlib_flt_infnan) for __mathlib_flt_infnan
    expf.o(i.__hardfp_expf) refers to funder.o(i.__mathlib_flt_overflow) for __mathlib_flt_overflow
    expf.o(i.__hardfp_expf) refers to fpclassifyf.o(i.__ARM_fpclassifyf) for __ARM_fpclassifyf
    expf.o(i.__hardfp_expf) refers to expf.o(.constdata) for .constdata
    expf.o(i.__softfp_expf) refers (Special) to iusefp.o(.text) for __I$use$fp
    expf.o(i.__softfp_expf) refers to expf.o(i.__hardfp_expf) for __hardfp_expf
    expf.o(i.expf) refers (Special) to iusefp.o(.text) for __I$use$fp
    expf.o(i.expf) refers to expf.o(i.__hardfp_expf) for __hardfp_expf
    expf.o(.constdata) refers (Special) to iusefp.o(.text) for __I$use$fp
    log.o(i.__hardfp_log) refers (Special) to iusefp.o(.text) for __I$use$fp
    log.o(i.__hardfp_log) refers to dunder.o(i.__mathlib_dbl_infnan) for __mathlib_dbl_infnan
    log.o(i.__hardfp_log) refers to errno.o(i.__set_errno) for __set_errno
    log.o(i.__hardfp_log) refers to dunder.o(i.__mathlib_dbl_invalid) for __mathlib_dbl_invalid
    log.o(i.__hardfp_log) refers to dunder.o(i.__mathlib_dbl_divzero) for __mathlib_dbl_divzero
    log.o(i.__hardfp_log) refers to dmul.o(.text) for __aeabi_dmul
    log.o(i.__hardfp_log) refers to dadd.o(.text) for __aeabi_dsub
    log.o(i.__hardfp_log) refers to cdcmple.o(.text) for __aeabi_cdcmpeq
    log.o(i.__hardfp_log) refers to dflti.o(.text) for __aeabi_i2d
    log.o(i.__hardfp_log) refers to ddiv.o(.text) for __aeabi_ddiv
    log.o(i.__hardfp_log) refers to poly.o(i.__kernel_poly) for __kernel_poly
    log.o(i.__hardfp_log) refers to qnan.o(.constdata) for __mathlib_zero
    log.o(i.__hardfp_log) refers to log.o(.constdata) for .constdata
[...]
    lto-llvm-8882dd.o(.text) refers (Special) to _scanf_int.o(.text) for _scanf_int
    lto-llvm-8882dd.o(.text) refers (Special) to scanf_fp.o(.text) for _scanf_real
    lto-llvm-8882dd.o(.text.getCurrentMicros) refers (Special) to _scanf_int.o(.text) for _scanf_int
    lto-llvm-8882dd.o(.text.getCurrentMicros) refers (Special) to scanf_fp.o(.text) for _scanf_real
    lto-llvm-8882dd.o(.text.getCurrentMicros) refers to lto-llvm-8882dd.o(.bss) for [Anonymous Symbol]
    lto-llvm-8882dd.o(.ARM.exidx.text.getCurrentMicros) refers (Special) to _scanf_int.o(.text) for _scanf_int
    lto-llvm-8882dd.o(.ARM.exidx.text.getCurrentMicros) refers (Special) to scanf_fp.o(.text) for _scanf_real
    lto-llvm-8882dd.o(.ARM.exidx.text.getCurrentMicros) refers to lto-llvm-8882dd.o(.text.getCurrentMicros) for [Anonymous Symbol]
    lto-llvm-8882dd.o(.text.main) refers (Special) to _scanf_int.o(.text) for _scanf_int
    lto-llvm-8882dd.o(.text.main) refers (Special) to scanf_fp.o(.text) for _scanf_real
    lto-llvm-8882dd.o(.text.main) refers to lto-llvm-8882dd.o(.text.HAL_InitTick) for HAL_InitTick
    lto-llvm-8882dd.o(.text.main) refers to lto-llvm-8882dd.o(.text.RCC_SetFlashLatencyFromMSIRange) for RCC_SetFlashLatencyFromMSIRange
    lto-llvm-8882dd.o(.text.main) refers to lto-llvm-8882dd.o(.text.OUTLINED_FUNCTION_0) for OUTLINED_FUNCTION_0
    lto-llvm-8882dd.o(.text.main) refers to lto-llvm-8882dd.o(.text.HAL_RCC_GetSysClockFreq) for HAL_RCC_GetSysClockFreq
    lto-llvm-8882dd.o(.text.main) refers to lto-llvm-8882dd.o(.text.OUTLINED_FUNCTION_8) for OUTLINED_FUNCTION_8
    lto-llvm-8882dd.o(.text.main) refers to lto-llvm-8882dd.o(.text.OUTLINED_FUNCTION_3) for OUTLINED_FUNCTION_3
    lto-llvm-8882dd.o(.text.main) refers to lto-llvm-8882dd.o(.text.HAL_GPIO_Init) for HAL_GPIO_Init
    lto-llvm-8882dd.o(.text.main) refers to lto-llvm-8882dd.o(.text.HAL_RCC_GetPCLK1Freq) for HAL_RCC_GetPCLK1Freq
    lto-llvm-8882dd.o(.text.main) refers to uldiv.o(.text) for __aeabi_uldivmod
    lto-llvm-8882dd.o(.text.main) refers to lto-llvm-8882dd.o(.text.HAL_RCC_GetPCLK2Freq) for HAL_RCC_GetPCLK2Freq
    lto-llvm-8882dd.o(.text.main) refers to lto-llvm-8882dd.o(.text.OUTLINED_FUNCTION_5) for OUTLINED_FUNCTION_5
    lto-llvm-8882dd.o(.text.main) refers to printfa.o(i.__0printf) for __2printf
    lto-llvm-8882dd.o(.text.main) refers to __0scanf.o(.text) for __0scanf
    lto-llvm-8882dd.o(.text.main) refers to lto-llvm-8882dd.o(.text.HAL_Delay) for HAL_Delay
    lto-llvm-8882dd.o(.text.main) refers to lto-llvm-8882dd.o(.text.getCurrentMicros) for getCurrentMicros
    lto-llvm-8882dd.o(.text.main) refers to lto-llvm-8882dd.o(.text.aiRun) for aiRun
    lto-llvm-8882dd.o(.text.main) refers to dfltui.o(.text) for __aeabi_ui2d
    lto-llvm-8882dd.o(.text.main) refers to dadd.o(.text) for __aeabi_dsub
    lto-llvm-8882dd.o(.text.main) refers to ddiv.o(.text) for __aeabi_ddiv
    lto-llvm-8882dd.o(.text.main) refers to lto-llvm-8882dd.o(.text.Error_Handler) for Error_Handler
    lto-llvm-8882dd.o(.text.main) refers to lto-llvm-8882dd.o(.bss) for [Anonymous Symbol]
    lto-llvm-8882dd.o(.text.main) refers to lto-llvm-8882dd.o(.rodata.cst16) for [Anonymous Symbol]
    lto-llvm-8882dd.o(.text.main) refers to lto-llvm-8882dd.o(.data) for [Anonymous Symbol]
    lto-llvm-8882dd.o(.ARM.exidx.text.main) refers (Special) to _scanf_int.o(.text) for _scanf_int
    lto-llvm-8882dd.o(.ARM.exidx.text.main) refers (Special) to scanf_fp.o(.text) for _scanf_real
    lto-llvm-8882dd.o(.ARM.exidx.text.main) refers to lto-llvm-8882dd.o(.text.main) for [Anonymous Symbol]
    lto-llvm-8882dd.o(.text.Error_Handler) refers (Special) to _scanf_int.o(.text) for _scanf_int
    lto-llvm-8882dd.o(.text.Error_Handler) refers (Special) to scanf_fp.o(.text) for _scanf_real
    lto-llvm-8882dd.o(.ARM.exidx.text.Error_Handler) refers (Special) to _scanf_int.o(.text) for _scanf_int
    lto-llvm-8882dd.o(.ARM.exidx.text.Error_Handler) refers (Special) to scanf_fp.o(.text) for _scanf_real
    lto-llvm-8882dd.o(.ARM.exidx.text.Error_Handler) refers to lto-llvm-8882dd.o(.text.Error_Handler) for [Anonymous Symbol]
    lto-llvm-8882dd.o(.text.fputc) refers (Special) to _scanf_int.o(.text) for _scanf_int
    lto-llvm-8882dd.o(.text.fputc) refers (Special) to scanf_fp.o(.text) for _scanf_real
    lto-llvm-8882dd.o(.text.fputc) refers to lto-llvm-8882dd.o(.text.OUTLINED_FUNCTION_4) for OUTLINED_FUNCTION_4
    lto-llvm-8882dd.o(.text.fputc) refers to lto-llvm-8882dd.o(.bss) for [Anonymous Symbol]
    lto-llvm-8882dd.o(.ARM.exidx.text.fputc) refers (Special) to _scanf_int.o(.text) for _scanf_int
    lto-llvm-8882dd.o(.ARM.exidx.text.fputc) refers (Special) to scanf_fp.o(.text) for _scanf_real
    lto-llvm-8882dd.o(.ARM.exidx.text.fputc) refers to lto-llvm-8882dd.o(.text.fputc) for [Anonymous Symbol]
    lto-llvm-8882dd.o(.text.fgetc) refers (Special) to _scanf_int.o(.text) for _scanf_int
    lto-llvm-8882dd.o(.text.fgetc) refers (Special) to scanf_fp.o(.text) for _scanf_real
    lto-llvm-8882dd.o(.text.fgetc) refers to lto-llvm-8882dd.o(.text.OUTLINED_FUNCTION_4) for OUTLINED_FUNCTION_4
    lto-llvm-8882dd.o(.text.fgetc) refers to lto-llvm-8882dd.o(.bss) for [Anonymous Symbol]
    lto-llvm-8882dd.o(.ARM.exidx.text.fgetc) refers (Special) to _scanf_int.o(.text) for _scanf_int
    lto-llvm-8882dd.o(.ARM.exidx.text.fgetc) refers (Special) to scanf_fp.o(.text) for _scanf_real
    lto-llvm-8882dd.o(.ARM.exidx.text.fgetc) refers to lto-llvm-8882dd.o(.text.fgetc) for [Anonymous Symbol]
    lto-llvm-8882dd.o(.text.NMI_Handler) refers (Special) to _scanf_int.o(.text) for _scanf_int
    lto-llvm-8882dd.o(.text.NMI_Handler) refers (Special) to scanf_fp.o(.text) for _scanf_real
    lto-llvm-8882dd.o(.ARM.exidx.text.NMI_Handler) refers (Special) to _scanf_int.o(.text) for _scanf_int
    lto-llvm-8882dd.o(.ARM.exidx.text.NMI_Handler) refers (Special) to scanf_fp.o(.text) for _scanf_real
    lto-llvm-8882dd.o(.ARM.exidx.text.NMI_Handler) refers to lto-llvm-8882dd.o(.text.NMI_Handler) for [Anonymous Symbol]
    lto-llvm-8882dd.o(.text.HardFault_Handler) refers (Special) to _scanf_int.o(.text) for _scanf_int
    lto-llvm-8882dd.o(.text.HardFault_Handler) refers (Special) to scanf_fp.o(.text) for _scanf_real
    lto-llvm-8882dd.o(.ARM.exidx.text.HardFault_Handler) refers (Special) to _scanf_int.o(.text) for _scanf_int
    lto-llvm-8882dd.o(.ARM.exidx.text.HardFault_Handler) refers (Special) to scanf_fp.o(.text) for _scanf_real
    lto-llvm-8882dd.o(.ARM.exidx.text.HardFault_Handler) refers to lto-llvm-8882dd.o(.text.HardFault_Handler) for [Anonymous Symbol]
    lto-llvm-8882dd.o(.text.MemManage_Handler) refers (Special) to _scanf_int.o(.text) for _scanf_int
    lto-llvm-8882dd.o(.text.MemManage_Handler) refers (Special) to scanf_fp.o(.text) for _scanf_real
    lto-llvm-8882dd.o(.ARM.exidx.text.MemManage_Handler) refers (Special) to _scanf_int.o(.text) for _scanf_int
    lto-llvm-8882dd.o(.ARM.exidx.text.MemManage_Handler) refers (Special) to scanf_fp.o(.text) for _scanf_real
    lto-llvm-8882dd.o(.ARM.exidx.text.MemManage_Handler) refers to lto-llvm-8882dd.o(.text.MemManage_Handler) for [Anonymous Symbol]
    lto-llvm-8882dd.o(.text.BusFault_Handler) refers (Special) to _scanf_int.o(.text) for _scanf_int
    lto-llvm-8882dd.o(.text.BusFault_Handler) refers (Special) to scanf_fp.o(.text) for _scanf_real
    lto-llvm-8882dd.o(.ARM.exidx.text.BusFault_Handler) refers (Special) to _scanf_int.o(.text) for _scanf_int
    lto-llvm-8882dd.o(.ARM.exidx.text.BusFault_Handler) refers (Special) to scanf_fp.o(.text) for _scanf_real
    lto-llvm-8882dd.o(.ARM.exidx.text.BusFault_Handler) refers to lto-llvm-8882dd.o(.text.BusFault_Handler) for [Anonymous Symbol]
    lto-llvm-8882dd.o(.text.UsageFault_Handler) refers (Special) to _scanf_int.o(.text) for _scanf_int
    lto-llvm-8882dd.o(.text.UsageFault_Handler) refers (Special) to scanf_fp.o(.text) for _scanf_real
    lto-llvm-8882dd.o(.ARM.exidx.text.UsageFault_Handler) refers (Special) to _scanf_int.o(.text) for _scanf_int
    lto-llvm-8882dd.o(.ARM.exidx.text.UsageFault_Handler) refers (Special) to scanf_fp.o(.text) for _scanf_real
    lto-llvm-8882dd.o(.ARM.exidx.text.UsageFault_Handler) refers to lto-llvm-8882dd.o(.text.UsageFault_Handler) for [Anonymous Symbol]
    lto-llvm-8882dd.o(.text.SVC_Handler) refers (Special) to _scanf_int.o(.text) for _scanf_int
    lto-llvm-8882dd.o(.text.SVC_Handler) refers (Special) to scanf_fp.o(.text) for _scanf_real
    lto-llvm-8882dd.o(.ARM.exidx.text.SVC_Handler) refers (Special) to _scanf_int.o(.text) for _scanf_int
    lto-llvm-8882dd.o(.ARM.exidx.text.SVC_Handler) refers (Special) to scanf_fp.o(.text) for _scanf_real
    lto-llvm-8882dd.o(.ARM.exidx.text.SVC_Handler) refers to lto-llvm-8882dd.o(.text.SVC_Handler) for [Anonymous Symbol]
    lto-llvm-8882dd.o(.text.DebugMon_Handler) refers (Special) to _scanf_int.o(.text) for _scanf_int
    lto-llvm-8882dd.o(.text.DebugMon_Handler) refers (Special) to scanf_fp.o(.text) for _scanf_real
    lto-llvm-8882dd.o(.ARM.exidx.text.DebugMon_Handler) refers (Special) to _scanf_int.o(.text) for _scanf_int
    lto-llvm-8882dd.o(.ARM.exidx.text.DebugMon_Handler) refers (Special) to scanf_fp.o(.text) for _scanf_real
    lto-llvm-8882dd.o(.ARM.exidx.text.DebugMon_Handler) refers to lto-llvm-8882dd.o(.text.DebugMon_Handler) for [Anonymous Symbol]
    lto-llvm-8882dd.o(.text.PendSV_Handler) refers (Special) to _scanf_int.o(.text) for _scanf_int
    lto-llvm-8882dd.o(.text.PendSV_Handler) refers (Special) to scanf_fp.o(.text) for _scanf_real
    lto-llvm-8882dd.o(.ARM.exidx.text.PendSV_Handler) refers (Special) to _scanf_int.o(.text) for _scanf_int
    lto-llvm-8882dd.o(.ARM.exidx.text.PendSV_Handler) refers (Special) to scanf_fp.o(.text) for _scanf_real
    lto-llvm-8882dd.o(.ARM.exidx.text.PendSV_Handler) refers to lto-llvm-8882dd.o(.text.PendSV_Handler) for [Anonymous Symbol]
    lto-llvm-8882dd.o(.text.SysTick_Handler) refers (Special) to _scanf_int.o(.text) for _scanf_int
    lto-llvm-8882dd.o(.text.SysTick_Handler) refers (Special) to scanf_fp.o(.text) for _scanf_real
    lto-llvm-8882dd.o(.text.SysTick_Handler) refers to lto-llvm-8882dd.o(.bss) for [Anonymous Symbol]
    lto-llvm-8882dd.o(.ARM.exidx.text.SysTick_Handler) refers (Special) to _scanf_int.o(.text) for _scanf_int
    lto-llvm-8882dd.o(.ARM.exidx.text.SysTick_Handler) refers (Special) to scanf_fp.o(.text) for _scanf_real
    lto-llvm-8882dd.o(.ARM.exidx.text.SysTick_Handler) refers to lto-llvm-8882dd.o(.text.SysTick_Handler) for [Anonymous Symbol]
    lto-llvm-8882dd.o(.text.compare) refers (Special) to _scanf_int.o(.text) for _scanf_int
    lto-llvm-8882dd.o(.text.compare) refers (Special) to scanf_fp.o(.text) for _scanf_real
    lto-llvm-8882dd.o(.ARM.exidx.text.compare) refers (Special) to _scanf_int.o(.text) for _scanf_int
    lto-llvm-8882dd.o(.ARM.exidx.text.compare) refers (Special) to scanf_fp.o(.text) for _scanf_real
    lto-llvm-8882dd.o(.ARM.exidx.text.compare) refers to lto-llvm-8882dd.o(.text.compare) for [Anonymous Symbol]
    lto-llvm-8882dd.o(.text.aiRun) refers (Special) to _scanf_int.o(.text) for _scanf_int
    lto-llvm-8882dd.o(.text.aiRun) refers (Special) to scanf_fp.o(.text) for _scanf_real
    lto-llvm-8882dd.o(.text.aiRun) refers to memcpya.o(.text) for __aeabi_memcpy4
    lto-llvm-8882dd.o(.text.aiRun) refers to lto-llvm-8882dd.o(.text.OUTLINED_FUNCTION_6) for OUTLINED_FUNCTION_6
    lto-llvm-8882dd.o(.text.aiRun) refers to lto-llvm-8882dd.o(.text.OUTLINED_FUNCTION_2) for OUTLINED_FUNCTION_2
    lto-llvm-8882dd.o(.text.aiRun) refers to sqrtf.o(i.__hardfp_sqrtf) for __hardfp_sqrtf
    lto-llvm-8882dd.o(.text.aiRun) refers to lto-llvm-8882dd.o(.text.compare) for compare
    lto-llvm-8882dd.o(.ARM.exidx.text.aiRun) refers (Special) to _scanf_int.o(.text) for _scanf_int
    lto-llvm-8882dd.o(.ARM.exidx.text.aiRun) refers (Special) to scanf_fp.o(.text) for _scanf_real
    lto-llvm-8882dd.o(.ARM.exidx.text.aiRun) refers to lto-llvm-8882dd.o(.text.aiRun) for [Anonymous Symbol]
    lto-llvm-8882dd.o(.text.HAL_InitTick) refers (Special) to _scanf_int.o(.text) for _scanf_int
    lto-llvm-8882dd.o(.text.HAL_InitTick) refers (Special) to scanf_fp.o(.text) for _scanf_real
    lto-llvm-8882dd.o(.text.HAL_InitTick) refers to lto-llvm-8882dd.o(.data) for [Anonymous Symbol]
    lto-llvm-8882dd.o(.ARM.exidx.text.HAL_InitTick) refers (Special) to _scanf_int.o(.text) for _scanf_int
    lto-llvm-8882dd.o(.ARM.exidx.text.HAL_InitTick) refers (Special) to scanf_fp.o(.text) for _scanf_real
    lto-llvm-8882dd.o(.ARM.exidx.text.HAL_InitTick) refers to lto-llvm-8882dd.o(.text.HAL_InitTick) for [Anonymous Symbol]
    lto-llvm-8882dd.o(.text.HAL_Delay) refers (Special) to _scanf_int.o(.text) for _scanf_int
    lto-llvm-8882dd.o(.text.HAL_Delay) refers (Special) to scanf_fp.o(.text) for _scanf_real
    lto-llvm-8882dd.o(.text.HAL_Delay) refers to lto-llvm-8882dd.o(.bss) for [Anonymous Symbol]
    lto-llvm-8882dd.o(.ARM.exidx.text.HAL_Delay) refers (Special) to _scanf_int.o(.text) for _scanf_int
    lto-llvm-8882dd.o(.ARM.exidx.text.HAL_Delay) refers (Special) to scanf_fp.o(.text) for _scanf_real
    lto-llvm-8882dd.o(.ARM.exidx.text.HAL_Delay) refers to lto-llvm-8882dd.o(.text.HAL_Delay) for [Anonymous Symbol]
    lto-llvm-8882dd.o(.text.RCC_SetFlashLatencyFromMSIRange) refers (Special) to _scanf_int.o(.text) for _scanf_int
    lto-llvm-8882dd.o(.text.RCC_SetFlashLatencyFromMSIRange) refers (Special) to scanf_fp.o(.text) for _scanf_real
    lto-llvm-8882dd.o(.ARM.exidx.text.RCC_SetFlashLatencyFromMSIRange) refers (Special) to _scanf_int.o(.text) for _scanf_int
    lto-llvm-8882dd.o(.ARM.exidx.text.RCC_SetFlashLatencyFromMSIRange) refers (Special) to scanf_fp.o(.text) for _scanf_real
    lto-llvm-8882dd.o(.ARM.exidx.text.RCC_SetFlashLatencyFromMSIRange) refers to lto-llvm-8882dd.o(.text.RCC_SetFlashLatencyFromMSIRange) for [Anonymous Symbol]
    lto-llvm-8882dd.o(.text.HAL_RCC_GetSysClockFreq) refers (Special) to _scanf_int.o(.text) for _scanf_int
    lto-llvm-8882dd.o(.text.HAL_RCC_GetSysClockFreq) refers (Special) to scanf_fp.o(.text) for _scanf_real
    lto-llvm-8882dd.o(.ARM.exidx.text.HAL_RCC_GetSysClockFreq) refers (Special) to _scanf_int.o(.text) for _scanf_int
    lto-llvm-8882dd.o(.ARM.exidx.text.HAL_RCC_GetSysClockFreq) refers (Special) to scanf_fp.o(.text) for _scanf_real
    lto-llvm-8882dd.o(.ARM.exidx.text.HAL_RCC_GetSysClockFreq) refers to lto-llvm-8882dd.o(.text.HAL_RCC_GetSysClockFreq) for [Anonymous Symbol]
    lto-llvm-8882dd.o(.text.HAL_RCC_GetPCLK1Freq) refers (Special) to _scanf_int.o(.text) for _scanf_int
    lto-llvm-8882dd.o(.text.HAL_RCC_GetPCLK1Freq) refers (Special) to scanf_fp.o(.text) for _scanf_real
    lto-llvm-8882dd.o(.text.HAL_RCC_GetPCLK1Freq) refers to lto-llvm-8882dd.o(.text.OUTLINED_FUNCTION_7) for OUTLINED_FUNCTION_7
    lto-llvm-8882dd.o(.text.HAL_RCC_GetPCLK1Freq) refers to lto-llvm-8882dd.o(.data) for [Anonymous Symbol]
    lto-llvm-8882dd.o(.text.HAL_RCC_GetPCLK1Freq) refers to lto-llvm-8882dd.o(.rodata.cst8) for [Anonymous Symbol]
    lto-llvm-8882dd.o(.ARM.exidx.text.HAL_RCC_GetPCLK1Freq) refers (Special) to _scanf_int.o(.text) for _scanf_int
    lto-llvm-8882dd.o(.ARM.exidx.text.HAL_RCC_GetPCLK1Freq) refers (Special) to scanf_fp.o(.text) for _scanf_real
    lto-llvm-8882dd.o(.ARM.exidx.text.HAL_RCC_GetPCLK1Freq) refers to lto-llvm-8882dd.o(.text.HAL_RCC_GetPCLK1Freq) for [Anonymous Symbol]
    lto-llvm-8882dd.o(.text.HAL_RCC_GetPCLK2Freq) refers (Special) to _scanf_int.o(.text) for _scanf_int
    lto-llvm-8882dd.o(.text.HAL_RCC_GetPCLK2Freq) refers (Special) to scanf_fp.o(.text) for _scanf_real
    lto-llvm-8882dd.o(.text.HAL_RCC_GetPCLK2Freq) refers to lto-llvm-8882dd.o(.text.OUTLINED_FUNCTION_7) for OUTLINED_FUNCTION_7
    lto-llvm-8882dd.o(.text.HAL_RCC_GetPCLK2Freq) refers to lto-llvm-8882dd.o(.data) for [Anonymous Symbol]
    lto-llvm-8882dd.o(.text.HAL_RCC_GetPCLK2Freq) refers to lto-llvm-8882dd.o(.rodata.cst8) for [Anonymous Symbol]
    lto-llvm-8882dd.o(.ARM.exidx.text.HAL_RCC_GetPCLK2Freq) refers (Special) to _scanf_int.o(.text) for _scanf_int
    lto-llvm-8882dd.o(.ARM.exidx.text.HAL_RCC_GetPCLK2Freq) refers (Special) to scanf_fp.o(.text) for _scanf_real
    lto-llvm-8882dd.o(.ARM.exidx.text.HAL_RCC_GetPCLK2Freq) refers to lto-llvm-8882dd.o(.text.HAL_RCC_GetPCLK2Freq) for [Anonymous Symbol]
    lto-llvm-8882dd.o(.text.HAL_GPIO_Init) refers (Special) to _scanf_int.o(.text) for _scanf_int
    lto-llvm-8882dd.o(.text.HAL_GPIO_Init) refers (Special) to scanf_fp.o(.text) for _scanf_real
    lto-llvm-8882dd.o(.ARM.exidx.text.HAL_GPIO_Init) refers (Special) to _scanf_int.o(.text) for _scanf_int
    lto-llvm-8882dd.o(.ARM.exidx.text.HAL_GPIO_Init) refers (Special) to scanf_fp.o(.text) for _scanf_real
    lto-llvm-8882dd.o(.ARM.exidx.text.HAL_GPIO_Init) refers to lto-llvm-8882dd.o(.text.HAL_GPIO_Init) for [Anonymous Symbol]
    lto-llvm-8882dd.o(.text.UART_WaitOnFlagUntilTimeout) refers (Special) to _scanf_int.o(.text) for _scanf_int
    lto-llvm-8882dd.o(.text.UART_WaitOnFlagUntilTimeout) refers (Special) to scanf_fp.o(.text) for _scanf_real
    lto-llvm-8882dd.o(.text.UART_WaitOnFlagUntilTimeout) refers to lto-llvm-8882dd.o(.text.OUTLINED_FUNCTION_1) for OUTLINED_FUNCTION_1
    lto-llvm-8882dd.o(.text.UART_WaitOnFlagUntilTimeout) refers to lto-llvm-8882dd.o(.bss) for [Anonymous Symbol]
    lto-llvm-8882dd.o(.ARM.exidx.text.UART_WaitOnFlagUntilTimeout) refers (Special) to _scanf_int.o(.text) for _scanf_int
    lto-llvm-8882dd.o(.ARM.exidx.text.UART_WaitOnFlagUntilTimeout) refers (Special) to scanf_fp.o(.text) for _scanf_real
    lto-llvm-8882dd.o(.ARM.exidx.text.UART_WaitOnFlagUntilTimeout) refers to lto-llvm-8882dd.o(.text.UART_WaitOnFlagUntilTimeout) for [Anonymous Symbol]
    lto-llvm-8882dd.o(.text.SystemInit) refers (Special) to _scanf_int.o(.text) for _scanf_int
    lto-llvm-8882dd.o(.text.SystemInit) refers (Special) to scanf_fp.o(.text) for _scanf_real
    lto-llvm-8882dd.o(.ARM.exidx.text.SystemInit) refers (Special) to _scanf_int.o(.text) for _scanf_int
    lto-llvm-8882dd.o(.ARM.exidx.text.SystemInit) refers (Special) to scanf_fp.o(.text) for _scanf_real
    lto-llvm-8882dd.o(.ARM.exidx.text.SystemInit) refers to lto-llvm-8882dd.o(.text.SystemInit) for [Anonymous Symbol]
    lto-llvm-8882dd.o(.text.OUTLINED_FUNCTION_0) refers (Special) to _scanf_int.o(.text) for _scanf_int
    lto-llvm-8882dd.o(.text.OUTLINED_FUNCTION_0) refers (Special) to scanf_fp.o(.text) for _scanf_real
    lto-llvm-8882dd.o(.ARM.exidx.text.OUTLINED_FUNCTION_0) refers (Special) to _scanf_int.o(.text) for _scanf_int
    lto-llvm-8882dd.o(.ARM.exidx.text.OUTLINED_FUNCTION_0) refers (Special) to scanf_fp.o(.text) for _scanf_real
    lto-llvm-8882dd.o(.ARM.exidx.text.OUTLINED_FUNCTION_0) refers to lto-llvm-8882dd.o(.text.OUTLINED_FUNCTION_0) for [Anonymous Symbol]
    lto-llvm-8882dd.o(.text.OUTLINED_FUNCTION_1) refers (Special) to _scanf_int.o(.text) for _scanf_int
    lto-llvm-8882dd.o(.text.OUTLINED_FUNCTION_1) refers (Special) to scanf_fp.o(.text) for _scanf_real
    lto-llvm-8882dd.o(.ARM.exidx.text.OUTLINED_FUNCTION_1) refers (Special) to _scanf_int.o(.text) for _scanf_int
    lto-llvm-8882dd.o(.ARM.exidx.text.OUTLINED_FUNCTION_1) refers (Special) to scanf_fp.o(.text) for _scanf_real
    lto-llvm-8882dd.o(.ARM.exidx.text.OUTLINED_FUNCTION_1) refers to lto-llvm-8882dd.o(.text.OUTLINED_FUNCTION_1) for [Anonymous Symbol]
    lto-llvm-8882dd.o(.text.OUTLINED_FUNCTION_2) refers (Special) to _scanf_int.o(.text) for _scanf_int
    lto-llvm-8882dd.o(.text.OUTLINED_FUNCTION_2) refers (Special) to scanf_fp.o(.text) for _scanf_real
    lto-llvm-8882dd.o(.ARM.exidx.text.OUTLINED_FUNCTION_2) refers (Special) to _scanf_int.o(.text) for _scanf_int
    lto-llvm-8882dd.o(.ARM.exidx.text.OUTLINED_FUNCTION_2) refers (Special) to scanf_fp.o(.text) for _scanf_real
    lto-llvm-8882dd.o(.ARM.exidx.text.OUTLINED_FUNCTION_2) refers to lto-llvm-8882dd.o(.text.OUTLINED_FUNCTION_2) for [Anonymous Symbol]
    lto-llvm-8882dd.o(.text.OUTLINED_FUNCTION_3) refers (Special) to _scanf_int.o(.text) for _scanf_int
    lto-llvm-8882dd.o(.text.OUTLINED_FUNCTION_3) refers (Special) to scanf_fp.o(.text) for _scanf_real
    lto-llvm-8882dd.o(.ARM.exidx.text.OUTLINED_FUNCTION_3) refers (Special) to _scanf_int.o(.text) for _scanf_int
    lto-llvm-8882dd.o(.ARM.exidx.text.OUTLINED_FUNCTION_3) refers (Special) to scanf_fp.o(.text) for _scanf_real
    lto-llvm-8882dd.o(.ARM.exidx.text.OUTLINED_FUNCTION_3) refers to lto-llvm-8882dd.o(.text.OUTLINED_FUNCTION_3) for [Anonymous Symbol]
    lto-llvm-8882dd.o(.text.OUTLINED_FUNCTION_4) refers (Special) to _scanf_int.o(.text) for _scanf_int
    lto-llvm-8882dd.o(.text.OUTLINED_FUNCTION_4) refers (Special) to scanf_fp.o(.text) for _scanf_real
    lto-llvm-8882dd.o(.text.OUTLINED_FUNCTION_4) refers to lto-llvm-8882dd.o(.text.UART_WaitOnFlagUntilTimeout) for UART_WaitOnFlagUntilTimeout
    lto-llvm-8882dd.o(.ARM.exidx.text.OUTLINED_FUNCTION_4) refers (Special) to _scanf_int.o(.text) for _scanf_int
    lto-llvm-8882dd.o(.ARM.exidx.text.OUTLINED_FUNCTION_4) refers (Special) to scanf_fp.o(.text) for _scanf_real
    lto-llvm-8882dd.o(.ARM.exidx.text.OUTLINED_FUNCTION_4) refers to lto-llvm-8882dd.o(.text.OUTLINED_FUNCTION_4) for [Anonymous Symbol]
    lto-llvm-8882dd.o(.text.OUTLINED_FUNCTION_5) refers (Special) to _scanf_int.o(.text) for _scanf_int
    lto-llvm-8882dd.o(.text.OUTLINED_FUNCTION_5) refers (Special) to scanf_fp.o(.text) for _scanf_real
    lto-llvm-8882dd.o(.text.OUTLINED_FUNCTION_5) refers to lto-llvm-8882dd.o(.text.UART_WaitOnFlagUntilTimeout) for UART_WaitOnFlagUntilTimeout
    lto-llvm-8882dd.o(.ARM.exidx.text.OUTLINED_FUNCTION_5) refers (Special) to _scanf_int.o(.text) for _scanf_int
    lto-llvm-8882dd.o(.ARM.exidx.text.OUTLINED_FUNCTION_5) refers (Special) to scanf_fp.o(.text) for _scanf_real
    lto-llvm-8882dd.o(.ARM.exidx.text.OUTLINED_FUNCTION_5) refers to lto-llvm-8882dd.o(.text.OUTLINED_FUNCTION_5) for [Anonymous Symbol]
    lto-llvm-8882dd.o(.text.OUTLINED_FUNCTION_6) refers (Special) to _scanf_int.o(.text) for _scanf_int
    lto-llvm-8882dd.o(.text.OUTLINED_FUNCTION_6) refers (Special) to scanf_fp.o(.text) for _scanf_real
    lto-llvm-8882dd.o(.text.OUTLINED_FUNCTION_6) refers to qsort.o(.text) for qsort
    lto-llvm-8882dd.o(.ARM.exidx.text.OUTLINED_FUNCTION_6) refers (Special) to _scanf_int.o(.text) for _scanf_int
    lto-llvm-8882dd.o(.ARM.exidx.text.OUTLINED_FUNCTION_6) refers (Special) to scanf_fp.o(.text) for _scanf_real
    lto-llvm-8882dd.o(.ARM.exidx.text.OUTLINED_FUNCTION_6) refers to lto-llvm-8882dd.o(.text.OUTLINED_FUNCTION_6) for [Anonymous Symbol]
    lto-llvm-8882dd.o(.text.OUTLINED_FUNCTION_7) refers (Special) to _scanf_int.o(.text) for _scanf_int
    lto-llvm-8882dd.o(.text.OUTLINED_FUNCTION_7) refers (Special) to scanf_fp.o(.text) for _scanf_real
    lto-llvm-8882dd.o(.ARM.exidx.text.OUTLINED_FUNCTION_7) refers (Special) to _scanf_int.o(.text) for _scanf_int
    lto-llvm-8882dd.o(.ARM.exidx.text.OUTLINED_FUNCTION_7) refers (Special) to scanf_fp.o(.text) for _scanf_real
    lto-llvm-8882dd.o(.ARM.exidx.text.OUTLINED_FUNCTION_7) refers to lto-llvm-8882dd.o(.text.OUTLINED_FUNCTION_7) for [Anonymous Symbol]
    lto-llvm-8882dd.o(.text.OUTLINED_FUNCTION_8) refers (Special) to _scanf_int.o(.text) for _scanf_int
    lto-llvm-8882dd.o(.text.OUTLINED_FUNCTION_8) refers (Special) to scanf_fp.o(.text) for _scanf_real
    lto-llvm-8882dd.o(.ARM.exidx.text.OUTLINED_FUNCTION_8) refers (Special) to _scanf_int.o(.text) for _scanf_int
    lto-llvm-8882dd.o(.ARM.exidx.text.OUTLINED_FUNCTION_8) refers (Special) to scanf_fp.o(.text) for _scanf_real
    lto-llvm-8882dd.o(.ARM.exidx.text.OUTLINED_FUNCTION_8) refers to lto-llvm-8882dd.o(.text.OUTLINED_FUNCTION_8) for [Anonymous Symbol]
    lto-llvm-8882dd.o(.bss) refers (Special) to _scanf_int.o(.text) for _scanf_int
    lto-llvm-8882dd.o(.bss) refers (Special) to scanf_fp.o(.text) for _scanf_real
    lto-llvm-8882dd.o(.ARM.use_no_argv) refers (Special) to _scanf_int.o(.text) for _scanf_int
    lto-llvm-8882dd.o(.ARM.use_no_argv) refers (Special) to scanf_fp.o(.text) for _scanf_real
    lto-llvm-8882dd.o(.rodata.cst16) refers (Special) to _scanf_int.o(.text) for _scanf_int
    lto-llvm-8882dd.o(.rodata.cst16) refers (Special) to scanf_fp.o(.text) for _scanf_real
    lto-llvm-8882dd.o(.rodata.cst8) refers (Special) to _scanf_int.o(.text) for _scanf_int
    lto-llvm-8882dd.o(.rodata.cst8) refers (Special) to scanf_fp.o(.text) for _scanf_real
    lto-llvm-8882dd.o(.data) refers (Special) to _scanf_int.o(.text) for _scanf_int
    lto-llvm-8882dd.o(.data) refers (Special) to scanf_fp.o(.text) for _scanf_real
    dfltui.o(.text) refers (Special) to iusefp.o(.text) for __I$use$fp
    dfltui.o(.text) refers to depilogue.o(.text) for _double_epilogue
    scanf_fp.o(i._is_digit) refers (Special) to iusefp.o(.text) for __I$use$fp


==============================================================================

Removing Unused input sections from the image.

    Removing startup_stm32l432xx.o(HEAP), (2048 bytes).
    Removing dneg.o(.text), (6 bytes).
    Removing dsqrt.o(.text), (162 bytes).
    Removing dflti.o(.text), (34 bytes).
    Removing dfixi.o(.text), (62 bytes).
    Removing cdcmple.o(.text), (48 bytes).
    Removing fpstat.o(.text), (4 bytes).
    Removing lto-llvm-8882dd.o(.text), (0 bytes).
    Removing lto-llvm-8882dd.o(.ARM.exidx.text.getCurrentMicros), (8 bytes).
    Removing lto-llvm-8882dd.o(.ARM.exidx.text.main), (8 bytes).
    Removing lto-llvm-8882dd.o(.ARM.exidx.text.Error_Handler), (8 bytes).
    Removing lto-llvm-8882dd.o(.ARM.exidx.text.fputc), (8 bytes).
    Removing lto-llvm-8882dd.o(.ARM.exidx.text.fgetc), (8 bytes).
    Removing lto-llvm-8882dd.o(.ARM.exidx.text.NMI_Handler), (8 bytes).
    Removing lto-llvm-8882dd.o(.ARM.exidx.text.HardFault_Handler), (8 bytes).
    Removing lto-llvm-8882dd.o(.ARM.exidx.text.MemManage_Handler), (8 bytes).
    Removing lto-llvm-8882dd.o(.ARM.exidx.text.BusFault_Handler), (8 bytes).
    Removing lto-llvm-8882dd.o(.ARM.exidx.text.UsageFault_Handler), (8 bytes).
    Removing lto-llvm-8882dd.o(.ARM.exidx.text.SVC_Handler), (8 bytes).
    Removing lto-llvm-8882dd.o(.ARM.exidx.text.DebugMon_Handler), (8 bytes).
    Removing lto-llvm-8882dd.o(.ARM.exidx.text.PendSV_Handler), (8 bytes).
    Removing lto-llvm-8882dd.o(.ARM.exidx.text.SysTick_Handler), (8 bytes).
    Removing lto-llvm-8882dd.o(.ARM.exidx.text.compare), (8 bytes).
    Removing lto-llvm-8882dd.o(.ARM.exidx.text.aiRun), (8 bytes).
    Removing lto-llvm-8882dd.o(.ARM.exidx.text.HAL_InitTick), (8 bytes).
    Removing lto-llvm-8882dd.o(.ARM.exidx.text.HAL_Delay), (8 bytes).
    Removing lto-llvm-8882dd.o(.ARM.exidx.text.RCC_SetFlashLatencyFromMSIRange), (8 bytes).
    Removing lto-llvm-8882dd.o(.ARM.exidx.text.HAL_RCC_GetSysClockFreq), (8 bytes).
    Removing lto-llvm-8882dd.o(.ARM.exidx.text.HAL_RCC_GetPCLK1Freq), (8 bytes).
    Removing lto-llvm-8882dd.o(.ARM.exidx.text.HAL_RCC_GetPCLK2Freq), (8 bytes).
    Removing lto-llvm-8882dd.o(.ARM.exidx.text.HAL_GPIO_Init), (8 bytes).
    Removing lto-llvm-8882dd.o(.ARM.exidx.text.UART_WaitOnFlagUntilTimeout), (8 bytes).
    Removing lto-llvm-8882dd.o(.ARM.exidx.text.SystemInit), (8 bytes).
    Removing lto-llvm-8882dd.o(.ARM.exidx.text.OUTLINED_FUNCTION_0), (8 bytes).
    Removing lto-llvm-8882dd.o(.ARM.exidx.text.OUTLINED_FUNCTION_1), (8 bytes).
    Removing lto-llvm-8882dd.o(.ARM.exidx.text.OUTLINED_FUNCTION_2), (8 bytes).
    Removing lto-llvm-8882dd.o(.ARM.exidx.text.OUTLINED_FUNCTION_3), (8 bytes).
    Removing lto-llvm-8882dd.o(.ARM.exidx.text.OUTLINED_FUNCTION_4), (8 bytes).
    Removing lto-llvm-8882dd.o(.ARM.exidx.text.OUTLINED_FUNCTION_5), (8 bytes).
    Removing lto-llvm-8882dd.o(.ARM.exidx.text.OUTLINED_FUNCTION_6), (8 bytes).
    Removing lto-llvm-8882dd.o(.ARM.exidx.text.OUTLINED_FUNCTION_7), (8 bytes).
    Removing lto-llvm-8882dd.o(.ARM.exidx.text.OUTLINED_FUNCTION_8), (8 bytes).
    Removing lto-llvm-8882dd.o(.ARM.use_no_argv), (4 bytes).

43 unused section(s) (total 2640 bytes) removed from the image.

==============================================================================

Image Symbol Table

    Local Symbols

    Symbol Name                              Value     Ov Type        Size  Object(Section)

    ../clib/division.s                       0x00000000   Number         0  aeabi_sdiv.o ABSOLUTE
    ../clib/microlib/ctype/ctype.c           0x00000000   Number         0  isspace_c.o ABSOLUTE
    ../clib/microlib/ctype/ctype.c           0x00000000   Number         0  ctype_c.o ABSOLUTE
    ../clib/microlib/division.c              0x00000000   Number         0  uidiv.o ABSOLUTE
    ../clib/microlib/division.c              0x00000000   Number         0  uldiv.o ABSOLUTE
    ../clib/microlib/errno.c                 0x00000000   Number         0  errno.o ABSOLUTE
    ../clib/microlib/init/entry.s            0x00000000   Number         0  entry.o ABSOLUTE
    ../clib/microlib/init/entry.s            0x00000000   Number         0  entry2.o ABSOLUTE
    ../clib/microlib/init/entry.s            0x00000000   Number         0  entry5.o ABSOLUTE
    ../clib/microlib/init/entry.s            0x00000000   Number         0  entry7a.o ABSOLUTE
    ../clib/microlib/init/entry.s            0x00000000   Number         0  entry7b.o ABSOLUTE
    ../clib/microlib/init/entry.s            0x00000000   Number         0  entry8a.o ABSOLUTE
    ../clib/microlib/init/entry.s            0x00000000   Number         0  entry8b.o ABSOLUTE
    ../clib/microlib/init/entry.s            0x00000000   Number         0  entry9a.o ABSOLUTE
    ../clib/microlib/init/entry.s            0x00000000   Number         0  entry9b.o ABSOLUTE
    ../clib/microlib/init/entry.s            0x00000000   Number         0  entry10a.o ABSOLUTE
    ../clib/microlib/init/entry.s            0x00000000   Number         0  entry10b.o ABSOLUTE
    ../clib/microlib/init/entry.s            0x00000000   Number         0  entry11a.o ABSOLUTE
    ../clib/microlib/init/entry.s            0x00000000   Number         0  entry11b.o ABSOLUTE
    ../clib/microlib/longlong.c              0x00000000   Number         0  llshl.o ABSOLUTE
    ../clib/microlib/longlong.c              0x00000000   Number         0  llushr.o ABSOLUTE
    ../clib/microlib/longlong.c              0x00000000   Number         0  llsshr.o ABSOLUTE
    ../clib/microlib/printf/printf.c         0x00000000   Number         0  printfb.o ABSOLUTE
    ../clib/microlib/printf/printf.c         0x00000000   Number         0  printf0.o ABSOLUTE
    ../clib/microlib/printf/printf.c         0x00000000   Number         0  printf1.o ABSOLUTE
    ../clib/microlib/printf/printf.c         0x00000000   Number         0  printf2.o ABSOLUTE
    ../clib/microlib/printf/printf.c         0x00000000   Number         0  printf3.o ABSOLUTE
    ../clib/microlib/printf/printf.c         0x00000000   Number         0  printf4.o ABSOLUTE
    ../clib/microlib/printf/printf.c         0x00000000   Number         0  printf5.o ABSOLUTE
    ../clib/microlib/printf/printf.c         0x00000000   Number         0  printf6.o ABSOLUTE
    ../clib/microlib/printf/printf.c         0x00000000   Number         0  printf7.o ABSOLUTE
    ../clib/microlib/printf/printf.c         0x00000000   Number         0  printf8.o ABSOLUTE
    ../clib/microlib/printf/printf.c         0x00000000   Number         0  printfa.o ABSOLUTE
    ../clib/microlib/printf/stubs.s          0x00000000   Number         0  printfstubs.o ABSOLUTE
    ../clib/microlib/stdio/fgetc.c           0x00000000   Number         0  fgetc_b.o ABSOLUTE
    ../clib/microlib/stdio/semi.s            0x00000000   Number         0  semi.o ABSOLUTE
    ../clib/microlib/stdio/streams.c         0x00000000   Number         0  stdin.o ABSOLUTE
    ../clib/microlib/stdio/streams.c         0x00000000   Number         0  stdout.o ABSOLUTE
    ../clib/microlib/stdlib/qsort.c          0x00000000   Number         0  qsort.o ABSOLUTE
    ../clib/microlib/string/memcpy.c         0x00000000   Number         0  memcpya.o ABSOLUTE
    ../clib/microlib/string/memcpy.c         0x00000000   Number         0  memcpyb.o ABSOLUTE
    ../clib/microlib/stubs.s                 0x00000000   Number         0  iusefp.o ABSOLUTE
    ../clib/microlib/stubs.s                 0x00000000   Number         0  iusesemig.o ABSOLUTE
    ../clib/scanf.c                          0x00000000   Number         0  __0scanf.o ABSOLUTE
    ../clib/scanf.c                          0x00000000   Number         0  _scanf_int.o ABSOLUTE
    ../clib/scanf.c                          0x00000000   Number         0  scanf_fp.o ABSOLUTE
    ../clib/scanf.c                          0x00000000   Number         0  _chval.o ABSOLUTE
    ../clib/scanf.c                          0x00000000   Number         0  scanf_char_file.o ABSOLUTE
    ../clib/scanf.c                          0x00000000   Number         0  scanf_char.o ABSOLUTE
    ../clib/scanf.c                          0x00000000   Number         0  _scanf.o ABSOLUTE
    ../fplib/microlib/d2f.c                  0x00000000   Number         0  d2f.o ABSOLUTE
    ../fplib/microlib/fpadd.c                0x00000000   Number         0  dadd.o ABSOLUTE
    ../fplib/microlib/fpdiv.c                0x00000000   Number         0  ddiv.o ABSOLUTE
    ../fplib/microlib/fpepilogue.c           0x00000000   Number         0  fepilogue.o ABSOLUTE
    ../fplib/microlib/fpepilogue.c           0x00000000   Number         0  depilogue.o ABSOLUTE
    ../fplib/microlib/fpfix.c                0x00000000   Number         0  dfixi.o ABSOLUTE
    ../fplib/microlib/fpfix.c                0x00000000   Number         0  dfixul.o ABSOLUTE
    ../fplib/microlib/fpflt.c                0x00000000   Number         0  dflti.o ABSOLUTE
    ../fplib/microlib/fpflt.c                0x00000000   Number         0  dfltul.o ABSOLUTE
    ../fplib/microlib/fpflt.c                0x00000000   Number         0  dfltui.o ABSOLUTE
    ../fplib/microlib/fpmul.c                0x00000000   Number         0  dmul.o ABSOLUTE
    ../fplib/microlib/fpneg.c                0x00000000   Number         0  dneg.o ABSOLUTE
    ../fplib/microlib/fpsqrt.c               0x00000000   Number         0  dsqrt.o ABSOLUTE
    ../fplib/microlib/fpstat.c               0x00000000   Number         0  fpstat.o ABSOLUTE
    ../mathlib/dunder.c                      0x00000000   Number         0  dunder.o ABSOLUTE
    ../mathlib/exp.c                         0x00000000   Number         0  exp.o ABSOLUTE
    ../mathlib/expf.c                        0x00000000   Number         0  expf.o ABSOLUTE
    ../mathlib/fpclassify.c                  0x00000000   Number         0  fpclassify.o ABSOLUTE
    ../mathlib/fpclassifyf.c                 0x00000000   Number         0  fpclassifyf.o ABSOLUTE
    ../mathlib/funder.c                      0x00000000   Number         0  funder.o ABSOLUTE
    ../mathlib/log.c                         0x00000000   Number         0  log.o ABSOLUTE
    ../mathlib/logf.c                        0x00000000   Number         0  logf.o ABSOLUTE
    ../mathlib/poly.c                        0x00000000   Number         0  poly.o ABSOLUTE
    ../mathlib/powf.c                        0x00000000   Number         0  powf.o ABSOLUTE
    ../mathlib/qnan.c                        0x00000000   Number         0  qnan.o ABSOLUTE
    ../mathlib/sqrt.c                        0x00000000   Number         0  sqrt.o ABSOLUTE
    ../mathlib/sqrtf.c                       0x00000000   Number         0  sqrtf.o ABSOLUTE
    ../mathlib/tanhf.c                       0x00000000   Number         0  tanhf.o ABSOLUTE
    cdcmple.s                                0x00000000   Number         0  cdcmple.o ABSOLUTE
    cdrcmple.s                               0x00000000   Number         0  cdrcmple.o ABSOLUTE
    dc.s                                     0x00000000   Number         0  dc.o ABSOLUTE
    handlers.s                               0x00000000   Number         0  handlers.o ABSOLUTE
    init.s                                   0x00000000   Number         0  init.o ABSOLUTE
    ld-temp.o                                0x00000000   Number         0  lto-llvm-8882dd.o ABSOLUTE
    startup_stm32l432xx.s                    0x00000000   Number         0  startup_stm32l432xx.o ABSOLUTE
    RESET                                    0x08000000   Section      396  startup_stm32l432xx.o(RESET)
    .ARM.Collect$$$$00000000                 0x0800018c   Section        0  entry.o(.ARM.Collect$$$$00000000)
    .ARM.Collect$$$$00000001                 0x0800018c   Section        4  entry2.o(.ARM.Collect$$$$00000001)
    .ARM.Collect$$$$00000004                 0x08000190   Section        4  entry5.o(.ARM.Collect$$$$00000004)
    .ARM.Collect$$$$00000008                 0x08000194   Section        0  entry7b.o(.ARM.Collect$$$$00000008)
    .ARM.Collect$$$$0000000A                 0x08000194   Section        0  entry8b.o(.ARM.Collect$$$$0000000A)
    .ARM.Collect$$$$0000000B                 0x08000194   Section        8  entry9a.o(.ARM.Collect$$$$0000000B)
    __lit__00000000                          0x0800019c   Data           4  entry2.o(.ARM.Collect$$$$00002712)
    .ARM.Collect$$$$0000000D                 0x0800019c   Section        0  entry10a.o(.ARM.Collect$$$$0000000D)
    .ARM.Collect$$$$0000000F                 0x0800019c   Section        0  entry11a.o(.ARM.Collect$$$$0000000F)
    .ARM.Collect$$$$00002712                 0x0800019c   Section        4  entry2.o(.ARM.Collect$$$$00002712)
    $v0                                      0x080001a0   Number         0  startup_stm32l432xx.o(.text)
    .text                                    0x080001a0   Section       36  startup_stm32l432xx.o(.text)
    .text                                    0x080001c4   Section        0  qsort.o(.text)
    .text                                    0x08000268   Section        0  __0scanf.o(.text)
    .text                                    0x08000288   Section        0  _scanf_int.o(.text)
    _fp_value                                0x080003dd   Thumb Code   296  scanf_fp.o(.text)
    .text                                    0x080003dc   Section        0  scanf_fp.o(.text)
    .text                                    0x08000742   Section        0  uidiv.o(.text)
    .text                                    0x0800076e   Section        0  uldiv.o(.text)
    .text                                    0x080007d6   Section        0  _chval.o(.text)
    .text                                    0x080007f4   Section        0  scanf_char_file.o(.text)
    .text                                    0x08000808   Section        0  iusefp.o(.text)
    .text                                    0x08000808   Section        0  dadd.o(.text)
    .text                                    0x08000966   Section        0  dmul.o(.text)
    .text                                    0x08000a50   Section        0  ddiv.o(.text)
    .text                                    0x08000b2e   Section        0  dfltul.o(.text)
    .text                                    0x08000b46   Section        0  dfixul.o(.text)
    .text                                    0x08000b78   Section       48  cdrcmple.o(.text)
    .text                                    0x08000ba8   Section        0  d2f.o(.text)
    .text                                    0x08000be0   Section       36  init.o(.text)
    .text                                    0x08000c04   Section        0  fgetc_b.o(.text)
    .text                                    0x08000c30   Section        0  llshl.o(.text)
    .text                                    0x08000c4e   Section        0  llushr.o(.text)
    .text                                    0x08000c6e   Section        0  llsshr.o(.text)
    _scanf_char_input                        0x08000c95   Thumb Code    12  scanf_char.o(.text)
    .text                                    0x08000c94   Section        0  scanf_char.o(.text)
    .text                                    0x08000cbc   Section        0  fepilogue.o(.text)
    .text                                    0x08000d2a   Section        0  depilogue.o(.text)
    .text                                    0x08000de4   Section        0  semi.o(.text)
    .text                                    0x08000de4   Section        0  isspace_c.o(.text)
    .text                                    0x08000df0   Section        0  _scanf.o(.text)
    .text                                    0x08001122   Section        0  iusesemig.o(.text)
    .text                                    0x08001124   Section        0  ctype_c.o(.text)
    .text                                    0x0800114c   Section        0  memcpya.o(.text)
    .text                                    0x08001170   Section        0  dfltui.o(.text)
    [Anonymous Symbol]                       0x0800118a   Section        0  lto-llvm-8882dd.o(.text.BusFault_Handler)
    [Anonymous Symbol]                       0x0800118c   Section        0  lto-llvm-8882dd.o(.text.DebugMon_Handler)
    Error_Handler                            0x0800118f   Thumb Code     8  lto-llvm-8882dd.o(.text.Error_Handler)
    [Anonymous Symbol]                       0x0800118e   Section        0  lto-llvm-8882dd.o(.text.Error_Handler)
    HAL_Delay                                0x08001199   Thumb Code    16  lto-llvm-8882dd.o(.text.HAL_Delay)
    [Anonymous Symbol]                       0x08001198   Section        0  lto-llvm-8882dd.o(.text.HAL_Delay)
    __arm_cp.17_0                            0x080011a8   Number         4  lto-llvm-8882dd.o(.text.HAL_Delay)
    HAL_GPIO_Init                            0x080011ad   Thumb Code   388  lto-llvm-8882dd.o(.text.HAL_GPIO_Init)
    [Anonymous Symbol]                       0x080011ac   Section        0  lto-llvm-8882dd.o(.text.HAL_GPIO_Init)
    __arm_cp.22_0                            0x08001330   Number         4  lto-llvm-8882dd.o(.text.HAL_GPIO_Init)
    __arm_cp.22_1                            0x08001334   Number         4  lto-llvm-8882dd.o(.text.HAL_GPIO_Init)
    __arm_cp.22_2                            0x08001338   Number         4  lto-llvm-8882dd.o(.text.HAL_GPIO_Init)
    __arm_cp.22_3                            0x0800133c   Number         4  lto-llvm-8882dd.o(.text.HAL_GPIO_Init)
    __arm_cp.22_4                            0x08001340   Number         4  lto-llvm-8882dd.o(.text.HAL_GPIO_Init)
    HAL_InitTick                             0x0800134d   Thumb Code    96  lto-llvm-8882dd.o(.text.HAL_InitTick)
    [Anonymous Symbol]                       0x0800134c   Section        0  lto-llvm-8882dd.o(.text.HAL_InitTick)
    __arm_cp.16_1                            0x080013ac   Number         4  lto-llvm-8882dd.o(.text.HAL_InitTick)
    __arm_cp.16_2                            0x080013b0   Number         4  lto-llvm-8882dd.o(.text.HAL_InitTick)
    HAL_RCC_GetPCLK1Freq                     0x080013b5   Thumb Code    20  lto-llvm-8882dd.o(.text.HAL_RCC_GetPCLK1Freq)
    [Anonymous Symbol]                       0x080013b4   Section        0  lto-llvm-8882dd.o(.text.HAL_RCC_GetPCLK1Freq)
    HAL_RCC_GetPCLK2Freq                     0x080013c9   Thumb Code    20  lto-llvm-8882dd.o(.text.HAL_RCC_GetPCLK2Freq)
    [Anonymous Symbol]                       0x080013c8   Section        0  lto-llvm-8882dd.o(.text.HAL_RCC_GetPCLK2Freq)
    __arm_cp.21_0                            0x080013dc   Number         4  lto-llvm-8882dd.o(.text.HAL_RCC_GetPCLK2Freq)
    __arm_cp.21_1                            0x080013e0   Number         4  lto-llvm-8882dd.o(.text.HAL_RCC_GetPCLK2Freq)
    __arm_cp.21_2                            0x080013e4   Number         4  lto-llvm-8882dd.o(.text.HAL_RCC_GetPCLK2Freq)
    HAL_RCC_GetSysClockFreq                  0x080013e9   Thumb Code   144  lto-llvm-8882dd.o(.text.HAL_RCC_GetSysClockFreq)
    [Anonymous Symbol]                       0x080013e8   Section        0  lto-llvm-8882dd.o(.text.HAL_RCC_GetSysClockFreq)
    __arm_cp.19_0                            0x08001478   Number         4  lto-llvm-8882dd.o(.text.HAL_RCC_GetSysClockFreq)
    __arm_cp.19_1                            0x0800147c   Number         4  lto-llvm-8882dd.o(.text.HAL_RCC_GetSysClockFreq)
    __arm_cp.19_2                            0x08001480   Number         4  lto-llvm-8882dd.o(.text.HAL_RCC_GetSysClockFreq)
    MSIRangeTable                            0x08001484   Number         0  lto-llvm-8882dd.o(.text.HAL_RCC_GetSysClockFreq)
    [Anonymous Symbol]                       0x080014b4   Section        0  lto-llvm-8882dd.o(.text.HardFault_Handler)
    [Anonymous Symbol]                       0x080014b6   Section        0  lto-llvm-8882dd.o(.text.MemManage_Handler)
    [Anonymous Symbol]                       0x080014b8   Section        0  lto-llvm-8882dd.o(.text.NMI_Handler)
    OUTLINED_FUNCTION_0                      0x080014bb   Thumb Code    28  lto-llvm-8882dd.o(.text.OUTLINED_FUNCTION_0)
    [Anonymous Symbol]                       0x080014ba   Section        0  lto-llvm-8882dd.o(.text.OUTLINED_FUNCTION_0)
    OUTLINED_FUNCTION_1                      0x080014d7   Thumb Code    18  lto-llvm-8882dd.o(.text.OUTLINED_FUNCTION_1)
    [Anonymous Symbol]                       0x080014d6   Section        0  lto-llvm-8882dd.o(.text.OUTLINED_FUNCTION_1)
    OUTLINED_FUNCTION_2                      0x080014e9   Thumb Code    18  lto-llvm-8882dd.o(.text.OUTLINED_FUNCTION_2)
    [Anonymous Symbol]                       0x080014e8   Section        0  lto-llvm-8882dd.o(.text.OUTLINED_FUNCTION_2)
    OUTLINED_FUNCTION_3                      0x080014fb   Thumb Code    18  lto-llvm-8882dd.o(.text.OUTLINED_FUNCTION_3)
    [Anonymous Symbol]                       0x080014fa   Section        0  lto-llvm-8882dd.o(.text.OUTLINED_FUNCTION_3)
    OUTLINED_FUNCTION_4                      0x0800150d   Thumb Code     8  lto-llvm-8882dd.o(.text.OUTLINED_FUNCTION_4)
    [Anonymous Symbol]                       0x0800150c   Section        0  lto-llvm-8882dd.o(.text.OUTLINED_FUNCTION_4)
    OUTLINED_FUNCTION_5                      0x08001515   Thumb Code    10  lto-llvm-8882dd.o(.text.OUTLINED_FUNCTION_5)
    [Anonymous Symbol]                       0x08001514   Section        0  lto-llvm-8882dd.o(.text.OUTLINED_FUNCTION_5)
    OUTLINED_FUNCTION_6                      0x0800151f   Thumb Code    10  lto-llvm-8882dd.o(.text.OUTLINED_FUNCTION_6)
    [Anonymous Symbol]                       0x0800151e   Section        0  lto-llvm-8882dd.o(.text.OUTLINED_FUNCTION_6)
    OUTLINED_FUNCTION_7                      0x08001529   Thumb Code    10  lto-llvm-8882dd.o(.text.OUTLINED_FUNCTION_7)
    [Anonymous Symbol]                       0x08001528   Section        0  lto-llvm-8882dd.o(.text.OUTLINED_FUNCTION_7)
    OUTLINED_FUNCTION_8                      0x08001533   Thumb Code    14  lto-llvm-8882dd.o(.text.OUTLINED_FUNCTION_8)
    [Anonymous Symbol]                       0x08001532   Section        0  lto-llvm-8882dd.o(.text.OUTLINED_FUNCTION_8)
    [Anonymous Symbol]                       0x08001540   Section        0  lto-llvm-8882dd.o(.text.PendSV_Handler)
    RCC_SetFlashLatencyFromMSIRange          0x08001545   Thumb Code   124  lto-llvm-8882dd.o(.text.RCC_SetFlashLatencyFromMSIRange)
    [Anonymous Symbol]                       0x08001544   Section        0  lto-llvm-8882dd.o(.text.RCC_SetFlashLatencyFromMSIRange)
    __arm_cp.18_0                            0x080015c0   Number         4  lto-llvm-8882dd.o(.text.RCC_SetFlashLatencyFromMSIRange)
    __arm_cp.18_1                            0x080015c4   Number         4  lto-llvm-8882dd.o(.text.RCC_SetFlashLatencyFromMSIRange)
    __arm_cp.18_2                            0x080015c8   Number         4  lto-llvm-8882dd.o(.text.RCC_SetFlashLatencyFromMSIRange)
    [Anonymous Symbol]                       0x080015cc   Section        0  lto-llvm-8882dd.o(.text.SVC_Handler)
    [Anonymous Symbol]                       0x080015d0   Section        0  lto-llvm-8882dd.o(.text.SysTick_Handler)
    [Anonymous Symbol]                       0x080015dc   Section        0  lto-llvm-8882dd.o(.text.SystemInit)
    __arm_cp.24_0                            0x080015e8   Number         4  lto-llvm-8882dd.o(.text.SystemInit)
    UART_WaitOnFlagUntilTimeout              0x080015ed   Thumb Code   140  lto-llvm-8882dd.o(.text.UART_WaitOnFlagUntilTimeout)
    [Anonymous Symbol]                       0x080015ec   Section        0  lto-llvm-8882dd.o(.text.UART_WaitOnFlagUntilTimeout)
    [Anonymous Symbol]                       0x08001678   Section        0  lto-llvm-8882dd.o(.text.UsageFault_Handler)
    aiRun                                    0x0800167d   Thumb Code   568  lto-llvm-8882dd.o(.text.aiRun)
    [Anonymous Symbol]                       0x0800167c   Section        0  lto-llvm-8882dd.o(.text.aiRun)
    __arm_cp.15_1                            0x080018ac   Number         4  lto-llvm-8882dd.o(.text.aiRun)
    compare                                  0x080018bb   Thumb Code    22  lto-llvm-8882dd.o(.text.compare)
    [Anonymous Symbol]                       0x080018ba   Section        0  lto-llvm-8882dd.o(.text.compare)
    [Anonymous Symbol]                       0x080018d0   Section        0  lto-llvm-8882dd.o(.text.fgetc)
    __arm_cp.4_0                             0x08001984   Number         4  lto-llvm-8882dd.o(.text.fgetc)
    __arm_cp.4_1                             0x08001988   Number         4  lto-llvm-8882dd.o(.text.fgetc)
    [Anonymous Symbol]                       0x0800198c   Section        0  lto-llvm-8882dd.o(.text.fputc)
    __arm_cp.3_0                             0x08001a14   Number         4  lto-llvm-8882dd.o(.text.fputc)
    getCurrentMicros                         0x08001a19   Thumb Code    52  lto-llvm-8882dd.o(.text.getCurrentMicros)
    [Anonymous Symbol]                       0x08001a18   Section        0  lto-llvm-8882dd.o(.text.getCurrentMicros)
    __arm_cp.0_0                             0x08001a4c   Number         4  lto-llvm-8882dd.o(.text.getCurrentMicros)
    __arm_cp.0_1                             0x08001a50   Number         4  lto-llvm-8882dd.o(.text.getCurrentMicros)
    [Anonymous Symbol]                       0x08001a58   Section        0  lto-llvm-8882dd.o(.text.main)
    __arm_cp.1_37                            0x08001db0   Number         4  lto-llvm-8882dd.o(.text.main)
    __arm_cp.1_38                            0x08001db4   Number         4  lto-llvm-8882dd.o(.text.main)
    __arm_cp.1_39                            0x08001db8   Number         4  lto-llvm-8882dd.o(.text.main)
    __arm_cp.1_40                            0x08001dbc   Number         4  lto-llvm-8882dd.o(.text.main)
    __arm_cp.1_41                            0x08001dc0   Number         4  lto-llvm-8882dd.o(.text.main)
    __arm_cp.1_42                            0x08001dc4   Number         4  lto-llvm-8882dd.o(.text.main)
    __arm_cp.1_43                            0x08001dc8   Number         4  lto-llvm-8882dd.o(.text.main)
    __arm_cp.1_45                            0x08001dd0   Number         4  lto-llvm-8882dd.o(.text.main)
    __arm_cp.1_46                            0x08001dd4   Number         4  lto-llvm-8882dd.o(.text.main)
    __arm_cp.1_47                            0x08001dd8   Number         4  lto-llvm-8882dd.o(.text.main)
    __arm_cp.1_48                            0x08001ddc   Number         4  lto-llvm-8882dd.o(.text.main)
    __arm_cp.1_49                            0x08001de0   Number         4  lto-llvm-8882dd.o(.text.main)
    __arm_cp.1_50                            0x08001fd0   Number         4  lto-llvm-8882dd.o(.text.main)
    __arm_cp.1_51                            0x08001fd4   Number         4  lto-llvm-8882dd.o(.text.main)
    __arm_cp.1_52                            0x08001fd8   Number         4  lto-llvm-8882dd.o(.text.main)
    __arm_cp.1_53                            0x08001fdc   Number         4  lto-llvm-8882dd.o(.text.main)
    __arm_cp.1_3                             0x08002270   Number         4  lto-llvm-8882dd.o(.text.main)
    __arm_cp.1_4                             0x08002274   Number         4  lto-llvm-8882dd.o(.text.main)
    __arm_cp.1_5                             0x08002278   Number         4  lto-llvm-8882dd.o(.text.main)
    __arm_cp.1_15                            0x0800227c   Number         4  lto-llvm-8882dd.o(.text.main)
    __arm_cp.1_20                            0x08002280   Number         4  lto-llvm-8882dd.o(.text.main)
    __arm_cp.1_22                            0x08002294   Number         4  lto-llvm-8882dd.o(.text.main)
    __arm_cp.1_23                            0x08002298   Number         4  lto-llvm-8882dd.o(.text.main)
    __arm_cp.1_24                            0x0800229c   Number         4  lto-llvm-8882dd.o(.text.main)
    __arm_cp.1_25                            0x080022a0   Number         4  lto-llvm-8882dd.o(.text.main)
    __arm_cp.1_27                            0x080022ac   Number         4  lto-llvm-8882dd.o(.text.main)
    i.__0printf                              0x080022cc   Section        0  printfa.o(i.__0printf)
    i.__hardfp_sqrtf                         0x080022ec   Section        0  sqrtf.o(i.__hardfp_sqrtf)
    i.__scatterload_copy                     0x08002326   Section       14  handlers.o(i.__scatterload_copy)
    i.__scatterload_null                     0x08002334   Section        2  handlers.o(i.__scatterload_null)
    i.__scatterload_zeroinit                 0x08002336   Section       14  handlers.o(i.__scatterload_zeroinit)
    i.__set_errno                            0x08002344   Section        0  errno.o(i.__set_errno)
    _fp_digits                               0x08002351   Thumb Code   366  printfa.o(i._fp_digits)
    i._fp_digits                             0x08002350   Section        0  printfa.o(i._fp_digits)
    i._is_digit                              0x080024da   Section        0  scanf_fp.o(i._is_digit)
    _printf_core                             0x080024e9   Thumb Code  1744  printfa.o(i._printf_core)
    i._printf_core                           0x080024e8   Section        0  printfa.o(i._printf_core)
    _printf_post_padding                     0x08002bcb   Thumb Code    36  printfa.o(i._printf_post_padding)
    i._printf_post_padding                   0x08002bca   Section        0  printfa.o(i._printf_post_padding)
    _printf_pre_padding                      0x08002bef   Thumb Code    46  printfa.o(i._printf_pre_padding)
    i._printf_pre_padding                    0x08002bee   Section        0  printfa.o(i._printf_pre_padding)
    .constdata                               0x08002c1c   Section       64  ctype_c.o(.constdata)
    [Anonymous Symbol]                       0x08002c5c   Section        0  lto-llvm-8882dd.o(.rodata.cst16)
    AHBPrescTable                            0x08002c6c   Data          16  lto-llvm-8882dd.o(.rodata.cst16)
    APBPrescTable                            0x08002c7c   Data           8  lto-llvm-8882dd.o(.rodata.cst8)
    [Anonymous Symbol]                       0x08002c7c   Section        0  lto-llvm-8882dd.o(.rodata.cst8)
    .data                                    0x20000000   Section        4  stdin.o(.data)
    .data                                    0x20000004   Section        4  stdout.o(.data)
    _errno                                   0x20000008   Data           4  errno.o(.data)
    .data                                    0x20000008   Section        4  errno.o(.data)
    ungetc_sp                                0x2000000c   Data           1  fgetc_b.o(.data)
    .data                                    0x2000000c   Section        3  fgetc_b.o(.data)
    ungetc_stack                             0x2000000d   Data           2  fgetc_b.o(.data)
    uwTickPrio                               0x20000010   Data           4  lto-llvm-8882dd.o(.data)
    [Anonymous Symbol]                       0x20000010   Section        0  lto-llvm-8882dd.o(.data)
    SystemCoreClock                          0x20000014   Data           4  lto-llvm-8882dd.o(.data)
    input                                    0x20000018   Data        5000  lto-llvm-8882dd.o(.bss)
    [Anonymous Symbol]                       0x20000018   Section        0  lto-llvm-8882dd.o(.bss)
    huart2                                   0x200013a0   Data         132  lto-llvm-8882dd.o(.bss)
    uwTick                                   0x20001424   Data           4  lto-llvm-8882dd.o(.bss)
    result                                   0x20001428   Data           8  lto-llvm-8882dd.o(.bss)
    hcrc                                     0x20001430   Data          40  lto-llvm-8882dd.o(.bss)
    STACK                                    0x20001458   Section     2048  startup_stm32l432xx.o(STACK)

    Global Symbols

    Symbol Name                              Value     Ov Type        Size  Object(Section)

    BuildAttributes$$THM_ISAv4$E$P$D$K$B$S$7EM$VFPi3$EXTD16$VFPS$VFMA$PE$A:L22UL41UL21$X:L11$S22US41US21$IEEE1$IW$~IW$USESV6$~STKCKD$USESV7$WCHAR32$ENUMINT$~SHL$OTIME$ROPI$IEEEX$EBA8$MICROLIB$REQ8$PRES8$EABIv2 0x00000000   Number         0  anon$$obj.o ABSOLUTE
    _printf_a                                0x00000000   Number         0  printfstubs.o ABSOLUTE
    _printf_c                                0x00000000   Number         0  printfstubs.o ABSOLUTE
    _printf_charcount                        0x00000000   Number         0  printfstubs.o ABSOLUTE
    _printf_d                                0x00000000   Number         0  printfstubs.o ABSOLUTE
    _printf_e                                0x00000000   Number         0  printfstubs.o ABSOLUTE
    _printf_f                                0x00000000   Number         0  printfstubs.o ABSOLUTE
    _printf_flags                            0x00000000   Number         0  printfstubs.o ABSOLUTE
    _printf_fp_dec                           0x00000000   Number         0  printfstubs.o ABSOLUTE
    _printf_fp_hex                           0x00000000   Number         0  printfstubs.o ABSOLUTE
    _printf_g                                0x00000000   Number         0  printfstubs.o ABSOLUTE
    _printf_i                                0x00000000   Number         0  printfstubs.o ABSOLUTE
    _printf_int_dec                          0x00000000   Number         0  printfstubs.o ABSOLUTE
    _printf_l                                0x00000000   Number         0  printfstubs.o ABSOLUTE
    _printf_lc                               0x00000000   Number         0  printfstubs.o ABSOLUTE
    _printf_ll                               0x00000000   Number         0  printfstubs.o ABSOLUTE
    _printf_lld                              0x00000000   Number         0  printfstubs.o ABSOLUTE
    _printf_lli                              0x00000000   Number         0  printfstubs.o ABSOLUTE
    _printf_llo                              0x00000000   Number         0  printfstubs.o ABSOLUTE
    _printf_llu                              0x00000000   Number         0  printfstubs.o ABSOLUTE
    _printf_llx                              0x00000000   Number         0  printfstubs.o ABSOLUTE
    _printf_longlong_dec                     0x00000000   Number         0  printfstubs.o ABSOLUTE
    _printf_longlong_hex                     0x00000000   Number         0  printfstubs.o ABSOLUTE
    _printf_longlong_oct                     0x00000000   Number         0  printfstubs.o ABSOLUTE
    _printf_ls                               0x00000000   Number         0  printfstubs.o ABSOLUTE
    _printf_mbtowc                           0x00000000   Number         0  printfstubs.o ABSOLUTE
    _printf_n                                0x00000000   Number         0  printfstubs.o ABSOLUTE
    _printf_o                                0x00000000   Number         0  printfstubs.o ABSOLUTE
    _printf_p                                0x00000000   Number         0  printfstubs.o ABSOLUTE
    _printf_percent                          0x00000000   Number         0  printfstubs.o ABSOLUTE
    _printf_pre_padding                      0x00000000   Number         0  printfstubs.o ABSOLUTE
    _printf_return_value                     0x00000000   Number         0  printfstubs.o ABSOLUTE
    _printf_s                                0x00000000   Number         0  printfstubs.o ABSOLUTE
    _printf_sizespec                         0x00000000   Number         0  printfstubs.o ABSOLUTE
    _printf_str                              0x00000000   Number         0  printfstubs.o ABSOLUTE
    _printf_truncate_signed                  0x00000000   Number         0  printfstubs.o ABSOLUTE
    _printf_truncate_unsigned                0x00000000   Number         0  printfstubs.o ABSOLUTE
    _printf_u                                0x00000000   Number         0  printfstubs.o ABSOLUTE
    _printf_wc                               0x00000000   Number         0  printfstubs.o ABSOLUTE
    _printf_wctomb                           0x00000000   Number         0  printfstubs.o ABSOLUTE
    _printf_widthprec                        0x00000000   Number         0  printfstubs.o ABSOLUTE
    _printf_x                                0x00000000   Number         0  printfstubs.o ABSOLUTE
    __cpp_initialize__aeabi_                  - Undefined Weak Reference
    __cxa_finalize                            - Undefined Weak Reference
    __decompress                              - Undefined Weak Reference
    _clock_init                               - Undefined Weak Reference
    _microlib_exit                            - Undefined Weak Reference
    _scanf_longlong                           - Undefined Weak Reference
    _scanf_string                             - Undefined Weak Reference
    __Vectors_Size                           0x0000018c   Number         0  startup_stm32l432xx.o ABSOLUTE
    __Vectors                                0x08000000   Data           4  startup_stm32l432xx.o(RESET)
    __Vectors_End                            0x0800018c   Data           0  startup_stm32l432xx.o(RESET)
    __main                                   0x0800018d   Thumb Code     0  entry.o(.ARM.Collect$$$$00000000)
    _main_stk                                0x0800018d   Thumb Code     0  entry2.o(.ARM.Collect$$$$00000001)
    _main_scatterload                        0x08000191   Thumb Code     0  entry5.o(.ARM.Collect$$$$00000004)
    __main_after_scatterload                 0x08000195   Thumb Code     0  entry5.o(.ARM.Collect$$$$00000004)
    _main_clock                              0x08000195   Thumb Code     0  entry7b.o(.ARM.Collect$$$$00000008)
    _main_cpp_init                           0x08000195   Thumb Code     0  entry8b.o(.ARM.Collect$$$$0000000A)
    _main_init                               0x08000195   Thumb Code     0  entry9a.o(.ARM.Collect$$$$0000000B)
    __rt_final_cpp                           0x0800019d   Thumb Code     0  entry10a.o(.ARM.Collect$$$$0000000D)
    __rt_final_exit                          0x0800019d   Thumb Code     0  entry11a.o(.ARM.Collect$$$$0000000F)
    Reset_Handler                            0x080001a1   Thumb Code     8  startup_stm32l432xx.o(.text)
    ADC1_IRQHandler                          0x080001bb   Thumb Code     0  startup_stm32l432xx.o(.text)
    CAN1_RX0_IRQHandler                      0x080001bb   Thumb Code     0  startup_stm32l432xx.o(.text)
    CAN1_RX1_IRQHandler                      0x080001bb   Thumb Code     0  startup_stm32l432xx.o(.text)
    CAN1_SCE_IRQHandler                      0x080001bb   Thumb Code     0  startup_stm32l432xx.o(.text)
    CAN1_TX_IRQHandler                       0x080001bb   Thumb Code     0  startup_stm32l432xx.o(.text)
    COMP_IRQHandler                          0x080001bb   Thumb Code     0  startup_stm32l432xx.o(.text)
    CRS_IRQHandler                           0x080001bb   Thumb Code     0  startup_stm32l432xx.o(.text)
    DMA1_Channel1_IRQHandler                 0x080001bb   Thumb Code     0  startup_stm32l432xx.o(.text)
    DMA1_Channel2_IRQHandler                 0x080001bb   Thumb Code     0  startup_stm32l432xx.o(.text)
    DMA1_Channel3_IRQHandler                 0x080001bb   Thumb Code     0  startup_stm32l432xx.o(.text)
    DMA1_Channel4_IRQHandler                 0x080001bb   Thumb Code     0  startup_stm32l432xx.o(.text)
    DMA1_Channel5_IRQHandler                 0x080001bb   Thumb Code     0  startup_stm32l432xx.o(.text)
    DMA1_Channel6_IRQHandler                 0x080001bb   Thumb Code     0  startup_stm32l432xx.o(.text)
    DMA1_Channel7_IRQHandler                 0x080001bb   Thumb Code     0  startup_stm32l432xx.o(.text)
    DMA2_Channel1_IRQHandler                 0x080001bb   Thumb Code     0  startup_stm32l432xx.o(.text)
    DMA2_Channel2_IRQHandler                 0x080001bb   Thumb Code     0  startup_stm32l432xx.o(.text)
    DMA2_Channel3_IRQHandler                 0x080001bb   Thumb Code     0  startup_stm32l432xx.o(.text)
    DMA2_Channel4_IRQHandler                 0x080001bb   Thumb Code     0  startup_stm32l432xx.o(.text)
    DMA2_Channel5_IRQHandler                 0x080001bb   Thumb Code     0  startup_stm32l432xx.o(.text)
    DMA2_Channel6_IRQHandler                 0x080001bb   Thumb Code     0  startup_stm32l432xx.o(.text)
    DMA2_Channel7_IRQHandler                 0x080001bb   Thumb Code     0  startup_stm32l432xx.o(.text)
    EXTI0_IRQHandler                         0x080001bb   Thumb Code     0  startup_stm32l432xx.o(.text)
    EXTI15_10_IRQHandler                     0x080001bb   Thumb Code     0  startup_stm32l432xx.o(.text)
    EXTI1_IRQHandler                         0x080001bb   Thumb Code     0  startup_stm32l432xx.o(.text)
    EXTI2_IRQHandler                         0x080001bb   Thumb Code     0  startup_stm32l432xx.o(.text)
    EXTI3_IRQHandler                         0x080001bb   Thumb Code     0  startup_stm32l432xx.o(.text)
    EXTI4_IRQHandler                         0x080001bb   Thumb Code     0  startup_stm32l432xx.o(.text)
    EXTI9_5_IRQHandler                       0x080001bb   Thumb Code     0  startup_stm32l432xx.o(.text)
    FLASH_IRQHandler                         0x080001bb   Thumb Code     0  startup_stm32l432xx.o(.text)
    FPU_IRQHandler                           0x080001bb   Thumb Code     0  startup_stm32l432xx.o(.text)
    I2C1_ER_IRQHandler                       0x080001bb   Thumb Code     0  startup_stm32l432xx.o(.text)
    I2C1_EV_IRQHandler                       0x080001bb   Thumb Code     0  startup_stm32l432xx.o(.text)
    I2C3_ER_IRQHandler                       0x080001bb   Thumb Code     0  startup_stm32l432xx.o(.text)
    I2C3_EV_IRQHandler                       0x080001bb   Thumb Code     0  startup_stm32l432xx.o(.text)
    LPTIM1_IRQHandler                        0x080001bb   Thumb Code     0  startup_stm32l432xx.o(.text)
    LPTIM2_IRQHandler                        0x080001bb   Thumb Code     0  startup_stm32l432xx.o(.text)
    LPUART1_IRQHandler                       0x080001bb   Thumb Code     0  startup_stm32l432xx.o(.text)
    PVD_PVM_IRQHandler                       0x080001bb   Thumb Code     0  startup_stm32l432xx.o(.text)
    QUADSPI_IRQHandler                       0x080001bb   Thumb Code     0  startup_stm32l432xx.o(.text)
    RCC_IRQHandler                           0x080001bb   Thumb Code     0  startup_stm32l432xx.o(.text)
    RNG_IRQHandler                           0x080001bb   Thumb Code     0  startup_stm32l432xx.o(.text)
    RTC_Alarm_IRQHandler                     0x080001bb   Thumb Code     0  startup_stm32l432xx.o(.text)
    RTC_WKUP_IRQHandler                      0x080001bb   Thumb Code     0  startup_stm32l432xx.o(.text)
    SAI1_IRQHandler                          0x080001bb   Thumb Code     0  startup_stm32l432xx.o(.text)
    SPI1_IRQHandler                          0x080001bb   Thumb Code     0  startup_stm32l432xx.o(.text)
    SPI3_IRQHandler                          0x080001bb   Thumb Code     0  startup_stm32l432xx.o(.text)
    SWPMI1_IRQHandler                        0x080001bb   Thumb Code     0  startup_stm32l432xx.o(.text)
    TAMP_STAMP_IRQHandler                    0x080001bb   Thumb Code     0  startup_stm32l432xx.o(.text)
    TIM1_BRK_TIM15_IRQHandler                0x080001bb   Thumb Code     0  startup_stm32l432xx.o(.text)
    TIM1_CC_IRQHandler                       0x080001bb   Thumb Code     0  startup_stm32l432xx.o(.text)
    TIM1_TRG_COM_IRQHandler                  0x080001bb   Thumb Code     0  startup_stm32l432xx.o(.text)
    TIM1_UP_TIM16_IRQHandler                 0x080001bb   Thumb Code     0  startup_stm32l432xx.o(.text)
    TIM2_IRQHandler                          0x080001bb   Thumb Code     0  startup_stm32l432xx.o(.text)
    TIM6_DAC_IRQHandler                      0x080001bb   Thumb Code     0  startup_stm32l432xx.o(.text)
    TIM7_IRQHandler                          0x080001bb   Thumb Code     0  startup_stm32l432xx.o(.text)
    TSC_IRQHandler                           0x080001bb   Thumb Code     0  startup_stm32l432xx.o(.text)
    USART1_IRQHandler                        0x080001bb   Thumb Code     0  startup_stm32l432xx.o(.text)
    USART2_IRQHandler                        0x080001bb   Thumb Code     0  startup_stm32l432xx.o(.text)
    USB_IRQHandler                           0x080001bb   Thumb Code     0  startup_stm32l432xx.o(.text)
    WWDG_IRQHandler                          0x080001bb   Thumb Code     0  startup_stm32l432xx.o(.text)
    qsort                                    0x080001c5   Thumb Code   156  qsort.o(.text)
    __0scanf                                 0x08000269   Thumb Code    26  __0scanf.o(.text)
    _scanf_int                               0x08000289   Thumb Code   332  _scanf_int.o(.text)
    _scanf_real                              0x08000505   Thumb Code     0  scanf_fp.o(.text)
    _scanf_really_real                       0x08000505   Thumb Code   556  scanf_fp.o(.text)
    __aeabi_uidiv                            0x08000743   Thumb Code     0  uidiv.o(.text)
    __aeabi_uidivmod                         0x08000743   Thumb Code    44  uidiv.o(.text)
    __aeabi_uldivmod                         0x0800076f   Thumb Code    98  uldiv.o(.text)
    _chval                                   0x080007d7   Thumb Code    28  _chval.o(.text)
    __vfscanf_char_file                      0x080007f5   Thumb Code    12  scanf_char_file.o(.text)
    __I$use$fp                               0x08000809   Thumb Code     0  iusefp.o(.text)
    __aeabi_dadd                             0x08000809   Thumb Code   322  dadd.o(.text)
    __aeabi_dsub                             0x0800094b   Thumb Code     6  dadd.o(.text)
    __aeabi_drsub                            0x08000951   Thumb Code     6  dadd.o(.text)
    __aeabi_dmul                             0x08000967   Thumb Code   228  dmul.o(.text)
    __aeabi_ddiv                             0x08000a51   Thumb Code   222  ddiv.o(.text)
    __aeabi_ul2d                             0x08000b2f   Thumb Code    24  dfltul.o(.text)
    __aeabi_d2ulz                            0x08000b47   Thumb Code    48  dfixul.o(.text)
    __aeabi_cdrcmple                         0x08000b79   Thumb Code    48  cdrcmple.o(.text)
    __aeabi_d2f                              0x08000ba9   Thumb Code    56  d2f.o(.text)
    __scatterload                            0x08000be1   Thumb Code    28  init.o(.text)
    __scatterload_rt2                        0x08000be1   Thumb Code     0  init.o(.text)
    _fgetc$bs                                0x08000c05   Thumb Code    28  fgetc_b.o(.text)
    __backspace                              0x08000c21   Thumb Code    10  fgetc_b.o(.text)
    __aeabi_llsl                             0x08000c31   Thumb Code    30  llshl.o(.text)
    _ll_shift_l                              0x08000c31   Thumb Code     0  llshl.o(.text)
    __aeabi_llsr                             0x08000c4f   Thumb Code    32  llushr.o(.text)
    _ll_ushift_r                             0x08000c4f   Thumb Code     0  llushr.o(.text)
    __aeabi_lasr                             0x08000c6f   Thumb Code    36  llsshr.o(.text)
    _ll_sshift_r                             0x08000c6f   Thumb Code     0  llsshr.o(.text)
    __vfscanf_char                           0x08000ca1   Thumb Code    20  scanf_char.o(.text)
    _float_round                             0x08000cbd   Thumb Code    18  fepilogue.o(.text)
    _float_epilogue                          0x08000ccf   Thumb Code    92  fepilogue.o(.text)
    _double_round                            0x08000d2b   Thumb Code    30  depilogue.o(.text)
    _double_epilogue                         0x08000d49   Thumb Code   156  depilogue.o(.text)
    __semihosting_library_function           0x08000de5   Thumb Code     0  semi.o(.text)
    isspace                                  0x08000de5   Thumb Code    10  isspace_c.o(.text)
    __vfscanf                                0x08000df1   Thumb Code   808  _scanf.o(.text)
    __I$use$semihosting$fgetc                0x08001123   Thumb Code     0  iusesemig.o(.text)
    __ctype_lookup                           0x08001125   Thumb Code    34  ctype_c.o(.text)
    __aeabi_memcpy                           0x0800114d   Thumb Code    36  memcpya.o(.text)
    __aeabi_memcpy4                          0x0800114d   Thumb Code     0  memcpya.o(.text)
    __aeabi_memcpy8                          0x0800114d   Thumb Code     0  memcpya.o(.text)
    __aeabi_ui2d                             0x08001171   Thumb Code    26  dfltui.o(.text)
    BusFault_Handler                         0x0800118b   Thumb Code     2  lto-llvm-8882dd.o(.text.BusFault_Handler)
    DebugMon_Handler                         0x0800118d   Thumb Code     2  lto-llvm-8882dd.o(.text.DebugMon_Handler)
    HardFault_Handler                        0x080014b5   Thumb Code     2  lto-llvm-8882dd.o(.text.HardFault_Handler)
    MemManage_Handler                        0x080014b7   Thumb Code     2  lto-llvm-8882dd.o(.text.MemManage_Handler)
    NMI_Handler                              0x080014b9   Thumb Code     2  lto-llvm-8882dd.o(.text.NMI_Handler)
    PendSV_Handler                           0x08001541   Thumb Code     2  lto-llvm-8882dd.o(.text.PendSV_Handler)
    SVC_Handler                              0x080015cd   Thumb Code     2  lto-llvm-8882dd.o(.text.SVC_Handler)
    SysTick_Handler                          0x080015d1   Thumb Code    12  lto-llvm-8882dd.o(.text.SysTick_Handler)
    SystemInit                               0x080015dd   Thumb Code    12  lto-llvm-8882dd.o(.text.SystemInit)
    UsageFault_Handler                       0x08001679   Thumb Code     2  lto-llvm-8882dd.o(.text.UsageFault_Handler)
    fgetc                                    0x080018d1   Thumb Code   180  lto-llvm-8882dd.o(.text.fgetc)
    fputc                                    0x0800198d   Thumb Code   136  lto-llvm-8882dd.o(.text.fputc)
    main                                     0x08001a59   Thumb Code  2064  lto-llvm-8882dd.o(.text.main)
    __0printf                                0x080022cd   Thumb Code    22  printfa.o(i.__0printf)
    __1printf                                0x080022cd   Thumb Code     0  printfa.o(i.__0printf)
    __2printf                                0x080022cd   Thumb Code     0  printfa.o(i.__0printf)
    __c89printf                              0x080022cd   Thumb Code     0  printfa.o(i.__0printf)
    printf                                   0x080022cd   Thumb Code     0  printfa.o(i.__0printf)
    __hardfp_sqrtf                           0x080022ed   Thumb Code    58  sqrtf.o(i.__hardfp_sqrtf)
    __scatterload_copy                       0x08002327   Thumb Code    14  handlers.o(i.__scatterload_copy)
    __scatterload_null                       0x08002335   Thumb Code     2  handlers.o(i.__scatterload_null)
    __scatterload_zeroinit                   0x08002337   Thumb Code    14  handlers.o(i.__scatterload_zeroinit)
    __set_errno                              0x08002345   Thumb Code     6  errno.o(i.__set_errno)
    _is_digit                                0x080024db   Thumb Code    14  scanf_fp.o(i._is_digit)
    __ctype_categories                       0x08002c1c   Data          64  ctype_c.o(.constdata)
    Region$$Table$$Base                      0x08002c84   Number         0  anon$$obj.o(Region$$Table)
    Region$$Table$$Limit                     0x08002ca4   Number         0  anon$$obj.o(Region$$Table)
    __stdin                                  0x20000000   Data           4  stdin.o(.data)
    __stdout                                 0x20000004   Data           4  stdout.o(.data)
    __initial_sp                             0x20001c58   Data           0  startup_stm32l432xx.o(STACK)



==============================================================================

Memory Map of the image

  Image Entry point : 0x0800018d

  Load Region LR_IROM1 (Base: 0x08000000, Size: 0x00002cc0, Max: 0x00040000, ABSOLUTE)

    Execution Region ER_IROM1 (Exec base: 0x08000000, Load base: 0x08000000, Size: 0x00002ca4, Max: 0x00040000, ABSOLUTE)

    Exec Addr    Load Addr    Size         Type   Attr      Idx    E Section Name        Object

    0x08000000   0x08000000   0x0000018c   Data   RO            3    RESET               startup_stm32l432xx.o
    0x0800018c   0x0800018c   0x00000000   Code   RO          126  * .ARM.Collect$$$$00000000  mc_w.l(entry.o)
    0x0800018c   0x0800018c   0x00000004   Code   RO          435    .ARM.Collect$$$$00000001  mc_w.l(entry2.o)
    0x08000190   0x08000190   0x00000004   Code   RO          438    .ARM.Collect$$$$00000004  mc_w.l(entry5.o)
    0x08000194   0x08000194   0x00000000   Code   RO          440    .ARM.Collect$$$$00000008  mc_w.l(entry7b.o)
    0x08000194   0x08000194   0x00000000   Code   RO          442    .ARM.Collect$$$$0000000A  mc_w.l(entry8b.o)
    0x08000194   0x08000194   0x00000008   Code   RO          443    .ARM.Collect$$$$0000000B  mc_w.l(entry9a.o)
    0x0800019c   0x0800019c   0x00000000   Code   RO          445    .ARM.Collect$$$$0000000D  mc_w.l(entry10a.o)
    0x0800019c   0x0800019c   0x00000000   Code   RO          447    .ARM.Collect$$$$0000000F  mc_w.l(entry11a.o)
    0x0800019c   0x0800019c   0x00000004   Code   RO          436    .ARM.Collect$$$$00002712  mc_w.l(entry2.o)
    0x080001a0   0x080001a0   0x00000024   Code   RO            4    .text               startup_stm32l432xx.o
    0x080001c4   0x080001c4   0x000000a2   Code   RO          129    .text               mc_w.l(qsort.o)
    0x08000266   0x08000266   0x00000002   PAD
    0x08000268   0x08000268   0x00000020   Code   RO          392    .text               mc_w.l(__0scanf.o)
    0x08000288   0x08000288   0x00000152   Code   RO          394    .text               mc_w.l(_scanf_int.o)
    0x080003da   0x080003da   0x00000002   PAD
    0x080003dc   0x080003dc   0x00000366   Code   RO          396    .text               mc_w.l(scanf_fp.o)
    0x08000742   0x08000742   0x0000002c   Code   RO          460    .text               mc_w.l(uidiv.o)
    0x0800076e   0x0800076e   0x00000068   Code   RO          462    .text               mc_w.l(uldiv.o)
    0x080007d6   0x080007d6   0x0000001c   Code   RO          471    .text               mc_w.l(_chval.o)
    0x080007f2   0x080007f2   0x00000002   PAD
    0x080007f4   0x080007f4   0x00000014   Code   RO          473    .text               mc_w.l(scanf_char_file.o)
    0x08000808   0x08000808   0x00000000   Code   RO          475    .text               mc_w.l(iusefp.o)
    0x08000808   0x08000808   0x0000015e   Code   RO          476    .text               mf_w.l(dadd.o)
    0x08000966   0x08000966   0x000000ea   Code   RO          478    .text               mf_w.l(dmul.o)
    0x08000a50   0x08000a50   0x000000de   Code   RO          480    .text               mf_w.l(ddiv.o)
    0x08000b2e   0x08000b2e   0x00000018   Code   RO          488    .text               mf_w.l(dfltul.o)
    0x08000b46   0x08000b46   0x00000030   Code   RO          492    .text               mf_w.l(dfixul.o)
    0x08000b76   0x08000b76   0x00000002   PAD
    0x08000b78   0x08000b78   0x00000030   Code   RO          496    .text               mf_w.l(cdrcmple.o)
    0x08000ba8   0x08000ba8   0x00000038   Code   RO          498    .text               mf_w.l(d2f.o)
    0x08000be0   0x08000be0   0x00000024   Code   RO          502    .text               mc_w.l(init.o)
    0x08000c04   0x08000c04   0x0000002c   Code   RO          504    .text               mc_w.l(fgetc_b.o)
    0x08000c30   0x08000c30   0x0000001e   Code   RO          507    .text               mc_w.l(llshl.o)
    0x08000c4e   0x08000c4e   0x00000020   Code   RO          509    .text               mc_w.l(llushr.o)
    0x08000c6e   0x08000c6e   0x00000024   Code   RO          511    .text               mc_w.l(llsshr.o)
    0x08000c92   0x08000c92   0x00000002   PAD
    0x08000c94   0x08000c94   0x00000028   Code   RO          513    .text               mc_w.l(scanf_char.o)
    0x08000cbc   0x08000cbc   0x0000006e   Code   RO          515    .text               mf_w.l(fepilogue.o)
    0x08000d2a   0x08000d2a   0x000000ba   Code   RO          517    .text               mf_w.l(depilogue.o)
    0x08000de4   0x08000de4   0x00000000   Code   RO          519    .text               mc_w.l(semi.o)
    0x08000de4   0x08000de4   0x0000000a   Code   RO          520    .text               mc_w.l(isspace_c.o)
    0x08000dee   0x08000dee   0x00000002   PAD
    0x08000df0   0x08000df0   0x00000332   Code   RO          522    .text               mc_w.l(_scanf.o)
    0x08001122   0x08001122   0x00000000   Code   RO          524    .text               mc_w.l(iusesemig.o)
    0x08001122   0x08001122   0x00000002   PAD
    0x08001124   0x08001124   0x00000028   Code   RO          525    .text               mc_w.l(ctype_c.o)
    0x0800114c   0x0800114c   0x00000024   Code   RO          609    .text               mc_w.l(memcpya.o)
    0x08001170   0x08001170   0x0000001a   Code   RO          613    .text               mf_w.l(dfltui.o)
    0x0800118a   0x0800118a   0x00000002   Code   RO          545    .text.BusFault_Handler  lto-llvm-8882dd.o
    0x0800118c   0x0800118c   0x00000002   Code   RO          551    .text.DebugMon_Handler  lto-llvm-8882dd.o
    0x0800118e   0x0800118e   0x00000008   Code   RO          533    .text.Error_Handler  lto-llvm-8882dd.o
    0x08001196   0x08001196   0x00000002   PAD
    0x08001198   0x08001198   0x00000014   Code   RO          563    .text.HAL_Delay     lto-llvm-8882dd.o
    0x080011ac   0x080011ac   0x0000019e   Code   RO          573    .text.HAL_GPIO_Init  lto-llvm-8882dd.o
    0x0800134a   0x0800134a   0x00000002   PAD
    0x0800134c   0x0800134c   0x00000068   Code   RO          561    .text.HAL_InitTick  lto-llvm-8882dd.o
    0x080013b4   0x080013b4   0x00000014   Code   RO          569    .text.HAL_RCC_GetPCLK1Freq  lto-llvm-8882dd.o
    0x080013c8   0x080013c8   0x00000020   Code   RO          571    .text.HAL_RCC_GetPCLK2Freq  lto-llvm-8882dd.o
    0x080013e8   0x080013e8   0x000000cc   Code   RO          567    .text.HAL_RCC_GetSysClockFreq  lto-llvm-8882dd.o
    0x080014b4   0x080014b4   0x00000002   Code   RO          541    .text.HardFault_Handler  lto-llvm-8882dd.o
    0x080014b6   0x080014b6   0x00000002   Code   RO          543    .text.MemManage_Handler  lto-llvm-8882dd.o
    0x080014b8   0x080014b8   0x00000002   Code   RO          539    .text.NMI_Handler   lto-llvm-8882dd.o
    0x080014ba   0x080014ba   0x0000001c   Code   RO          579    .text.OUTLINED_FUNCTION_0  lto-llvm-8882dd.o
    0x080014d6   0x080014d6   0x00000012   Code   RO          581    .text.OUTLINED_FUNCTION_1  lto-llvm-8882dd.o
    0x080014e8   0x080014e8   0x00000012   Code   RO          583    .text.OUTLINED_FUNCTION_2  lto-llvm-8882dd.o
    0x080014fa   0x080014fa   0x00000012   Code   RO          585    .text.OUTLINED_FUNCTION_3  lto-llvm-8882dd.o
    0x0800150c   0x0800150c   0x00000008   Code   RO          587    .text.OUTLINED_FUNCTION_4  lto-llvm-8882dd.o
    0x08001514   0x08001514   0x0000000a   Code   RO          589    .text.OUTLINED_FUNCTION_5  lto-llvm-8882dd.o
    0x0800151e   0x0800151e   0x0000000a   Code   RO          591    .text.OUTLINED_FUNCTION_6  lto-llvm-8882dd.o
    0x08001528   0x08001528   0x0000000a   Code   RO          593    .text.OUTLINED_FUNCTION_7  lto-llvm-8882dd.o
    0x08001532   0x08001532   0x0000000e   Code   RO          595    .text.OUTLINED_FUNCTION_8  lto-llvm-8882dd.o
    0x08001540   0x08001540   0x00000002   Code   RO          553    .text.PendSV_Handler  lto-llvm-8882dd.o
    0x08001542   0x08001542   0x00000002   PAD
    0x08001544   0x08001544   0x00000088   Code   RO          565    .text.RCC_SetFlashLatencyFromMSIRange  lto-llvm-8882dd.o
    0x080015cc   0x080015cc   0x00000002   Code   RO          549    .text.SVC_Handler   lto-llvm-8882dd.o
    0x080015ce   0x080015ce   0x00000002   PAD
    0x080015d0   0x080015d0   0x0000000c   Code   RO          555    .text.SysTick_Handler  lto-llvm-8882dd.o
    0x080015dc   0x080015dc   0x00000010   Code   RO          577    .text.SystemInit    lto-llvm-8882dd.o
    0x080015ec   0x080015ec   0x0000008c   Code   RO          575    .text.UART_WaitOnFlagUntilTimeout  lto-llvm-8882dd.o
    0x08001678   0x08001678   0x00000002   Code   RO          547    .text.UsageFault_Handler  lto-llvm-8882dd.o
    0x0800167a   0x0800167a   0x00000002   PAD
    0x0800167c   0x0800167c   0x0000023e   Code   RO          559    .text.aiRun         lto-llvm-8882dd.o
    0x080018ba   0x080018ba   0x00000016   Code   RO          557    .text.compare       lto-llvm-8882dd.o
    0x080018d0   0x080018d0   0x000000bc   Code   RO          537    .text.fgetc         lto-llvm-8882dd.o
    0x0800198c   0x0800198c   0x0000008c   Code   RO          535    .text.fputc         lto-llvm-8882dd.o
    0x08001a18   0x08001a18   0x0000003c   Code   RO          529    .text.getCurrentMicros  lto-llvm-8882dd.o
    0x08001a54   0x08001a54   0x00000004   PAD
    0x08001a58   0x08001a58   0x00000874   Code   RO          531    .text.main          lto-llvm-8882dd.o
    0x080022cc   0x080022cc   0x00000020   Code   RO          364    i.__0printf         mc_w.l(printfa.o)
    0x080022ec   0x080022ec   0x0000003a   Code   RO          114    i.__hardfp_sqrtf    m_wm.l(sqrtf.o)
    0x08002326   0x08002326   0x0000000e   Code   RO          617    i.__scatterload_copy  mc_w.l(handlers.o)
    0x08002334   0x08002334   0x00000002   Code   RO          618    i.__scatterload_null  mc_w.l(handlers.o)
    0x08002336   0x08002336   0x0000000e   Code   RO          619    i.__scatterload_zeroinit  mc_w.l(handlers.o)
    0x08002344   0x08002344   0x0000000c   Code   RO          466    i.__set_errno       mc_w.l(errno.o)
    0x08002350   0x08002350   0x0000018a   Code   RO          371    i._fp_digits        mc_w.l(printfa.o)
    0x080024da   0x080024da   0x0000000e   Code   RO          398    i._is_digit         mc_w.l(scanf_fp.o)
    0x080024e8   0x080024e8   0x000006e2   Code   RO          372    i._printf_core      mc_w.l(printfa.o)
    0x08002bca   0x08002bca   0x00000024   Code   RO          373    i._printf_post_padding  mc_w.l(printfa.o)
    0x08002bee   0x08002bee   0x0000002e   Code   RO          374    i._printf_pre_padding  mc_w.l(printfa.o)
    0x08002c1c   0x08002c1c   0x00000040   Data   RO          526    .constdata          mc_w.l(ctype_c.o)
    0x08002c5c   0x08002c5c   0x00000020   Data   RO          599    .rodata.cst16       lto-llvm-8882dd.o
    0x08002c7c   0x08002c7c   0x00000008   Data   RO          600    .rodata.cst8        lto-llvm-8882dd.o
    0x08002c84   0x08002c84   0x00000020   Data   RO          616    Region$$Table       anon$$obj.o


    Execution Region RW_IRAM2 (Exec base: 0x10000000, Load base: 0x08002cc0, Size: 0x00000000, Max: 0x00004000, ABSOLUTE)

    **** No section assigned to this execution region ****


    Execution Region RW_IRAM1 (Exec base: 0x20000000, Load base: 0x08002ca8, Size: 0x00001c58, Max: 0x0000c000, ABSOLUTE)

    Exec Addr    Load Addr    Size         Type   Attr      Idx    E Section Name        Object

    0x20000000   0x08002ca8   0x00000004   Data   RW          449    .data               mc_w.l(stdin.o)
    0x20000004   0x08002cac   0x00000004   Data   RW          450    .data               mc_w.l(stdout.o)
    0x20000008   0x08002cb0   0x00000004   Data   RW          467    .data               mc_w.l(errno.o)
    0x2000000c   0x08002cb4   0x00000003   Data   RW          505    .data               mc_w.l(fgetc_b.o)
    0x2000000f   0x08002cb7   0x00000001   PAD
    0x20000010   0x08002cb8   0x00000008   Data   RW          601    .data               lto-llvm-8882dd.o
    0x20000018        -       0x00001440   Zero   RW          597    .bss                lto-llvm-8882dd.o
    0x20001458        -       0x00000800   Zero   RW            1    STACK               startup_stm32l432xx.o


==============================================================================

Image component sizes


      Code (inc. data)   RO Data    RW Data    ZI Data      Debug   Object Name

      4404        378         40          8       5184      76843   lto-llvm-8882dd.o
        36          8        396          0       2048        844   startup_stm32l432xx.o

    ----------------------------------------------------------------------
      4454        390        468          8       7232      77687   Object Totals
         0          0         32          0          0          0   (incl. Generated)
        14          4          0          0          0          0   (incl. Padding)

    ----------------------------------------------------------------------

      Code (inc. data)   RO Data    RW Data    ZI Data      Debug   Library Member Name

        58          0          0          0          0        136   sqrtf.o
        32          6          0          0          0         84   __0scanf.o
        28          0          0          0          0         68   _chval.o
       818          4          0          0          0        112   _scanf.o
       338          0          0          0          0         96   _scanf_int.o
        40          6         64          0          0         68   ctype_c.o
         0          0          0          0          0          0   entry.o
         0          0          0          0          0          0   entry10a.o
         0          0          0          0          0          0   entry11a.o
         8          4          0          0          0          0   entry2.o
         4          0          0          0          0          0   entry5.o
         0          0          0          0          0          0   entry7b.o
         0          0          0          0          0          0   entry8b.o
         8          4          0          0          0          0   entry9a.o
        12          6          0          4          0         68   errno.o
        44          6          0          3          0        144   fgetc_b.o
        30          0          0          0          0          0   handlers.o
        36          8          0          0          0         68   init.o
        10          0          0          0          0         68   isspace_c.o
         0          0          0          0          0          0   iusefp.o
         0          0          0          0          0          0   iusesemig.o
        30          0          0          0          0         68   llshl.o
        36          0          0          0          0         68   llsshr.o
        32          0          0          0          0         68   llushr.o
        36          0          0          0          0         68   memcpya.o
      2270         90          0          0          0        452   printfa.o
       162          0          0          0          0         88   qsort.o
        40          8          0          0          0         84   scanf_char.o
        20          8          0          0          0         68   scanf_char_file.o
       884         12          0          0          0        216   scanf_fp.o
         0          0          0          0          0          0   semi.o
         0          0          0          4          0          0   stdin.o
         0          0          0          4          0          0   stdout.o
        44          0          0          0          0         80   uidiv.o
       104          0          0          0          0         92   uldiv.o
        48          0          0          0          0         68   cdrcmple.o
        56          0          0          0          0         88   d2f.o
       350          0          0          0          0        148   dadd.o
       222          0          0          0          0        100   ddiv.o
       186          0          0          0          0        176   depilogue.o
        48          0          0          0          0         68   dfixul.o
        26          0          0          0          0         76   dfltui.o
        24          0          0          0          0         76   dfltul.o
       234          0          0          0          0         96   dmul.o
       110          0          0          0          0        168   fepilogue.o

    ----------------------------------------------------------------------
      6442        162         64         16          0       3328   Library Totals
        14          0          0          1          0          0   (incl. Padding)

    ----------------------------------------------------------------------

      Code (inc. data)   RO Data    RW Data    ZI Data      Debug   Library Name

        58          0          0          0          0        136   m_wm.l
      5066        162         64         15          0       2128   mc_w.l
      1304          0          0          0          0       1064   mf_w.l

    ----------------------------------------------------------------------
      6442        162         64         16          0       3328   Library Totals

    ----------------------------------------------------------------------

==============================================================================


      Code (inc. data)   RO Data    RW Data    ZI Data      Debug   

     10896        552        532         24       7232      79503   Grand Totals
     10896        552        532         24       7232      79503   ELF Image Totals
     10896        552        532         24          0          0   ROM Totals

==============================================================================

    Total RO  Size (Code + RO Data)                11428 (  11.16kB)
    Total RW  Size (RW Data + ZI Data)              7256 (   7.09kB)
    Total ROM Size (Code + RO Data + RW Data)      11452 (  11.18kB)

==============================================================================

