C:/Users/HanLab/AppData/Local/Arm/Packs/ARM/CMSIS/5.9.0/CMSIS/DSP/Source/TransformFunctions/TransformFunctionsF16.c:781:arm_cfft_f16	24	static
C:/Users/HanLab/AppData/Local/Arm/Packs/ARM/CMSIS/5.9.0/CMSIS/DSP/Source/TransformFunctions/TransformFunctionsF16.c:173:arm_radix4_butterfly_f16	144	static
C:/Users/HanLab/AppData/Local/Arm/Packs/ARM/CMSIS/5.9.0/CMSIS/DSP/Source/TransformFunctions/TransformFunctionsF16.c:77:arm_cfft_radix4by2_f16	32	static
C:/Users/HanLab/AppData/Local/Arm/Packs/ARM/CMSIS/5.9.0/CMSIS/DSP/Source/TransformFunctions/TransformFunctionsF16.c:268:arm_cfft_init_f16	0	static
C:/Users/HanLab/AppData/Local/Arm/Packs/ARM/CMSIS/5.9.0/CMSIS/DSP/Source/TransformFunctions/TransformFunctionsF16.c:69:arm_cfft_radix2_f16	16	static
C:/Users/HanLab/AppData/Local/Arm/Packs/ARM/CMSIS/5.9.0/CMSIS/DSP/Source/TransformFunctions/TransformFunctionsF16.c:283:arm_radix2_butterfly_inverse_f16	52	static
C:/Users/HanLab/AppData/Local/Arm/Packs/ARM/CMSIS/5.9.0/CMSIS/DSP/Source/TransformFunctions/TransformFunctionsF16.c:115:arm_radix2_butterfly_f16	56	static
C:/Users/HanLab/AppData/Local/Arm/Packs/ARM/CMSIS/5.9.0/CMSIS/DSP/Source/TransformFunctions/TransformFunctionsF16.c:42:arm_bitreversal_f16	40	static
C:/Users/HanLab/AppData/Local/Arm/Packs/ARM/CMSIS/5.9.0/CMSIS/DSP/Source/TransformFunctions/TransformFunctionsF16.c:133:arm_cfft_radix4_f16	16	static
C:/Users/HanLab/AppData/Local/Arm/Packs/ARM/CMSIS/5.9.0/CMSIS/DSP/Source/TransformFunctions/TransformFunctionsF16.c:677:arm_radix4_butterfly_inverse_f16	152	static
C:/Users/HanLab/AppData/Local/Arm/Packs/ARM/CMSIS/5.9.0/CMSIS/DSP/Source/TransformFunctions/TransformFunctionsF16.c:295:arm_rfft_fast_init_f16	0	static
C:/Users/HanLab/AppData/Local/Arm/Packs/ARM/CMSIS/5.9.0/CMSIS/DSP/Source/TransformFunctions/TransformFunctionsF16.c:261:arm_rfft_4096_fast_init_f16	0	static
C:/Users/HanLab/AppData/Local/Arm/Packs/ARM/CMSIS/5.9.0/CMSIS/DSP/Source/TransformFunctions/TransformFunctionsF16.c:232:arm_rfft_2048_fast_init_f16	0	static
C:/Users/HanLab/AppData/Local/Arm/Packs/ARM/CMSIS/5.9.0/CMSIS/DSP/Source/TransformFunctions/TransformFunctionsF16.c:204:arm_rfft_1024_fast_init_f16	0	static
C:/Users/HanLab/AppData/Local/Arm/Packs/ARM/CMSIS/5.9.0/CMSIS/DSP/Source/TransformFunctions/TransformFunctionsF16.c:175:arm_rfft_512_fast_init_f16	0	static
C:/Users/HanLab/AppData/Local/Arm/Packs/ARM/CMSIS/5.9.0/CMSIS/DSP/Source/TransformFunctions/TransformFunctionsF16.c:145:arm_rfft_256_fast_init_f16	0	static
C:/Users/HanLab/AppData/Local/Arm/Packs/ARM/CMSIS/5.9.0/CMSIS/DSP/Source/TransformFunctions/TransformFunctionsF16.c:115:arm_rfft_128_fast_init_f16	0	static
C:/Users/HanLab/AppData/Local/Arm/Packs/ARM/CMSIS/5.9.0/CMSIS/DSP/Source/TransformFunctions/TransformFunctionsF16.c:85:arm_rfft_64_fast_init_f16	0	static
C:/Users/HanLab/AppData/Local/Arm/Packs/ARM/CMSIS/5.9.0/CMSIS/DSP/Source/TransformFunctions/TransformFunctionsF16.c:55:arm_rfft_32_fast_init_f16	0	static
C:/Users/HanLab/AppData/Local/Arm/Packs/ARM/CMSIS/5.9.0/CMSIS/DSP/Source/TransformFunctions/TransformFunctionsF16.c:316:stage_rfft_f16	24	static
C:/Users/HanLab/AppData/Local/Arm/Packs/ARM/CMSIS/5.9.0/CMSIS/DSP/Source/TransformFunctions/TransformFunctionsF16.c:405:merge_rfft_f16	24	static
C:/Users/HanLab/AppData/Local/Arm/Packs/ARM/CMSIS/5.9.0/CMSIS/DSP/Source/TransformFunctions/TransformFunctionsF16.c:580:arm_rfft_fast_f16	24	static
C:/Users/HanLab/AppData/Local/Arm/Packs/ARM/CMSIS/5.9.0/CMSIS/DSP/Source/TransformFunctions/TransformFunctionsF16.c:47:arm_radix8_butterfly_f16	208	static
C:/Users/HanLab/AppData/Local/Arm/Packs/ARM/CMSIS/5.9.0/CMSIS/DSP/Source/TransformFunctions/TransformFunctionsF16.c:75:arm_mfcc_init_f16	16	static
C:/Users/HanLab/AppData/Local/Arm/Packs/ARM/CMSIS/5.9.0/CMSIS/DSP/Source/TransformFunctions/TransformFunctionsF16.c:80:arm_mfcc_f16	64	static
C:/Users/HanLab/AppData/Local/Arm/Packs/ARM/CMSIS/5.9.0/CMSIS/DSP/Source/TransformFunctions/TransformFunctionsF16.c:71:arm_cfft_radix2_init_f16	0	static
C:/Users/HanLab/AppData/Local/Arm/Packs/ARM/CMSIS/5.9.0/CMSIS/DSP/Source/TransformFunctions/TransformFunctionsF16.c:71:arm_cfft_radix4_init_f16	0	static
