C:/Users/HanLab/AppData/Local/Arm/Packs/ARM/CMSIS/5.9.0/CMSIS/DSP/Source/TransformFunctions/TransformFunctions.c:42:arm_bitreversal_f32	40	static
C:/Users/HanLab/AppData/Local/Arm/Packs/ARM/CMSIS/5.9.0/CMSIS/DSP/Source/TransformFunctions/TransformFunctions.c:113:arm_bitreversal_q31	40	static
C:/Users/HanLab/AppData/Local/Arm/Packs/ARM/CMSIS/5.9.0/CMSIS/DSP/Source/TransformFunctions/TransformFunctions.c:184:arm_bitreversal_q15	28	static
C:/Users/HanLab/AppData/Local/Arm/Packs/ARM/CMSIS/5.9.0/CMSIS/DSP/Source/TransformFunctions/TransformFunctions.c:41:arm_bitreversal_64	36	static
C:/Users/HanLab/AppData/Local/Arm/Packs/ARM/CMSIS/5.9.0/CMSIS/DSP/Source/TransformFunctions/TransformFunctions.c:75:arm_bitreversal_32	20	static
C:/Users/HanLab/AppData/Local/Arm/Packs/ARM/CMSIS/5.9.0/CMSIS/DSP/Source/TransformFunctions/TransformFunctions.c:110:arm_bitreversal_16	24	static
C:/Users/HanLab/AppData/Local/Arm/Packs/ARM/CMSIS/5.9.0/CMSIS/DSP/Source/TransformFunctions/TransformFunctions.c:757:arm_cfft_radix8by2_f32	40	static
C:/Users/HanLab/AppData/Local/Arm/Packs/ARM/CMSIS/5.9.0/CMSIS/DSP/Source/TransformFunctions/TransformFunctions.c:45:arm_radix8_butterfly_f32	232	static
C:/Users/HanLab/AppData/Local/Arm/Packs/ARM/CMSIS/5.9.0/CMSIS/DSP/Source/TransformFunctions/TransformFunctions.c:871:arm_cfft_radix8by4_f32	144	static
C:/Users/HanLab/AppData/Local/Arm/Packs/ARM/CMSIS/5.9.0/CMSIS/DSP/Source/TransformFunctions/TransformFunctions.c:1132:arm_cfft_f32	24	static
C:/Users/HanLab/AppData/Local/Arm/Packs/ARM/CMSIS/5.9.0/CMSIS/DSP/Source/TransformFunctions/TransformFunctions.c:61:arm_radix4_butterfly_f64	240	static
C:/Users/HanLab/AppData/Local/Arm/Packs/ARM/CMSIS/5.9.0/CMSIS/DSP/Source/TransformFunctions/TransformFunctions.c:195:arm_cfft_radix4by2_f64	136	static
C:/Users/HanLab/AppData/Local/Arm/Packs/ARM/CMSIS/5.9.0/CMSIS/DSP/Source/TransformFunctions/TransformFunctions.c:260:arm_cfft_f64	48	static
C:/Users/HanLab/AppData/Local/Arm/Packs/ARM/CMSIS/5.9.0/CMSIS/DSP/Source/TransformFunctions/TransformFunctions.c:639:arm_cfft_q15	16	static
C:/Users/HanLab/AppData/Local/Arm/Packs/ARM/CMSIS/5.9.0/CMSIS/DSP/Source/TransformFunctions/TransformFunctions.c:1017:arm_radix4_butterfly_inverse_q15	84	static
C:/Users/HanLab/AppData/Local/Arm/Packs/ARM/CMSIS/5.9.0/CMSIS/DSP/Source/TransformFunctions/TransformFunctions.c:795:arm_cfft_radix4by2_inverse_q15	32	static
C:/Users/HanLab/AppData/Local/Arm/Packs/ARM/CMSIS/5.9.0/CMSIS/DSP/Source/TransformFunctions/TransformFunctions.c:147:arm_radix4_butterfly_q15	84	static
C:/Users/HanLab/AppData/Local/Arm/Packs/ARM/CMSIS/5.9.0/CMSIS/DSP/Source/TransformFunctions/TransformFunctions.c:696:arm_cfft_radix4by2_q15	32	static
C:/Users/HanLab/AppData/Local/Arm/Packs/ARM/CMSIS/5.9.0/CMSIS/DSP/Source/TransformFunctions/TransformFunctions.c:671:arm_cfft_q31	16	static
C:/Users/HanLab/AppData/Local/Arm/Packs/ARM/CMSIS/5.9.0/CMSIS/DSP/Source/TransformFunctions/TransformFunctions.c:517:arm_radix4_butterfly_inverse_q31	132	static
C:/Users/HanLab/AppData/Local/Arm/Packs/ARM/CMSIS/5.9.0/CMSIS/DSP/Source/TransformFunctions/TransformFunctions.c:789:arm_cfft_radix4by2_inverse_q31	40	static
C:/Users/HanLab/AppData/Local/Arm/Packs/ARM/CMSIS/5.9.0/CMSIS/DSP/Source/TransformFunctions/TransformFunctions.c:145:arm_radix4_butterfly_q31	136	static
C:/Users/HanLab/AppData/Local/Arm/Packs/ARM/CMSIS/5.9.0/CMSIS/DSP/Source/TransformFunctions/TransformFunctions.c:728:arm_cfft_radix4by2_q31	48	static
C:/Users/HanLab/AppData/Local/Arm/Packs/ARM/CMSIS/5.9.0/CMSIS/DSP/Source/TransformFunctions/TransformFunctions.c:264:arm_cfft_init_f32	0	static
C:/Users/HanLab/AppData/Local/Arm/Packs/ARM/CMSIS/5.9.0/CMSIS/DSP/Source/TransformFunctions/TransformFunctions.c:57:arm_cfft_init_f64	0	static
C:/Users/HanLab/AppData/Local/Arm/Packs/ARM/CMSIS/5.9.0/CMSIS/DSP/Source/TransformFunctions/TransformFunctions.c:262:arm_cfft_init_q15	0	static
C:/Users/HanLab/AppData/Local/Arm/Packs/ARM/CMSIS/5.9.0/CMSIS/DSP/Source/TransformFunctions/TransformFunctions.c:262:arm_cfft_init_q31	0	static
C:/Users/HanLab/AppData/Local/Arm/Packs/ARM/CMSIS/5.9.0/CMSIS/DSP/Source/TransformFunctions/TransformFunctions.c:67:arm_cfft_radix2_f32	16	static
C:/Users/HanLab/AppData/Local/Arm/Packs/ARM/CMSIS/5.9.0/CMSIS/DSP/Source/TransformFunctions/TransformFunctions.c:281:arm_radix2_butterfly_inverse_f32	48	static
C:/Users/HanLab/AppData/Local/Arm/Packs/ARM/CMSIS/5.9.0/CMSIS/DSP/Source/TransformFunctions/TransformFunctions.c:113:arm_radix2_butterfly_f32	48	static
C:/Users/HanLab/AppData/Local/Arm/Packs/ARM/CMSIS/5.9.0/CMSIS/DSP/Source/TransformFunctions/TransformFunctions.c:66:arm_cfft_radix2_q15	16	static
C:/Users/HanLab/AppData/Local/Arm/Packs/ARM/CMSIS/5.9.0/CMSIS/DSP/Source/TransformFunctions/TransformFunctions.c:397:arm_radix2_butterfly_inverse_q15	72	static
C:/Users/HanLab/AppData/Local/Arm/Packs/ARM/CMSIS/5.9.0/CMSIS/DSP/Source/TransformFunctions/TransformFunctions.c:87:arm_radix2_butterfly_q15	72	static
C:/Users/HanLab/AppData/Local/Arm/Packs/ARM/CMSIS/5.9.0/CMSIS/DSP/Source/TransformFunctions/TransformFunctions.c:66:arm_cfft_radix2_q31	16	static
C:/Users/HanLab/AppData/Local/Arm/Packs/ARM/CMSIS/5.9.0/CMSIS/DSP/Source/TransformFunctions/TransformFunctions.c:217:arm_radix2_butterfly_inverse_q31	84	static
C:/Users/HanLab/AppData/Local/Arm/Packs/ARM/CMSIS/5.9.0/CMSIS/DSP/Source/TransformFunctions/TransformFunctions.c:89:arm_radix2_butterfly_q31	88	static
C:/Users/HanLab/AppData/Local/Arm/Packs/ARM/CMSIS/5.9.0/CMSIS/DSP/Source/TransformFunctions/TransformFunctions.c:71:arm_cfft_radix4_f32	16	static
C:/Users/HanLab/AppData/Local/Arm/Packs/ARM/CMSIS/5.9.0/CMSIS/DSP/Source/TransformFunctions/TransformFunctions.c:610:arm_radix4_butterfly_inverse_f32	68	static
C:/Users/HanLab/AppData/Local/Arm/Packs/ARM/CMSIS/5.9.0/CMSIS/DSP/Source/TransformFunctions/TransformFunctions.c:111:arm_radix4_butterfly_f32	68	static
C:/Users/HanLab/AppData/Local/Arm/Packs/ARM/CMSIS/5.9.0/CMSIS/DSP/Source/TransformFunctions/TransformFunctions.c:77:arm_cfft_radix4_q15	16	static
C:/Users/HanLab/AppData/Local/Arm/Packs/ARM/CMSIS/5.9.0/CMSIS/DSP/Source/TransformFunctions/TransformFunctions.c:75:arm_cfft_radix4_q31	16	static
C:/Users/HanLab/AppData/Local/Arm/Packs/ARM/CMSIS/5.9.0/CMSIS/DSP/Source/TransformFunctions/TransformFunctions.c:310:stage_rfft_f32	0	static
C:/Users/HanLab/AppData/Local/Arm/Packs/ARM/CMSIS/5.9.0/CMSIS/DSP/Source/TransformFunctions/TransformFunctions.c:399:merge_rfft_f32	8	static
C:/Users/HanLab/AppData/Local/Arm/Packs/ARM/CMSIS/5.9.0/CMSIS/DSP/Source/TransformFunctions/TransformFunctions.c:575:arm_rfft_fast_f32	24	static
C:/Users/HanLab/AppData/Local/Arm/Packs/ARM/CMSIS/5.9.0/CMSIS/DSP/Source/TransformFunctions/TransformFunctions.c:31:stage_rfft_f64	152	static
C:/Users/HanLab/AppData/Local/Arm/Packs/ARM/CMSIS/5.9.0/CMSIS/DSP/Source/TransformFunctions/TransformFunctions.c:118:merge_rfft_f64	160	static
C:/Users/HanLab/AppData/Local/Arm/Packs/ARM/CMSIS/5.9.0/CMSIS/DSP/Source/TransformFunctions/TransformFunctions.c:198:arm_rfft_fast_f64	24	static
C:/Users/HanLab/AppData/Local/Arm/Packs/ARM/CMSIS/5.9.0/CMSIS/DSP/Source/TransformFunctions/TransformFunctions.c:292:arm_rfft_fast_init_f32	0	static
C:/Users/HanLab/AppData/Local/Arm/Packs/ARM/CMSIS/5.9.0/CMSIS/DSP/Source/TransformFunctions/TransformFunctions.c:258:arm_rfft_4096_fast_init_f32	0	static
C:/Users/HanLab/AppData/Local/Arm/Packs/ARM/CMSIS/5.9.0/CMSIS/DSP/Source/TransformFunctions/TransformFunctions.c:229:arm_rfft_2048_fast_init_f32	0	static
C:/Users/HanLab/AppData/Local/Arm/Packs/ARM/CMSIS/5.9.0/CMSIS/DSP/Source/TransformFunctions/TransformFunctions.c:201:arm_rfft_1024_fast_init_f32	0	static
C:/Users/HanLab/AppData/Local/Arm/Packs/ARM/CMSIS/5.9.0/CMSIS/DSP/Source/TransformFunctions/TransformFunctions.c:172:arm_rfft_512_fast_init_f32	0	static
C:/Users/HanLab/AppData/Local/Arm/Packs/ARM/CMSIS/5.9.0/CMSIS/DSP/Source/TransformFunctions/TransformFunctions.c:142:arm_rfft_256_fast_init_f32	0	static
C:/Users/HanLab/AppData/Local/Arm/Packs/ARM/CMSIS/5.9.0/CMSIS/DSP/Source/TransformFunctions/TransformFunctions.c:112:arm_rfft_128_fast_init_f32	0	static
C:/Users/HanLab/AppData/Local/Arm/Packs/ARM/CMSIS/5.9.0/CMSIS/DSP/Source/TransformFunctions/TransformFunctions.c:82:arm_rfft_64_fast_init_f32	0	static
C:/Users/HanLab/AppData/Local/Arm/Packs/ARM/CMSIS/5.9.0/CMSIS/DSP/Source/TransformFunctions/TransformFunctions.c:52:arm_rfft_32_fast_init_f32	0	static
C:/Users/HanLab/AppData/Local/Arm/Packs/ARM/CMSIS/5.9.0/CMSIS/DSP/Source/TransformFunctions/TransformFunctions.c:284:arm_rfft_fast_init_f64	0	static
C:/Users/HanLab/AppData/Local/Arm/Packs/ARM/CMSIS/5.9.0/CMSIS/DSP/Source/TransformFunctions/TransformFunctions.c:250:arm_rfft_4096_fast_init_f64	0	static
C:/Users/HanLab/AppData/Local/Arm/Packs/ARM/CMSIS/5.9.0/CMSIS/DSP/Source/TransformFunctions/TransformFunctions.c:222:arm_rfft_2048_fast_init_f64	0	static
C:/Users/HanLab/AppData/Local/Arm/Packs/ARM/CMSIS/5.9.0/CMSIS/DSP/Source/TransformFunctions/TransformFunctions.c:195:arm_rfft_1024_fast_init_f64	0	static
C:/Users/HanLab/AppData/Local/Arm/Packs/ARM/CMSIS/5.9.0/CMSIS/DSP/Source/TransformFunctions/TransformFunctions.c:167:arm_rfft_512_fast_init_f64	0	static
C:/Users/HanLab/AppData/Local/Arm/Packs/ARM/CMSIS/5.9.0/CMSIS/DSP/Source/TransformFunctions/TransformFunctions.c:138:arm_rfft_256_fast_init_f64	0	static
C:/Users/HanLab/AppData/Local/Arm/Packs/ARM/CMSIS/5.9.0/CMSIS/DSP/Source/TransformFunctions/TransformFunctions.c:109:arm_rfft_128_fast_init_f64	0	static
C:/Users/HanLab/AppData/Local/Arm/Packs/ARM/CMSIS/5.9.0/CMSIS/DSP/Source/TransformFunctions/TransformFunctions.c:80:arm_rfft_64_fast_init_f64	0	static
C:/Users/HanLab/AppData/Local/Arm/Packs/ARM/CMSIS/5.9.0/CMSIS/DSP/Source/TransformFunctions/TransformFunctions.c:51:arm_rfft_32_fast_init_f64	0	static
C:/Users/HanLab/AppData/Local/Arm/Packs/ARM/CMSIS/5.9.0/CMSIS/DSP/Source/TransformFunctions/TransformFunctions.c:73:arm_mfcc_init_f32	16	static
C:/Users/HanLab/AppData/Local/Arm/Packs/ARM/CMSIS/5.9.0/CMSIS/DSP/Source/TransformFunctions/TransformFunctions.c:79:arm_mfcc_f32	64	static
C:/Users/HanLab/AppData/Local/Arm/Packs/ARM/CMSIS/5.9.0/CMSIS/DSP/Source/TransformFunctions/TransformFunctions.c:73:arm_mfcc_init_q31	16	static
C:/Users/HanLab/AppData/Local/Arm/Packs/ARM/CMSIS/5.9.0/CMSIS/DSP/Source/TransformFunctions/TransformFunctions.c:67:arm_rfft_init_q31	8	static
C:/Users/HanLab/AppData/Local/Arm/Packs/ARM/CMSIS/5.9.0/CMSIS/DSP/Source/TransformFunctions/TransformFunctions.c:86:arm_mfcc_q31	72	static
C:/Users/HanLab/AppData/Local/Arm/Packs/ARM/CMSIS/5.9.0/CMSIS/DSP/Source/TransformFunctions/TransformFunctions.c:83:arm_rfft_q31	32	static
C:/Users/HanLab/AppData/Local/Arm/Packs/ARM/CMSIS/5.9.0/CMSIS/DSP/Source/TransformFunctions/TransformFunctions.c:73:arm_mfcc_init_q15	16	static
C:/Users/HanLab/AppData/Local/Arm/Packs/ARM/CMSIS/5.9.0/CMSIS/DSP/Source/TransformFunctions/TransformFunctions.c:65:arm_rfft_init_q15	8	static
C:/Users/HanLab/AppData/Local/Arm/Packs/ARM/CMSIS/5.9.0/CMSIS/DSP/Source/TransformFunctions/TransformFunctions.c:85:arm_mfcc_q15	72	static
C:/Users/HanLab/AppData/Local/Arm/Packs/ARM/CMSIS/5.9.0/CMSIS/DSP/Source/TransformFunctions/TransformFunctions.c:82:arm_rfft_q15	32	static
C:/Users/HanLab/AppData/Local/Arm/Packs/ARM/CMSIS/5.9.0/CMSIS/DSP/Source/TransformFunctions/TransformFunctions.c:127:arm_dct4_f32	32	static
C:/Users/HanLab/AppData/Local/Arm/Packs/ARM/CMSIS/5.9.0/CMSIS/DSP/Source/TransformFunctions/TransformFunctions.c:97:arm_rfft_f32	32	static
C:/Users/HanLab/AppData/Local/Arm/Packs/ARM/CMSIS/5.9.0/CMSIS/DSP/Source/TransformFunctions/TransformFunctions.c:60:arm_dct4_init_f32	16	static
C:/Users/HanLab/AppData/Local/Arm/Packs/ARM/CMSIS/5.9.0/CMSIS/DSP/Source/TransformFunctions/TransformFunctions.c:67:arm_rfft_init_f32	16	static
C:/Users/HanLab/AppData/Local/Arm/Packs/ARM/CMSIS/5.9.0/CMSIS/DSP/Source/TransformFunctions/TransformFunctions.c:60:arm_dct4_init_q15	8	static
C:/Users/HanLab/AppData/Local/Arm/Packs/ARM/CMSIS/5.9.0/CMSIS/DSP/Source/TransformFunctions/TransformFunctions.c:60:arm_dct4_init_q31	8	static
C:/Users/HanLab/AppData/Local/Arm/Packs/ARM/CMSIS/5.9.0/CMSIS/DSP/Source/TransformFunctions/TransformFunctions.c:51:arm_dct4_q15	24	static
C:/Users/HanLab/AppData/Local/Arm/Packs/ARM/CMSIS/5.9.0/CMSIS/DSP/Source/TransformFunctions/TransformFunctions.c:54:arm_dct4_q31	32	static
C:/Users/HanLab/AppData/Local/Arm/Packs/ARM/CMSIS/5.9.0/CMSIS/DSP/Source/TransformFunctions/TransformFunctions.c:250:arm_split_rifft_f32	20	static
C:/Users/HanLab/AppData/Local/Arm/Packs/ARM/CMSIS/5.9.0/CMSIS/DSP/Source/TransformFunctions/TransformFunctions.c:154:arm_split_rfft_f32	48	static
C:/Users/HanLab/AppData/Local/Arm/Packs/ARM/CMSIS/5.9.0/CMSIS/DSP/Source/TransformFunctions/TransformFunctions.c:430:arm_split_rifft_q15	32	static
C:/Users/HanLab/AppData/Local/Arm/Packs/ARM/CMSIS/5.9.0/CMSIS/DSP/Source/TransformFunctions/TransformFunctions.c:210:arm_split_rfft_q15	48	static
C:/Users/HanLab/AppData/Local/Arm/Packs/ARM/CMSIS/5.9.0/CMSIS/DSP/Source/TransformFunctions/TransformFunctions.c:358:arm_split_rifft_q31	40	static
C:/Users/HanLab/AppData/Local/Arm/Packs/ARM/CMSIS/5.9.0/CMSIS/DSP/Source/TransformFunctions/TransformFunctions.c:204:arm_split_rfft_q31	60	static
C:/Users/HanLab/AppData/Local/Arm/Packs/ARM/CMSIS/5.9.0/CMSIS/DSP/Source/TransformFunctions/TransformFunctions.c:68:arm_cfft_radix4_init_f32	0	static
C:/Users/HanLab/AppData/Local/Arm/Packs/ARM/CMSIS/5.9.0/CMSIS/DSP/Source/TransformFunctions/TransformFunctions.c:70:arm_cfft_radix4_init_q15	0	static
C:/Users/HanLab/AppData/Local/Arm/Packs/ARM/CMSIS/5.9.0/CMSIS/DSP/Source/TransformFunctions/TransformFunctions.c:69:arm_cfft_radix4_init_q31	0	static
C:/Users/HanLab/AppData/Local/Arm/Packs/ARM/CMSIS/5.9.0/CMSIS/DSP/Source/TransformFunctions/TransformFunctions.c:68:arm_cfft_radix2_init_f32	0	static
C:/Users/HanLab/AppData/Local/Arm/Packs/ARM/CMSIS/5.9.0/CMSIS/DSP/Source/TransformFunctions/TransformFunctions.c:69:arm_cfft_radix2_init_q15	0	static
C:/Users/HanLab/AppData/Local/Arm/Packs/ARM/CMSIS/5.9.0/CMSIS/DSP/Source/TransformFunctions/TransformFunctions.c:68:arm_cfft_radix2_init_q31	0	static
